artefakti: C:\Users\mihaj\Desktop\master new\results\physical_fan\run_20260809T223805_fan01_cold-start-02
komande: condition <oznaka> [biljeska] | note <tekst> | stop
headless komande se mogu dopisati u: C:\Users\mihaj\Desktop\master new\results\physical_fan\live_commands_session02.txt
tokom WAIT i CAL ne mijenjaj normalno stanje ventilatora
I (1101) esp_psram: SPI SRAM memory test OK
I (1110) cpu_start: GPIO 44 and 43 are used as console UART I/O pins
I (1110) cpu_start: Pro cpu start user code
I (1110) cpu_start: cpu freq: 240000000 Hz
I (1112) app_init: Application information:
I (1116) app_init: Project name:     esp32s3_asd
I (1120) app_init: App version:      on-device-verified-29-g1c6ea37-
I (1126) app_init: Compile time:     Aug  9 2026 15:46:34
I (1132) app_init: ELF file SHA256:  4031440cb...
I (1136) app_init: ESP-IDF:          v5.5.5-34-g21f3b71cbbf
I (1141) efuse_init: Min chip rev:     v0.0
I (1145) efuse_init: Max chip rev:     v0.99 
I (1149) efuse_init: Chip rev:         v0.2
I (1153) heap_init: Initializing. RAM available for dynamic allocation:
I (1160) heap_init: At 3FCCFA68 len 00019CA8 (103 KiB): RAM
I (1165) heap_init: At 3FCE9710 len 00005724 (21 KiB): RAM
I (1170) heap_init: At 3FCF0000 len 00008000 (32 KiB): DRAM
I (1175) heap_init: At 600FE000 len 00001FE8 (7 KiB): RTCRAM
I (1181) esp_psram: Adding pool of 16384K of PSRAM memory to heap allocator
W (1188) spi_flash: Octal flash chip is using but dio mode is selected, will automatically switch to Octal mode
I (1197) spi_flash: detected chip: mxic (opi)
I (1201) spi_flash: flash io: opi_str
I (1205) sleep_gpio: Configure to isolate all GPIO pins in sleep state
I (1211) sleep_gpio: Enable automatic switching of GPIO sleep configuration
I (1218) main_task: Started on CPU0
I (1218) esp_psram: Reserving pool of 32K of internal memory for DMA/internal allocations
I (1228) main_task: Calling app_main()
I (1228) asd: PSRAM: 16777216 B
I (1238) asd: free heap: 16921839 B
W (1238) i2s_common: dma frame num is out of dma buffer size, limited to 1023
I (1918) psdlive: === SAMOSTALNI PSD DETEKTOR ===
I (1918) psdlive: model: 96 traka, matrica 96x96 iz flesa, naucen na 990 ispravnih ventilatora
I (1918) psdlive: 1) pusti ventilator koji radi NORMALNO
I (1918) psdlive: 2) kalibracija 10 x 10 s = 100 s - ne mijenjaj nista
I (1928) psdlive: 3) poslije toga izazovi kvar - uredjaj radi sam
WAIT 1/60 score=-16.92 spread=0.000 nivo=-16.9 dBFS cujem
WAIT 2/60 score=-38.85 spread=0.000 nivo=-38.9 dBFS cujem
WAIT 3/60 score=-63.23 spread=0.000 nivo=-63.2 dBFS tiho
WAIT 4/60 score=-63.85 spread=0.000 nivo=-63.8 dBFS tiho
WAIT 5/60 score=-63.51 spread=0.000 nivo=-63.5 dBFS tiho
WAIT 6/60 score=-64.83 spread=0.000 nivo=-64.8 dBFS tiho
WAIT 7/60 score=-60.75 spread=0.000 nivo=-60.8 dBFS tiho
WAIT 8/60 score=-59.22 spread=0.000 nivo=-59.2 dBFS cujem
WAIT 9/60 score=-62.10 spread=0.000 nivo=-62.1 dBFS tiho
WAIT 10/60 score=-59.86 spread=0.000 nivo=-59.9 dBFS cujem
WAIT 11/60 score=-64.18 spread=0.000 nivo=-64.2 dBFS tiho
WAIT 12/60 score=-61.62 spread=0.000 nivo=-61.6 dBFS tiho
WAIT 13/60 score=-64.79 spread=0.000 nivo=-64.8 dBFS tiho
WAIT 14/60 score=-64.25 spread=0.000 nivo=-64.3 dBFS tiho
WAIT 15/60 score=-64.05 spread=0.000 nivo=-64.1 dBFS tiho
WAIT 16/60 score=-64.97 spread=0.000 nivo=-65.0 dBFS tiho
WAIT 17/60 score=-64.29 spread=0.000 nivo=-64.3 dBFS tiho
WAIT 18/60 score=-64.93 spread=0.000 nivo=-64.9 dBFS tiho
WAIT 19/60 score=-65.19 spread=0.000 nivo=-65.2 dBFS tiho
WAIT 20/60 score=-64.47 spread=0.000 nivo=-64.5 dBFS tiho
WAIT 21/60 score=-66.41 spread=0.000 nivo=-66.4 dBFS tiho
WAIT 22/60 score=-65.39 spread=0.000 nivo=-65.4 dBFS tiho
WAIT 23/60 score=-65.01 spread=0.000 nivo=-65.0 dBFS tiho
WAIT 24/60 score=-65.28 spread=0.000 nivo=-65.3 dBFS tiho
WAIT 25/60 score=-63.32 spread=0.000 nivo=-63.3 dBFS tiho
WAIT 26/60 score=-64.00 spread=0.000 nivo=-64.0 dBFS tiho
WAIT 27/60 score=-66.22 spread=0.000 nivo=-66.2 dBFS tiho
WAIT 28/60 score=-64.97 spread=0.000 nivo=-65.0 dBFS tiho
WAIT 29/60 score=-65.01 spread=0.000 nivo=-65.0 dBFS tiho
WAIT 30/60 score=-67.22 spread=0.000 nivo=-67.2 dBFS tiho
WAIT 31/60 score=-66.99 spread=0.000 nivo=-67.0 dBFS tiho
WAIT 32/60 score=-66.64 spread=0.000 nivo=-66.6 dBFS tiho
WAIT 33/60 score=-67.60 spread=0.000 nivo=-67.6 dBFS tiho
WAIT 34/60 score=-65.90 spread=0.000 nivo=-65.9 dBFS tiho
WAIT 35/60 score=-66.91 spread=0.000 nivo=-66.9 dBFS tiho
WAIT 36/60 score=-61.21 spread=0.000 nivo=-61.2 dBFS tiho
WAIT 37/60 score=-59.11 spread=0.000 nivo=-59.1 dBFS cujem
WAIT 38/60 score=-60.08 spread=0.000 nivo=-60.1 dBFS tiho
WAIT 39/60 score=-59.29 spread=0.000 nivo=-59.3 dBFS cujem
WAIT 40/60 score=-60.94 spread=0.000 nivo=-60.9 dBFS tiho
WAIT 41/60 score=-62.19 spread=0.000 nivo=-62.2 dBFS tiho
WAIT 42/60 score=-62.15 spread=0.000 nivo=-62.2 dBFS tiho
WAIT 43/60 score=-63.21 spread=0.000 nivo=-63.2 dBFS tiho
WAIT 44/60 score=-64.63 spread=0.000 nivo=-64.6 dBFS tiho
WAIT 45/60 score=-64.61 spread=0.000 nivo=-64.6 dBFS tiho
WAIT 46/60 score=-64.02 spread=0.000 nivo=-64.0 dBFS tiho
WAIT 47/60 score=-64.76 spread=0.000 nivo=-64.8 dBFS tiho
WAIT 48/60 score=-64.24 spread=0.000 nivo=-64.2 dBFS tiho
WAIT 49/60 score=-64.05 spread=0.000 nivo=-64.1 dBFS tiho
WAIT 50/60 score=-64.08 spread=0.000 nivo=-64.1 dBFS tiho
WAIT 51/60 score=-64.75 spread=0.000 nivo=-64.8 dBFS tiho
WAIT 52/60 score=-65.12 spread=0.000 nivo=-65.1 dBFS tiho
WAIT 53/60 score=-63.97 spread=0.000 nivo=-64.0 dBFS tiho
WAIT 54/60 score=-65.97 spread=0.000 nivo=-66.0 dBFS tiho
WAIT 55/60 score=-63.53 spread=0.000 nivo=-63.5 dBFS tiho
WAIT 56/60 score=-63.38 spread=0.000 nivo=-63.4 dBFS tiho
WAIT 57/60 score=-62.60 spread=0.000 nivo=-62.6 dBFS tiho
WAIT 58/60 score=-64.06 spread=0.000 nivo=-64.1 dBFS tiho
WAIT 59/60 score=-61.75 spread=0.000 nivo=-61.7 dBFS tiho
WAIT 60/60 score=-63.59 spread=0.000 nivo=-63.6 dBFS tiho
W (16658) psdlive: mikrofon vecinu vremena nije cuo nista (6/60 iznad -60 dBFS) — kalibrisem svejedno, ali provjeri da ventilator radi
I (16668) psdlive: --- KALIBRACIJA: 10 klipova po 10 s ---
CAL  1/10 score=0.00000 nivo=-61.0 dBFS racun=704 ms
run zavrsen sa statusom completed_by_operator: C:\Users\mihaj\Desktop\master new\results\physical_fan\run_20260809T223805_fan01_cold-start-02
