2026-08-16T11:04:45.417+00:00	1.109	I (1108) esp_psram: SPI SRAM memory test OK
2026-08-16T11:04:45.426+00:00	1.125	I (1117) cpu_start: GPIO 44 and 43 are used as console UART I/O pins
2026-08-16T11:04:45.429+00:00	1.125	I (1117) cpu_start: Pro cpu start user code
2026-08-16T11:04:45.433+00:00	1.125	I (1117) cpu_start: cpu freq: 240000000 Hz
2026-08-16T11:04:45.438+00:00	1.140	I (1119) app_init: Application information:
2026-08-16T11:04:45.441+00:00	1.140	I (1123) app_init: Project name:     esp32s3_asd
2026-08-16T11:04:45.444+00:00	1.140	I (1127) app_init: App version:      on-device-verified-49-g35cc34f-
2026-08-16T11:04:45.448+00:00	1.140	I (1133) app_init: Compile time:     Aug 16 2026 12:58:32
2026-08-16T11:04:45.451+00:00	1.156	I (1139) app_init: ELF file SHA256:  a879eb9b8...
2026-08-16T11:04:45.456+00:00	1.156	I (1143) app_init: ESP-IDF:          v5.5.5-34-g21f3b71cbbf
2026-08-16T11:04:45.460+00:00	1.156	I (1148) efuse_init: Min chip rev:     v0.0
2026-08-16T11:04:45.464+00:00	1.156	I (1152) efuse_init: Max chip rev:     v0.99 
2026-08-16T11:04:45.468+00:00	1.172	I (1156) efuse_init: Chip rev:         v0.2
2026-08-16T11:04:45.474+00:00	1.172	I (1160) heap_init: Initializing. RAM available for dynamic allocation:
2026-08-16T11:04:45.480+00:00	1.172	I (1167) heap_init: At 3FCCFEF0 len 00019820 (102 KiB): RAM
2026-08-16T11:04:45.485+00:00	1.187	I (1172) heap_init: At 3FCE9710 len 00005724 (21 KiB): RAM
2026-08-16T11:04:45.490+00:00	1.187	I (1177) heap_init: At 3FCF0000 len 00008000 (32 KiB): DRAM
2026-08-16T11:04:45.495+00:00	1.187	I (1182) heap_init: At 600FE000 len 00001FE8 (7 KiB): RTCRAM
2026-08-16T11:04:45.503+00:00	1.203	I (1188) esp_psram: Adding pool of 16384K of PSRAM memory to heap allocator
2026-08-16T11:04:45.514+00:00	1.218	W (1195) spi_flash: Octal flash chip is using but dio mode is selected, will automatically switch to Octal mode
2026-08-16T11:04:45.517+00:00	1.218	I (1204) spi_flash: detected chip: mxic (opi)
2026-08-16T11:04:45.520+00:00	1.218	I (1208) spi_flash: flash io: opi_str
2026-08-16T11:04:45.526+00:00	1.218	I (1212) sleep_gpio: Configure to isolate all GPIO pins in sleep state
2026-08-16T11:04:45.533+00:00	1.234	I (1218) sleep_gpio: Enable automatic switching of GPIO sleep configuration
2026-08-16T11:04:45.536+00:00	1.234	I (1225) main_task: Started on CPU0
2026-08-16T11:04:45.544+00:00	1.234	I (1225) esp_psram: Reserving pool of 32K of internal memory for DMA/internal allocations
2026-08-16T11:04:45.547+00:00	1.250	I (1235) main_task: Calling app_main()
2026-08-16T11:04:45.550+00:00	1.250	I (1235) asd: PSRAM: 16777216 B
2026-08-16T11:04:45.553+00:00	1.250	I (1245) asd: free heap: 16920679 B
2026-08-16T11:04:45.557+00:00	1.250	I (1245) asd: I2C idle: SDA=1 SCL=1
2026-08-16T11:04:45.561+00:00	1.265	I (1255) asd: I2C poslije probe: SDA=1 SCL=1
2026-08-16T11:04:45.567+00:00	1.265	E (1255) asd: INA226 nije pronadjen na adresama 0x40-0x4F
2026-08-16T11:04:45.573+00:00	1.265	W (1255) i2s_common: dma frame num is out of dma buffer size, limited to 1023
2026-08-16T11:04:46.243+00:00	1.937	FLAGS protocol=asd-quality-v1.3.0 mode=IDLE state=NO_MACHINE waiting=1 learning=0 learned=0 anomaly=0 fault=0 green=flash_2s red=off
2026-08-16T11:04:46.247+00:00	1.937	I (1935) psdlive: === SAMOSTALNI PSD DETEKTOR ===
2026-08-16T11:04:46.255+00:00	1.953	I (1935) psdlive: model: 96 traka, matrica 96x96 iz flesa, naucen na 990 normalnih snimaka ventilatora
2026-08-16T11:04:46.259+00:00	1.953	I (1945) psdlive: 1) pusti ventilator koji radi NORMALNO
2026-08-16T11:04:46.270+00:00	1.968	I (1955) psdlive: 2) pritisni taster ILI posalji PRESS sa konzole -> ucenje 10 x 10 s = 100 s, lampica treperi
2026-08-16T11:04:46.277+00:00	1.968	I (1965) psdlive: 3) lampica stalno svijetli = naucio; tek tada izazovi kvar
2026-08-16T11:04:46.285+00:00	1.984	I (1965) psdlive: pritisni taster (GPIO10) ili posalji PRESS da pocne ucenje
2026-08-16T11:04:51.259+00:00	6.953	FLAGS protocol=asd-quality-v1.3.0 mode=IDLE state=NO_MACHINE waiting=1 learning=0 learned=0 anomaly=0 fault=0 green=flash_2s red=off
2026-08-16T11:04:56.270+00:00	11.968	FLAGS protocol=asd-quality-v1.3.0 mode=IDLE state=NO_MACHINE waiting=1 learning=0 learned=0 anomaly=0 fault=0 green=flash_2s red=off
2026-08-16T11:05:01.259+00:00	16.953	FLAGS protocol=asd-quality-v1.3.0 mode=IDLE state=NO_MACHINE waiting=1 learning=0 learned=0 anomaly=0 fault=0 green=flash_2s red=off
2026-08-16T11:05:06.259+00:00	21.953	FLAGS protocol=asd-quality-v1.3.0 mode=IDLE state=NO_MACHINE waiting=1 learning=0 learned=0 anomaly=0 fault=0 green=flash_2s red=off
2026-08-16T11:05:11.260+00:00	26.953	FLAGS protocol=asd-quality-v1.3.0 mode=IDLE state=NO_MACHINE waiting=1 learning=0 learned=0 anomaly=0 fault=0 green=flash_2s red=off
2026-08-16T11:05:16.260+00:00	31.953	FLAGS protocol=asd-quality-v1.3.0 mode=IDLE state=NO_MACHINE waiting=1 learning=0 learned=0 anomaly=0 fault=0 green=flash_2s red=off
2026-08-16T11:05:21.260+00:00	36.953	FLAGS protocol=asd-quality-v1.3.0 mode=IDLE state=NO_MACHINE waiting=1 learning=0 learned=0 anomaly=0 fault=0 green=flash_2s red=off
2026-08-16T11:05:26.260+00:00	41.953	FLAGS protocol=asd-quality-v1.3.0 mode=IDLE state=NO_MACHINE waiting=1 learning=0 learned=0 anomaly=0 fault=0 green=flash_2s red=off
2026-08-16T11:05:31.260+00:00	46.953	FLAGS protocol=asd-quality-v1.3.0 mode=IDLE state=NO_MACHINE waiting=1 learning=0 learned=0 anomaly=0 fault=0 green=flash_2s red=off
2026-08-16T11:05:36.260+00:00	51.953	FLAGS protocol=asd-quality-v1.3.0 mode=IDLE state=NO_MACHINE waiting=1 learning=0 learned=0 anomaly=0 fault=0 green=flash_2s red=off
2026-08-16T11:05:41.260+00:00	56.953	FLAGS protocol=asd-quality-v1.3.0 mode=IDLE state=NO_MACHINE waiting=1 learning=0 learned=0 anomaly=0 fault=0 green=flash_2s red=off
2026-08-16T11:05:46.260+00:00	61.953	FLAGS protocol=asd-quality-v1.3.0 mode=IDLE state=NO_MACHINE waiting=1 learning=0 learned=0 anomaly=0 fault=0 green=flash_2s red=off
2026-08-16T11:05:51.260+00:00	66.953	FLAGS protocol=asd-quality-v1.3.0 mode=IDLE state=NO_MACHINE waiting=1 learning=0 learned=0 anomaly=0 fault=0 green=flash_2s red=off
2026-08-16T11:05:56.260+00:00	71.953	FLAGS protocol=asd-quality-v1.3.0 mode=IDLE state=NO_MACHINE waiting=1 learning=0 learned=0 anomaly=0 fault=0 green=flash_2s red=off
2026-08-16T11:06:01.260+00:00	76.953	FLAGS protocol=asd-quality-v1.3.0 mode=IDLE state=NO_MACHINE waiting=1 learning=0 learned=0 anomaly=0 fault=0 green=flash_2s red=off
2026-08-16T11:06:06.259+00:00	81.953	FLAGS protocol=asd-quality-v1.3.0 mode=IDLE state=NO_MACHINE waiting=1 learning=0 learned=0 anomaly=0 fault=0 green=flash_2s red=off
2026-08-16T11:06:11.260+00:00	86.953	FLAGS protocol=asd-quality-v1.3.0 mode=IDLE state=NO_MACHINE waiting=1 learning=0 learned=0 anomaly=0 fault=0 green=flash_2s red=off
2026-08-16T11:06:16.261+00:00	91.953	FLAGS protocol=asd-quality-v1.3.0 mode=IDLE state=NO_MACHINE waiting=1 learning=0 learned=0 anomaly=0 fault=0 green=flash_2s red=off
2026-08-16T11:06:21.260+00:00	96.953	FLAGS protocol=asd-quality-v1.3.0 mode=IDLE state=NO_MACHINE waiting=1 learning=0 learned=0 anomaly=0 fault=0 green=flash_2s red=off
2026-08-16T11:06:23.281+00:00	98.984	VBUTTON protocol=asd-quality-v1.3.0 source=console event=SHORT result=accepted
2026-08-16T11:06:23.285+00:00	98.984	BUTTON protocol=asd-quality-v1.3.0 event=SHORT mode=IDLE command=START_LEARNING discards=0
2026-08-16T11:06:23.292+00:00	98.984	SESSION protocol=asd-quality-v1.3.0 action=STARTED source=BUTTON reason=OPERATOR_REQUEST discards_calibration=0
2026-08-16T11:06:23.300+00:00	99.000	STATE protocol=asd-quality-v1.3.0 from=NO_MACHINE to=NO_MACHINE reason=BOOT_FAIL_CLOSED
2026-08-16T11:06:23.313+00:00	99.015	FLAGS protocol=asd-quality-v1.3.0 mode=LEARNING state=NO_MACHINE waiting=0 learning=1 learned=0 anomaly=0 fault=0 green=blink_5hz red=off
2026-08-16T11:06:23.317+00:00	99.015	I (99005) psdlive: odbacen ustajali zvuk iz cekanja: 31104 uzoraka
2026-08-16T11:06:23.548+00:00	99.250	QUALITY protocol=asd-quality-v1.3.0 phase=WAIT index=1 total=60 result=OK metrics_valid=1 samples=4096 expected=4096 rms_dbfs=-45.811 dc=-0.933 peak=446 clipped=0 zeros=6 stuck=30 dropped_delta=0 feature_valid=0 tonalness_valid=0 tonalness_proxy=0.000000 tonal_gate=not_computed
2026-08-16T11:06:23.551+00:00	99.250	WAIT 1/60 score=-45.81 spread=0.000 nivo=-45.8 dBFS cujem
2026-08-16T11:06:23.802+00:00	99.500	QUALITY protocol=asd-quality-v1.3.0 phase=WAIT index=2 total=60 result=OK metrics_valid=1 samples=4096 expected=4096 rms_dbfs=-45.709 dc=-4.132 peak=446 clipped=0 zeros=5 stuck=24 dropped_delta=0 feature_valid=0 tonalness_valid=0 tonalness_proxy=0.000000 tonal_gate=not_computed
2026-08-16T11:06:23.805+00:00	99.500	WAIT 2/60 score=-45.71 spread=0.000 nivo=-45.7 dBFS cujem
2026-08-16T11:06:24.058+00:00	99.750	QUALITY protocol=asd-quality-v1.3.0 phase=WAIT index=3 total=60 result=OK metrics_valid=1 samples=4096 expected=4096 rms_dbfs=-45.481 dc=2.419 peak=448 clipped=0 zeros=7 stuck=19 dropped_delta=0 feature_valid=0 tonalness_valid=0 tonalness_proxy=0.000000 tonal_gate=not_computed
2026-08-16T11:06:24.109+00:00	99.812	WAIT 3/60 score=-45.48 spread=0.000 nivo=-45.5 dBFS cujem
2026-08-16T11:06:24.315+00:00	100.015	QUALITY protocol=asd-quality-v1.3.0 phase=WAIT index=4 total=60 result=OK metrics_valid=1 samples=4096 expected=4096 rms_dbfs=-45.497 dc=0.594 peak=451 clipped=0 zeros=11 stuck=34 dropped_delta=0 feature_valid=0 tonalness_valid=0 tonalness_proxy=0.000000 tonal_gate=not_computed
2026-08-16T11:06:24.318+00:00	100.015	WAIT 4/60 score=-45.50 spread=0.000 nivo=-45.5 dBFS cujem
2026-08-16T11:06:24.570+00:00	100.265	QUALITY protocol=asd-quality-v1.3.0 phase=WAIT index=5 total=60 result=OK metrics_valid=1 samples=4096 expected=4096 rms_dbfs=-45.681 dc=-4.875 peak=452 clipped=0 zeros=8 stuck=20 dropped_delta=0 feature_valid=0 tonalness_valid=0 tonalness_proxy=0.000000 tonal_gate=not_computed
2026-08-16T11:06:24.574+00:00	100.265	WAIT 5/60 score=-45.68 spread=0.000 nivo=-45.7 dBFS cujem
2026-08-16T11:06:24.826+00:00	100.531	QUALITY protocol=asd-quality-v1.3.0 phase=WAIT index=6 total=60 result=OK metrics_valid=1 samples=4096 expected=4096 rms_dbfs=-45.710 dc=2.090 peak=452 clipped=0 zeros=13 stuck=28 dropped_delta=0 feature_valid=0 tonalness_valid=0 tonalness_proxy=0.000000 tonal_gate=not_computed
2026-08-16T11:06:24.829+00:00	100.531	WAIT 6/60 score=-45.71 spread=0.000 nivo=-45.7 dBFS cujem
2026-08-16T11:06:25.082+00:00	100.781	QUALITY protocol=asd-quality-v1.3.0 phase=WAIT index=7 total=60 result=OK metrics_valid=1 samples=4096 expected=4096 rms_dbfs=-45.727 dc=1.635 peak=436 clipped=0 zeros=13 stuck=29 dropped_delta=0 feature_valid=0 tonalness_valid=0 tonalness_proxy=0.000000 tonal_gate=not_computed
2026-08-16T11:06:25.086+00:00	100.781	WAIT 7/60 score=-45.73 spread=0.000 nivo=-45.7 dBFS cujem
2026-08-16T11:06:25.337+00:00	101.031	QUALITY protocol=asd-quality-v1.3.0 phase=WAIT index=8 total=60 result=OK metrics_valid=1 samples=4096 expected=4096 rms_dbfs=-45.873 dc=-1.751 peak=447 clipped=0 zeros=5 stuck=27 dropped_delta=0 feature_valid=0 tonalness_valid=0 tonalness_proxy=0.000000 tonal_gate=not_computed
2026-08-16T11:06:25.341+00:00	101.031	WAIT 8/60 score=-45.87 spread=0.000 nivo=-45.9 dBFS cujem
2026-08-16T11:06:25.593+00:00	101.297	QUALITY protocol=asd-quality-v1.3.0 phase=WAIT index=9 total=60 result=OK metrics_valid=1 samples=4096 expected=4096 rms_dbfs=-46.059 dc=1.597 peak=464 clipped=0 zeros=10 stuck=30 dropped_delta=0 feature_valid=0 tonalness_valid=0 tonalness_proxy=0.000000 tonal_gate=not_computed
2026-08-16T11:06:25.595+00:00	101.297	WAIT 9/60 score=-46.06 spread=0.000 nivo=-46.1 dBFS cujem
2026-08-16T11:06:25.850+00:00	101.547	QUALITY protocol=asd-quality-v1.3.0 phase=WAIT index=10 total=60 result=OK metrics_valid=1 samples=4096 expected=4096 rms_dbfs=-46.113 dc=-0.062 peak=432 clipped=0 zeros=13 stuck=25 dropped_delta=0 feature_valid=0 tonalness_valid=0 tonalness_proxy=0.000000 tonal_gate=not_computed
2026-08-16T11:06:25.854+00:00	101.547	WAIT 10/60 score=-46.11 spread=0.000 nivo=-46.1 dBFS cujem
2026-08-16T11:06:26.106+00:00	101.797	QUALITY protocol=asd-quality-v1.3.0 phase=WAIT index=11 total=60 result=OK metrics_valid=1 samples=4096 expected=4096 rms_dbfs=-46.187 dc=-4.862 peak=455 clipped=0 zeros=15 stuck=24 dropped_delta=0 feature_valid=0 tonalness_valid=0 tonalness_proxy=0.000000 tonal_gate=not_computed
2026-08-16T11:06:26.109+00:00	101.812	WAIT 11/60 score=-46.19 spread=0.000 nivo=-46.2 dBFS cujem
2026-08-16T11:06:26.361+00:00	102.062	QUALITY protocol=asd-quality-v1.3.0 phase=WAIT index=12 total=60 result=OK metrics_valid=1 samples=4096 expected=4096 rms_dbfs=-45.877 dc=1.493 peak=451 clipped=0 zeros=6 stuck=32 dropped_delta=0 feature_valid=0 tonalness_valid=0 tonalness_proxy=0.000000 tonal_gate=not_computed
2026-08-16T11:06:26.365+00:00	102.062	WAIT 12/60 score=-45.88 spread=0.000 nivo=-45.9 dBFS cujem
2026-08-16T11:06:26.617+00:00	102.312	QUALITY protocol=asd-quality-v1.3.0 phase=WAIT index=13 total=60 result=OK metrics_valid=1 samples=4096 expected=4096 rms_dbfs=-45.767 dc=1.010 peak=458 clipped=0 zeros=6 stuck=33 dropped_delta=0 feature_valid=0 tonalness_valid=0 tonalness_proxy=0.000000 tonal_gate=not_computed
2026-08-16T11:06:26.620+00:00	102.312	WAIT 13/60 score=-45.77 spread=0.000 nivo=-45.8 dBFS cujem
2026-08-16T11:06:26.871+00:00	102.562	QUALITY protocol=asd-quality-v1.3.0 phase=WAIT index=14 total=60 result=OK metrics_valid=1 samples=4096 expected=4096 rms_dbfs=-46.006 dc=-2.504 peak=434 clipped=0 zeros=9 stuck=26 dropped_delta=0 feature_valid=0 tonalness_valid=0 tonalness_proxy=0.000000 tonal_gate=not_computed
2026-08-16T11:06:26.874+00:00	102.578	WAIT 14/60 score=-46.01 spread=0.000 nivo=-46.0 dBFS cujem
2026-08-16T11:06:27.127+00:00	102.828	QUALITY protocol=asd-quality-v1.3.0 phase=WAIT index=15 total=60 result=OK metrics_valid=1 samples=4096 expected=4096 rms_dbfs=-46.040 dc=0.975 peak=453 clipped=0 zeros=7 stuck=26 dropped_delta=0 feature_valid=0 tonalness_valid=0 tonalness_proxy=0.000000 tonal_gate=not_computed
2026-08-16T11:06:27.130+00:00	102.828	WAIT 15/60 score=-46.04 spread=0.000 nivo=-46.0 dBFS cujem
2026-08-16T11:06:27.384+00:00	103.078	QUALITY protocol=asd-quality-v1.3.0 phase=WAIT index=16 total=60 result=OK metrics_valid=1 samples=4096 expected=4096 rms_dbfs=-46.023 dc=-1.085 peak=428 clipped=0 zeros=5 stuck=33 dropped_delta=0 feature_valid=0 tonalness_valid=0 tonalness_proxy=0.000000 tonal_gate=not_computed
2026-08-16T11:06:27.387+00:00	103.078	WAIT 16/60 score=-46.02 spread=0.000 nivo=-46.0 dBFS cujem
2026-08-16T11:06:27.639+00:00	103.343	QUALITY protocol=asd-quality-v1.3.0 phase=WAIT index=17 total=60 result=OK metrics_valid=1 samples=4096 expected=4096 rms_dbfs=-46.248 dc=-1.215 peak=425 clipped=0 zeros=8 stuck=24 dropped_delta=0 feature_valid=0 tonalness_valid=0 tonalness_proxy=0.000000 tonal_gate=not_computed
2026-08-16T11:06:27.642+00:00	103.343	WAIT 17/60 score=-46.25 spread=0.000 nivo=-46.2 dBFS cujem
2026-08-16T11:06:27.895+00:00	103.593	QUALITY protocol=asd-quality-v1.3.0 phase=WAIT index=18 total=60 result=OK metrics_valid=1 samples=4096 expected=4096 rms_dbfs=-46.145 dc=2.208 peak=440 clipped=0 zeros=10 stuck=26 dropped_delta=0 feature_valid=0 tonalness_valid=0 tonalness_proxy=0.000000 tonal_gate=not_computed
2026-08-16T11:06:27.898+00:00	103.593	WAIT 18/60 score=-46.15 spread=0.000 nivo=-46.1 dBFS cujem
2026-08-16T11:06:28.152+00:00	103.843	QUALITY protocol=asd-quality-v1.3.0 phase=WAIT index=19 total=60 result=OK metrics_valid=1 samples=4096 expected=4096 rms_dbfs=-45.922 dc=-0.898 peak=476 clipped=0 zeros=8 stuck=30 dropped_delta=0 feature_valid=0 tonalness_valid=0 tonalness_proxy=0.000000 tonal_gate=not_computed
2026-08-16T11:06:28.156+00:00	103.859	WAIT 19/60 score=-45.92 spread=0.000 nivo=-45.9 dBFS cujem
2026-08-16T11:06:28.310+00:00	104.000	FLAGS protocol=asd-quality-v1.3.0 mode=LEARNING state=NO_MACHINE waiting=0 learning=1 learned=0 anomaly=0 fault=0 green=blink_5hz red=off
2026-08-16T11:06:28.406+00:00	104.109	QUALITY protocol=asd-quality-v1.3.0 phase=WAIT index=20 total=60 result=OK metrics_valid=1 samples=4096 expected=4096 rms_dbfs=-45.720 dc=-1.764 peak=440 clipped=0 zeros=8 stuck=23 dropped_delta=0 feature_valid=0 tonalness_valid=0 tonalness_proxy=0.000000 tonal_gate=not_computed
2026-08-16T11:06:28.409+00:00	104.109	WAIT 20/60 score=-45.72 spread=0.000 nivo=-45.7 dBFS cujem
2026-08-16T11:06:28.662+00:00	104.359	QUALITY protocol=asd-quality-v1.3.0 phase=WAIT index=21 total=60 result=OK metrics_valid=1 samples=4096 expected=4096 rms_dbfs=-45.979 dc=0.658 peak=442 clipped=0 zeros=8 stuck=29 dropped_delta=0 feature_valid=0 tonalness_valid=0 tonalness_proxy=0.000000 tonal_gate=not_computed
2026-08-16T11:06:28.665+00:00	104.359	WAIT 21/60 score=-45.98 spread=0.000 nivo=-46.0 dBFS cujem
2026-08-16T11:06:28.919+00:00	104.609	QUALITY protocol=asd-quality-v1.3.0 phase=WAIT index=22 total=60 result=OK metrics_valid=1 samples=4096 expected=4096 rms_dbfs=-46.024 dc=0.092 peak=454 clipped=0 zeros=8 stuck=31 dropped_delta=0 feature_valid=0 tonalness_valid=0 tonalness_proxy=0.000000 tonal_gate=not_computed
2026-08-16T11:06:28.922+00:00	104.625	WAIT 22/60 score=-46.02 spread=0.000 nivo=-46.0 dBFS cujem
2026-08-16T11:06:29.173+00:00	104.875	QUALITY protocol=asd-quality-v1.3.0 phase=WAIT index=23 total=60 result=OK metrics_valid=1 samples=4096 expected=4096 rms_dbfs=-46.031 dc=-2.839 peak=477 clipped=0 zeros=8 stuck=24 dropped_delta=0 feature_valid=0 tonalness_valid=0 tonalness_proxy=0.000000 tonal_gate=not_computed
2026-08-16T11:06:29.177+00:00	104.875	WAIT 23/60 score=-46.03 spread=0.000 nivo=-46.0 dBFS cujem
2026-08-16T11:06:29.429+00:00	105.125	QUALITY protocol=asd-quality-v1.3.0 phase=WAIT index=24 total=60 result=OK metrics_valid=1 samples=4096 expected=4096 rms_dbfs=-46.257 dc=2.302 peak=439 clipped=0 zeros=8 stuck=23 dropped_delta=0 feature_valid=0 tonalness_valid=0 tonalness_proxy=0.000000 tonal_gate=not_computed
2026-08-16T11:06:29.433+00:00	105.125	WAIT 24/60 score=-46.26 spread=0.000 nivo=-46.3 dBFS cujem
2026-08-16T11:06:29.687+00:00	105.390	QUALITY protocol=asd-quality-v1.3.0 phase=WAIT index=25 total=60 result=OK metrics_valid=1 samples=4096 expected=4096 rms_dbfs=-46.322 dc=-3.008 peak=425 clipped=0 zeros=7 stuck=23 dropped_delta=0 feature_valid=0 tonalness_valid=0 tonalness_proxy=0.000000 tonal_gate=not_computed
2026-08-16T11:06:29.690+00:00	105.390	WAIT 25/60 score=-46.32 spread=0.000 nivo=-46.3 dBFS cujem
2026-08-16T11:06:29.941+00:00	105.640	QUALITY protocol=asd-quality-v1.3.0 phase=WAIT index=26 total=60 result=OK metrics_valid=1 samples=4096 expected=4096 rms_dbfs=-46.189 dc=-0.068 peak=437 clipped=0 zeros=9 stuck=23 dropped_delta=0 feature_valid=0 tonalness_valid=0 tonalness_proxy=0.000000 tonal_gate=not_computed
2026-08-16T11:06:29.944+00:00	105.640	WAIT 26/60 score=-46.19 spread=0.000 nivo=-46.2 dBFS cujem
2026-08-16T11:06:30.197+00:00	105.890	QUALITY protocol=asd-quality-v1.3.0 phase=WAIT index=27 total=60 result=OK metrics_valid=1 samples=4096 expected=4096 rms_dbfs=-46.095 dc=1.010 peak=454 clipped=0 zeros=10 stuck=27 dropped_delta=0 feature_valid=0 tonalness_valid=0 tonalness_proxy=0.000000 tonal_gate=not_computed
2026-08-16T11:06:30.201+00:00	105.906	WAIT 27/60 score=-46.10 spread=0.000 nivo=-46.1 dBFS cujem
2026-08-16T11:06:30.453+00:00	106.156	QUALITY protocol=asd-quality-v1.3.0 phase=WAIT index=28 total=60 result=OK metrics_valid=1 samples=4096 expected=4096 rms_dbfs=-46.276 dc=-1.812 peak=427 clipped=0 zeros=8 stuck=30 dropped_delta=0 feature_valid=0 tonalness_valid=0 tonalness_proxy=0.000000 tonal_gate=not_computed
2026-08-16T11:06:30.457+00:00	106.156	WAIT 28/60 score=-46.28 spread=0.000 nivo=-46.3 dBFS cujem
2026-08-16T11:06:30.708+00:00	106.406	QUALITY protocol=asd-quality-v1.3.0 phase=WAIT index=29 total=60 result=OK metrics_valid=1 samples=4096 expected=4096 rms_dbfs=-46.445 dc=2.113 peak=429 clipped=0 zeros=6 stuck=19 dropped_delta=0 feature_valid=0 tonalness_valid=0 tonalness_proxy=0.000000 tonal_gate=not_computed
2026-08-16T11:06:30.711+00:00	106.406	WAIT 29/60 score=-46.44 spread=0.000 nivo=-46.4 dBFS cujem
2026-08-16T11:06:30.963+00:00	106.656	QUALITY protocol=asd-quality-v1.3.0 phase=WAIT index=30 total=60 result=OK metrics_valid=1 samples=4096 expected=4096 rms_dbfs=-46.520 dc=-3.004 peak=430 clipped=0 zeros=8 stuck=23 dropped_delta=0 feature_valid=0 tonalness_valid=0 tonalness_proxy=0.000000 tonal_gate=not_computed
2026-08-16T11:06:30.967+00:00	106.672	WAIT 30/60 score=-46.52 spread=0.000 nivo=-46.5 dBFS cujem
2026-08-16T11:06:31.221+00:00	106.922	QUALITY protocol=asd-quality-v1.3.0 phase=WAIT index=31 total=60 result=OK metrics_valid=1 samples=4096 expected=4096 rms_dbfs=-46.510 dc=0.799 peak=450 clipped=0 zeros=8 stuck=26 dropped_delta=0 feature_valid=0 tonalness_valid=0 tonalness_proxy=0.000000 tonal_gate=not_computed
2026-08-16T11:06:31.224+00:00	106.922	WAIT 31/60 score=-46.51 spread=0.000 nivo=-46.5 dBFS cujem
2026-08-16T11:06:31.477+00:00	107.172	QUALITY protocol=asd-quality-v1.3.0 phase=WAIT index=32 total=60 result=OK metrics_valid=1 samples=4096 expected=4096 rms_dbfs=-46.391 dc=-1.065 peak=433 clipped=0 zeros=13 stuck=26 dropped_delta=0 feature_valid=0 tonalness_valid=0 tonalness_proxy=0.000000 tonal_gate=not_computed
2026-08-16T11:06:31.480+00:00	107.172	WAIT 32/60 score=-46.39 spread=0.000 nivo=-46.4 dBFS cujem
2026-08-16T11:06:31.730+00:00	107.422	QUALITY protocol=asd-quality-v1.3.0 phase=WAIT index=33 total=60 result=OK metrics_valid=1 samples=4096 expected=4096 rms_dbfs=-46.702 dc=0.881 peak=441 clipped=0 zeros=8 stuck=27 dropped_delta=0 feature_valid=0 tonalness_valid=0 tonalness_proxy=0.000000 tonal_gate=not_computed
2026-08-16T11:06:31.734+00:00	107.437	WAIT 33/60 score=-46.70 spread=0.000 nivo=-46.7 dBFS cujem
2026-08-16T11:06:31.988+00:00	107.687	QUALITY protocol=asd-quality-v1.3.0 phase=WAIT index=34 total=60 result=OK metrics_valid=1 samples=4096 expected=4096 rms_dbfs=-46.625 dc=-1.053 peak=443 clipped=0 zeros=12 stuck=28 dropped_delta=0 feature_valid=0 tonalness_valid=0 tonalness_proxy=0.000000 tonal_gate=not_computed
2026-08-16T11:06:31.992+00:00	107.687	WAIT 34/60 score=-46.62 spread=0.000 nivo=-46.6 dBFS cujem
2026-08-16T11:06:32.242+00:00	107.937	QUALITY protocol=asd-quality-v1.3.0 phase=WAIT index=35 total=60 result=OK metrics_valid=1 samples=4096 expected=4096 rms_dbfs=-46.691 dc=0.675 peak=421 clipped=0 zeros=8 stuck=25 dropped_delta=0 feature_valid=0 tonalness_valid=0 tonalness_proxy=0.000000 tonal_gate=not_computed
2026-08-16T11:06:32.245+00:00	107.937	WAIT 35/60 score=-46.69 spread=0.000 nivo=-46.7 dBFS cujem
2026-08-16T11:06:32.499+00:00	108.203	QUALITY protocol=asd-quality-v1.3.0 phase=WAIT index=36 total=60 result=OK metrics_valid=1 samples=4096 expected=4096 rms_dbfs=-46.939 dc=-1.403 peak=413 clipped=0 zeros=8 stuck=32 dropped_delta=0 feature_valid=0 tonalness_valid=0 tonalness_proxy=0.000000 tonal_gate=not_computed
2026-08-16T11:06:32.502+00:00	108.203	WAIT 36/60 score=-46.94 spread=0.000 nivo=-46.9 dBFS cujem
2026-08-16T11:06:32.755+00:00	108.453	QUALITY protocol=asd-quality-v1.3.0 phase=WAIT index=37 total=60 result=OK metrics_valid=1 samples=4096 expected=4096 rms_dbfs=-46.764 dc=0.043 peak=402 clipped=0 zeros=14 stuck=26 dropped_delta=0 feature_valid=0 tonalness_valid=0 tonalness_proxy=0.000000 tonal_gate=not_computed
2026-08-16T11:06:32.759+00:00	108.453	WAIT 37/60 score=-46.76 spread=0.000 nivo=-46.8 dBFS cujem
2026-08-16T11:06:33.009+00:00	108.703	QUALITY protocol=asd-quality-v1.3.0 phase=WAIT index=38 total=60 result=OK metrics_valid=1 samples=4096 expected=4096 rms_dbfs=-46.873 dc=-3.272 peak=394 clipped=0 zeros=10 stuck=32 dropped_delta=0 feature_valid=0 tonalness_valid=0 tonalness_proxy=0.000000 tonal_gate=not_computed
2026-08-16T11:06:33.013+00:00	108.718	WAIT 38/60 score=-46.87 spread=0.000 nivo=-46.9 dBFS cujem
2026-08-16T11:06:33.265+00:00	108.968	QUALITY protocol=asd-quality-v1.3.0 phase=WAIT index=39 total=60 result=OK metrics_valid=1 samples=4096 expected=4096 rms_dbfs=-46.612 dc=3.015 peak=426 clipped=0 zeros=9 stuck=32 dropped_delta=0 feature_valid=0 tonalness_valid=0 tonalness_proxy=0.000000 tonal_gate=not_computed
2026-08-16T11:06:33.269+00:00	108.968	WAIT 39/60 score=-46.61 spread=0.000 nivo=-46.6 dBFS cujem
2026-08-16T11:06:33.310+00:00	109.015	FLAGS protocol=asd-quality-v1.3.0 mode=LEARNING state=NO_MACHINE waiting=0 learning=1 learned=0 anomaly=0 fault=0 green=blink_5hz red=off
2026-08-16T11:06:33.522+00:00	109.218	QUALITY protocol=asd-quality-v1.3.0 phase=WAIT index=40 total=60 result=OK metrics_valid=1 samples=4096 expected=4096 rms_dbfs=-46.641 dc=-3.165 peak=402 clipped=0 zeros=8 stuck=27 dropped_delta=0 feature_valid=0 tonalness_valid=0 tonalness_proxy=0.000000 tonal_gate=not_computed
2026-08-16T11:06:33.526+00:00	109.218	WAIT 40/60 score=-46.64 spread=0.000 nivo=-46.6 dBFS cujem
2026-08-16T11:06:33.776+00:00	109.468	QUALITY protocol=asd-quality-v1.3.0 phase=WAIT index=41 total=60 result=OK metrics_valid=1 samples=4096 expected=4096 rms_dbfs=-46.812 dc=1.607 peak=426 clipped=0 zeros=10 stuck=24 dropped_delta=0 feature_valid=0 tonalness_valid=0 tonalness_proxy=0.000000 tonal_gate=not_computed
2026-08-16T11:06:33.780+00:00	109.484	WAIT 41/60 score=-46.81 spread=0.000 nivo=-46.8 dBFS cujem
2026-08-16T11:06:34.032+00:00	109.734	QUALITY protocol=asd-quality-v1.3.0 phase=WAIT index=42 total=60 result=OK metrics_valid=1 samples=4096 expected=4096 rms_dbfs=-46.916 dc=-1.018 peak=444 clipped=0 zeros=12 stuck=30 dropped_delta=0 feature_valid=0 tonalness_valid=0 tonalness_proxy=0.000000 tonal_gate=not_computed
2026-08-16T11:06:34.036+00:00	109.734	WAIT 42/60 score=-46.92 spread=0.000 nivo=-46.9 dBFS cujem
2026-08-16T11:06:34.289+00:00	109.984	QUALITY protocol=asd-quality-v1.3.0 phase=WAIT index=43 total=60 result=OK metrics_valid=1 samples=4096 expected=4096 rms_dbfs=-47.042 dc=-1.549 peak=462 clipped=0 zeros=8 stuck=31 dropped_delta=0 feature_valid=0 tonalness_valid=0 tonalness_proxy=0.000000 tonal_gate=not_computed
2026-08-16T11:06:34.292+00:00	109.984	WAIT 43/60 score=-47.04 spread=0.000 nivo=-47.0 dBFS cujem
2026-08-16T11:06:34.544+00:00	110.234	QUALITY protocol=asd-quality-v1.3.0 phase=WAIT index=44 total=60 result=OK metrics_valid=1 samples=4096 expected=4096 rms_dbfs=-47.167 dc=0.922 peak=412 clipped=0 zeros=8 stuck=14 dropped_delta=0 feature_valid=0 tonalness_valid=0 tonalness_proxy=0.000000 tonal_gate=not_computed
2026-08-16T11:06:34.547+00:00	110.250	WAIT 44/60 score=-47.17 spread=0.000 nivo=-47.2 dBFS cujem
2026-08-16T11:06:34.800+00:00	110.500	QUALITY protocol=asd-quality-v1.3.0 phase=WAIT index=45 total=60 result=OK metrics_valid=1 samples=4096 expected=4096 rms_dbfs=-46.995 dc=-1.092 peak=407 clipped=0 zeros=8 stuck=20 dropped_delta=0 feature_valid=0 tonalness_valid=0 tonalness_proxy=0.000000 tonal_gate=not_computed
2026-08-16T11:06:34.803+00:00	110.500	WAIT 45/60 score=-46.99 spread=0.000 nivo=-47.0 dBFS cujem
2026-08-16T11:06:35.056+00:00	110.750	QUALITY protocol=asd-quality-v1.3.0 phase=WAIT index=46 total=60 result=OK metrics_valid=1 samples=4096 expected=4096 rms_dbfs=-46.937 dc=0.416 peak=414 clipped=0 zeros=9 stuck=28 dropped_delta=0 feature_valid=0 tonalness_valid=0 tonalness_proxy=0.000000 tonal_gate=not_computed
2026-08-16T11:06:35.060+00:00	110.765	WAIT 46/60 score=-46.94 spread=0.000 nivo=-46.9 dBFS cujem
2026-08-16T11:06:35.312+00:00	111.015	QUALITY protocol=asd-quality-v1.3.0 phase=WAIT index=47 total=60 result=OK metrics_valid=1 samples=4096 expected=4096 rms_dbfs=-46.970 dc=-0.668 peak=415 clipped=0 zeros=8 stuck=29 dropped_delta=0 feature_valid=0 tonalness_valid=0 tonalness_proxy=0.000000 tonal_gate=not_computed
2026-08-16T11:06:35.315+00:00	111.015	WAIT 47/60 score=-46.97 spread=0.000 nivo=-47.0 dBFS cujem
2026-08-16T11:06:35.567+00:00	111.265	QUALITY protocol=asd-quality-v1.3.0 phase=WAIT index=48 total=60 result=OK metrics_valid=1 samples=4096 expected=4096 rms_dbfs=-46.947 dc=-0.330 peak=408 clipped=0 zeros=8 stuck=18 dropped_delta=0 feature_valid=0 tonalness_valid=0 tonalness_proxy=0.000000 tonal_gate=not_computed
2026-08-16T11:06:35.571+00:00	111.265	WAIT 48/60 score=-46.95 spread=0.000 nivo=-46.9 dBFS cujem
2026-08-16T11:06:35.823+00:00	111.515	QUALITY protocol=asd-quality-v1.3.0 phase=WAIT index=49 total=60 result=OK metrics_valid=1 samples=4096 expected=4096 rms_dbfs=-46.899 dc=-1.431 peak=426 clipped=0 zeros=7 stuck=40 dropped_delta=0 feature_valid=0 tonalness_valid=0 tonalness_proxy=0.000000 tonal_gate=not_computed
2026-08-16T11:06:35.827+00:00	111.531	WAIT 49/60 score=-46.90 spread=0.000 nivo=-46.9 dBFS cujem
2026-08-16T11:06:36.079+00:00	111.781	QUALITY protocol=asd-quality-v1.3.0 phase=WAIT index=50 total=60 result=OK metrics_valid=1 samples=4096 expected=4096 rms_dbfs=-47.051 dc=-2.519 peak=372 clipped=0 zeros=13 stuck=25 dropped_delta=0 feature_valid=0 tonalness_valid=0 tonalness_proxy=0.000000 tonal_gate=not_computed
2026-08-16T11:06:36.083+00:00	111.781	WAIT 50/60 score=-47.05 spread=0.000 nivo=-47.1 dBFS cujem
2026-08-16T11:06:36.334+00:00	112.031	QUALITY protocol=asd-quality-v1.3.0 phase=WAIT index=51 total=60 result=OK metrics_valid=1 samples=4096 expected=4096 rms_dbfs=-47.075 dc=3.020 peak=414 clipped=0 zeros=10 stuck=19 dropped_delta=0 feature_valid=0 tonalness_valid=0 tonalness_proxy=0.000000 tonal_gate=not_computed
2026-08-16T11:06:36.338+00:00	112.031	WAIT 51/60 score=-47.07 spread=0.000 nivo=-47.1 dBFS cujem
2026-08-16T11:06:36.591+00:00	112.281	QUALITY protocol=asd-quality-v1.3.0 phase=WAIT index=52 total=60 result=OK metrics_valid=1 samples=4096 expected=4096 rms_dbfs=-46.980 dc=-2.360 peak=422 clipped=0 zeros=9 stuck=30 dropped_delta=0 feature_valid=0 tonalness_valid=0 tonalness_proxy=0.000000 tonal_gate=not_computed
2026-08-16T11:06:36.595+00:00	112.297	WAIT 52/60 score=-46.98 spread=0.000 nivo=-47.0 dBFS cujem
2026-08-16T11:06:36.846+00:00	112.547	QUALITY protocol=asd-quality-v1.3.0 phase=WAIT index=53 total=60 result=OK metrics_valid=1 samples=4096 expected=4096 rms_dbfs=-46.914 dc=1.338 peak=402 clipped=0 zeros=10 stuck=30 dropped_delta=0 feature_valid=0 tonalness_valid=0 tonalness_proxy=0.000000 tonal_gate=not_computed
2026-08-16T11:06:36.850+00:00	112.547	WAIT 53/60 score=-46.91 spread=0.000 nivo=-46.9 dBFS cujem
2026-08-16T11:06:37.103+00:00	112.797	QUALITY protocol=asd-quality-v1.3.0 phase=WAIT index=54 total=60 result=OK metrics_valid=1 samples=4096 expected=4096 rms_dbfs=-47.071 dc=-1.273 peak=386 clipped=0 zeros=8 stuck=33 dropped_delta=0 feature_valid=0 tonalness_valid=0 tonalness_proxy=0.000000 tonal_gate=not_computed
2026-08-16T11:06:37.107+00:00	112.812	WAIT 54/60 score=-47.07 spread=0.000 nivo=-47.1 dBFS cujem
2026-08-16T11:06:37.358+00:00	113.062	QUALITY protocol=asd-quality-v1.3.0 phase=WAIT index=55 total=60 result=OK metrics_valid=1 samples=4096 expected=4096 rms_dbfs=-47.054 dc=-1.450 peak=416 clipped=0 zeros=11 stuck=23 dropped_delta=0 feature_valid=0 tonalness_valid=0 tonalness_proxy=0.000000 tonal_gate=not_computed
2026-08-16T11:06:37.362+00:00	113.062	WAIT 55/60 score=-47.05 spread=0.000 nivo=-47.1 dBFS cujem
2026-08-16T11:06:37.613+00:00	113.312	QUALITY protocol=asd-quality-v1.3.0 phase=WAIT index=56 total=60 result=OK metrics_valid=1 samples=4096 expected=4096 rms_dbfs=-46.950 dc=0.568 peak=408 clipped=0 zeros=7 stuck=19 dropped_delta=0 feature_valid=0 tonalness_valid=0 tonalness_proxy=0.000000 tonal_gate=not_computed
2026-08-16T11:06:37.616+00:00	113.312	WAIT 56/60 score=-46.95 spread=0.000 nivo=-46.9 dBFS cujem
2026-08-16T11:06:37.868+00:00	113.562	QUALITY protocol=asd-quality-v1.3.0 phase=WAIT index=57 total=60 result=OK metrics_valid=1 samples=4096 expected=4096 rms_dbfs=-46.983 dc=-2.230 peak=420 clipped=0 zeros=11 stuck=25 dropped_delta=0 feature_valid=0 tonalness_valid=0 tonalness_proxy=0.000000 tonal_gate=not_computed
2026-08-16T11:06:37.872+00:00	113.578	WAIT 57/60 score=-46.98 spread=0.000 nivo=-47.0 dBFS cujem
2026-08-16T11:06:38.125+00:00	113.828	QUALITY protocol=asd-quality-v1.3.0 phase=WAIT index=58 total=60 result=OK metrics_valid=1 samples=4096 expected=4096 rms_dbfs=-46.985 dc=3.127 peak=447 clipped=0 zeros=7 stuck=25 dropped_delta=0 feature_valid=0 tonalness_valid=0 tonalness_proxy=0.000000 tonal_gate=not_computed
2026-08-16T11:06:38.129+00:00	113.828	WAIT 58/60 score=-46.99 spread=0.000 nivo=-47.0 dBFS cujem
2026-08-16T11:06:38.311+00:00	114.015	FLAGS protocol=asd-quality-v1.3.0 mode=LEARNING state=NO_MACHINE waiting=0 learning=1 learned=0 anomaly=0 fault=0 green=blink_5hz red=off
2026-08-16T11:06:38.380+00:00	114.078	QUALITY protocol=asd-quality-v1.3.0 phase=WAIT index=59 total=60 result=OK metrics_valid=1 samples=4096 expected=4096 rms_dbfs=-46.995 dc=-3.119 peak=385 clipped=0 zeros=6 stuck=22 dropped_delta=0 feature_valid=0 tonalness_valid=0 tonalness_proxy=0.000000 tonal_gate=not_computed
2026-08-16T11:06:38.384+00:00	114.078	WAIT 59/60 score=-47.00 spread=0.000 nivo=-47.0 dBFS cujem
2026-08-16T11:06:38.636+00:00	114.328	QUALITY protocol=asd-quality-v1.3.0 phase=WAIT index=60 total=60 result=OK metrics_valid=1 samples=4096 expected=4096 rms_dbfs=-47.076 dc=1.293 peak=424 clipped=0 zeros=11 stuck=25 dropped_delta=0 feature_valid=0 tonalness_valid=0 tonalness_proxy=0.000000 tonal_gate=not_computed
2026-08-16T11:06:38.639+00:00	114.343	WAIT 60/60 score=-47.08 spread=0.000 nivo=-47.1 dBFS cujem
2026-08-16T11:06:38.645+00:00	114.343	I (114335) psdlive: --- KALIBRACIJA: 10 klipova po 10 s ---
2026-08-16T11:06:43.310+00:00	119.015	FLAGS protocol=asd-quality-v1.3.0 mode=LEARNING state=NO_MACHINE waiting=0 learning=1 learned=0 anomaly=0 fault=0 green=blink_5hz red=off
2026-08-16T11:06:48.310+00:00	124.015	FLAGS protocol=asd-quality-v1.3.0 mode=LEARNING state=NO_MACHINE waiting=0 learning=1 learned=0 anomaly=0 fault=0 green=blink_5hz red=off
2026-08-16T11:06:48.631+00:00	124.328	QUALITY protocol=asd-quality-v1.3.0 phase=CAL index=1 total=10 result=OK metrics_valid=1 samples=159744 expected=159744 rms_dbfs=-47.201 dc=-0.493 peak=484 clipped=0 zeros=369 stuck=1065 dropped_delta=0 feature_valid=1 tonalness_valid=1 tonalness_proxy=4.542780 tonal_gate=pending_normal_only
2026-08-16T11:06:48.635+00:00	124.328	CAL  1/10 score=0.00000 nivo=-47.2 dBFS racun=705 ms
2026-08-16T11:06:53.310+00:00	129.015	FLAGS protocol=asd-quality-v1.3.0 mode=LEARNING state=NO_MACHINE waiting=0 learning=1 learned=0 anomaly=0 fault=0 green=blink_5hz red=off
2026-08-16T11:06:58.310+00:00	134.015	FLAGS protocol=asd-quality-v1.3.0 mode=LEARNING state=NO_MACHINE waiting=0 learning=1 learned=0 anomaly=0 fault=0 green=blink_5hz red=off
2026-08-16T11:06:58.669+00:00	134.359	QUALITY protocol=asd-quality-v1.3.0 phase=CAL index=2 total=10 result=OK metrics_valid=1 samples=159744 expected=159744 rms_dbfs=-47.257 dc=-0.376 peak=442 clipped=0 zeros=360 stuck=1130 dropped_delta=0 feature_valid=1 tonalness_valid=1 tonalness_proxy=4.515521 tonal_gate=pending_normal_only
2026-08-16T11:06:58.673+00:00	134.375	CAL  2/10 score=0.00000 nivo=-47.3 dBFS racun=705 ms
2026-08-16T11:07:03.310+00:00	139.015	FLAGS protocol=asd-quality-v1.3.0 mode=LEARNING state=NO_MACHINE waiting=0 learning=1 learned=0 anomaly=0 fault=0 green=blink_5hz red=off
2026-08-16T11:07:08.310+00:00	144.015	FLAGS protocol=asd-quality-v1.3.0 mode=LEARNING state=NO_MACHINE waiting=0 learning=1 learned=0 anomaly=0 fault=0 green=blink_5hz red=off
2026-08-16T11:07:08.644+00:00	144.343	QUALITY protocol=asd-quality-v1.3.0 phase=CAL index=3 total=10 result=OK metrics_valid=1 samples=159744 expected=159744 rms_dbfs=-47.318 dc=-0.516 peak=425 clipped=0 zeros=340 stuck=1090 dropped_delta=0 feature_valid=1 tonalness_valid=1 tonalness_proxy=4.531713 tonal_gate=pending_normal_only
2026-08-16T11:07:08.647+00:00	144.343	CAL  3/10 score=0.00000 nivo=-47.3 dBFS racun=705 ms
2026-08-16T11:07:13.310+00:00	149.015	FLAGS protocol=asd-quality-v1.3.0 mode=LEARNING state=NO_MACHINE waiting=0 learning=1 learned=0 anomaly=0 fault=0 green=blink_5hz red=off
2026-08-16T11:07:18.312+00:00	154.015	FLAGS protocol=asd-quality-v1.3.0 mode=LEARNING state=NO_MACHINE waiting=0 learning=1 learned=0 anomaly=0 fault=0 green=blink_5hz red=off
2026-08-16T11:07:18.618+00:00	154.312	QUALITY protocol=asd-quality-v1.3.0 phase=CAL index=4 total=10 result=OK metrics_valid=1 samples=159744 expected=159744 rms_dbfs=-47.363 dc=-0.400 peak=431 clipped=0 zeros=376 stuck=1065 dropped_delta=0 feature_valid=1 tonalness_valid=1 tonalness_proxy=4.515463 tonal_gate=pending_normal_only
2026-08-16T11:07:18.621+00:00	154.312	CAL  4/10 score=0.00000 nivo=-47.4 dBFS racun=705 ms
2026-08-16T11:07:23.311+00:00	159.015	FLAGS protocol=asd-quality-v1.3.0 mode=LEARNING state=NO_MACHINE waiting=0 learning=1 learned=0 anomaly=0 fault=0 green=blink_5hz red=off
2026-08-16T11:07:28.310+00:00	164.015	FLAGS protocol=asd-quality-v1.3.0 mode=LEARNING state=NO_MACHINE waiting=0 learning=1 learned=0 anomaly=0 fault=0 green=blink_5hz red=off
2026-08-16T11:07:28.592+00:00	164.297	QUALITY protocol=asd-quality-v1.3.0 phase=CAL index=5 total=10 result=OK metrics_valid=1 samples=159744 expected=159744 rms_dbfs=-47.337 dc=-0.492 peak=437 clipped=0 zeros=389 stuck=1039 dropped_delta=0 feature_valid=1 tonalness_valid=1 tonalness_proxy=4.476893 tonal_gate=pending_normal_only
2026-08-16T11:07:28.596+00:00	164.297	CAL  5/10 score=0.00000 nivo=-47.3 dBFS racun=706 ms
2026-08-16T11:07:33.310+00:00	169.015	FLAGS protocol=asd-quality-v1.3.0 mode=LEARNING state=NO_MACHINE waiting=0 learning=1 learned=0 anomaly=0 fault=0 green=blink_5hz red=off
2026-08-16T11:07:38.311+00:00	174.015	FLAGS protocol=asd-quality-v1.3.0 mode=LEARNING state=NO_MACHINE waiting=0 learning=1 learned=0 anomaly=0 fault=0 green=blink_5hz red=off
2026-08-16T11:07:38.566+00:00	174.265	QUALITY protocol=asd-quality-v1.3.0 phase=CAL index=6 total=10 result=OK metrics_valid=1 samples=159744 expected=159744 rms_dbfs=-47.342 dc=-0.462 peak=461 clipped=0 zeros=363 stuck=1053 dropped_delta=0 feature_valid=1 tonalness_valid=1 tonalness_proxy=4.309268 tonal_gate=pending_normal_only
2026-08-16T11:07:38.581+00:00	174.281	CAL  6/10 score=0.00000 nivo=-47.3 dBFS racun=705 ms
2026-08-16T11:07:43.311+00:00	179.015	FLAGS protocol=asd-quality-v1.3.0 mode=LEARNING state=NO_MACHINE waiting=0 learning=1 learned=0 anomaly=0 fault=0 green=blink_5hz red=off
2026-08-16T11:07:48.310+00:00	184.015	FLAGS protocol=asd-quality-v1.3.0 mode=LEARNING state=NO_MACHINE waiting=0 learning=1 learned=0 anomaly=0 fault=0 green=blink_5hz red=off
2026-08-16T11:07:48.541+00:00	184.234	QUALITY protocol=asd-quality-v1.3.0 phase=CAL index=7 total=10 result=OK metrics_valid=1 samples=159744 expected=159744 rms_dbfs=-47.406 dc=-0.470 peak=443 clipped=0 zeros=386 stuck=1125 dropped_delta=0 feature_valid=1 tonalness_valid=1 tonalness_proxy=4.457959 tonal_gate=pending_normal_only
2026-08-16T11:07:48.544+00:00	184.234	CAL  7/10 score=0.00000 nivo=-47.4 dBFS racun=705 ms
2026-08-16T11:07:53.310+00:00	189.000	FLAGS protocol=asd-quality-v1.3.0 mode=LEARNING state=NO_MACHINE waiting=0 learning=1 learned=0 anomaly=0 fault=0 green=blink_5hz red=off
2026-08-16T11:07:58.310+00:00	194.015	FLAGS protocol=asd-quality-v1.3.0 mode=LEARNING state=NO_MACHINE waiting=0 learning=1 learned=0 anomaly=0 fault=0 green=blink_5hz red=off
2026-08-16T11:07:58.515+00:00	194.218	QUALITY protocol=asd-quality-v1.3.0 phase=CAL index=8 total=10 result=OK metrics_valid=1 samples=159744 expected=159744 rms_dbfs=-47.427 dc=-0.495 peak=434 clipped=0 zeros=396 stuck=1153 dropped_delta=0 feature_valid=1 tonalness_valid=1 tonalness_proxy=4.437349 tonal_gate=pending_normal_only
2026-08-16T11:07:58.519+00:00	194.218	CAL  8/10 score=0.00000 nivo=-47.4 dBFS racun=705 ms
2026-08-16T11:08:03.310+00:00	199.015	FLAGS protocol=asd-quality-v1.3.0 mode=LEARNING state=NO_MACHINE waiting=0 learning=1 learned=0 anomaly=0 fault=0 green=blink_5hz red=off
2026-08-16T11:08:08.310+00:00	204.015	FLAGS protocol=asd-quality-v1.3.0 mode=LEARNING state=NO_MACHINE waiting=0 learning=1 learned=0 anomaly=0 fault=0 green=blink_5hz red=off
2026-08-16T11:08:08.554+00:00	204.250	QUALITY protocol=asd-quality-v1.3.0 phase=CAL index=9 total=10 result=OK metrics_valid=1 samples=159744 expected=159744 rms_dbfs=-47.528 dc=-0.491 peak=409 clipped=0 zeros=396 stuck=1220 dropped_delta=0 feature_valid=1 tonalness_valid=1 tonalness_proxy=4.441757 tonal_gate=pending_normal_only
2026-08-16T11:08:08.578+00:00	204.281	CAL  9/10 score=0.00000 nivo=-47.5 dBFS racun=705 ms
2026-08-16T11:08:13.310+00:00	209.015	FLAGS protocol=asd-quality-v1.3.0 mode=LEARNING state=NO_MACHINE waiting=0 learning=1 learned=0 anomaly=0 fault=0 green=blink_5hz red=off
2026-08-16T11:08:18.311+00:00	214.015	FLAGS protocol=asd-quality-v1.3.0 mode=LEARNING state=NO_MACHINE waiting=0 learning=1 learned=0 anomaly=0 fault=0 green=blink_5hz red=off
2026-08-16T11:08:18.529+00:00	214.234	QUALITY protocol=asd-quality-v1.3.0 phase=CAL index=10 total=10 result=OK metrics_valid=1 samples=159744 expected=159744 rms_dbfs=-47.639 dc=-0.449 peak=399 clipped=0 zeros=365 stuck=1163 dropped_delta=0 feature_valid=1 tonalness_valid=1 tonalness_proxy=4.453683 tonal_gate=pending_normal_only
2026-08-16T11:08:18.533+00:00	214.234	CAL 10/10 score=0.00000 nivo=-47.6 dBFS racun=705 ms
2026-08-16T11:08:18.550+00:00	214.250	QUALITY protocol=asd-quality-v1.3.0 phase=CAL_SUMMARY result=OBSERVED loo_mean=2197.673828 loo_sd=1379.123047 loo_cv=0.627538 loo_range=4470.653320 loo_gate=pending_normal_only
2026-08-16T11:08:18.555+00:00	214.250	I (214245) psdlive: --- kalibracija gotova (centar zamrznut) ---
2026-08-16T11:08:18.563+00:00	214.265	I (214245) psdlive: LOO score: mean=2197.67 sd=1379.12 min=434.65 max=4905.30
2026-08-16T11:08:18.569+00:00	214.265	I (214255) psdlive: referentni nivo masine: -47.38 dBFS (gate prisustva -58.38 dBFS)
2026-08-16T11:08:18.578+00:00	214.281	LOOALL 3779.108 1495.871 2957.340 1467.106 434.652 4905.305 748.551 1625.554 2539.161 2024.089
2026-08-16T11:08:18.591+00:00	214.297	I (214265) psdlive: PRAG = 6335.04 (p90 dao 3891.73, sredina+3sd dao 6335.04), alarm poslije 3 uzastopna prozora, gasi se ispod 4434.53
2026-08-16T11:08:18.600+00:00	214.297	ADAPTTHR n=10 mean=2197.673828 sd=1379.123047 k=0 theta=0 p=0.9000 thr=6335.04297 lo=0.000000 factory=0.000000
2026-08-16T11:08:18.606+00:00	214.297	I (214295) psdlive: racun po klipu: 705 ms (rezerva 14.2x), dropped=1515520
2026-08-16T11:08:18.616+00:00	214.312	PRESENCE protocol=asd-quality-v1.3.0 level_mean_dbfs=-47.3819466 margin_db=11 gate_dbfs=-58.3819466 min_consecutive=3
2026-08-16T11:08:18.630+00:00	214.328	TEMPORAL protocol=asd-quality-v1.3.0 policy=asd-temporal-policy-v1.0.0 min_consecutive=3 ewma_alpha=0 enter_scale=1 exit_scale=0.699999988 fast_scale=0
2026-08-16T11:08:18.639+00:00	214.343	STATE protocol=asd-quality-v1.3.0 from=NO_MACHINE to=CALIBRATED_NORMAL reason=CALIBRATION_ACCEPTED
2026-08-16T11:08:18.653+00:00	214.343	EVENT protocol=asd-quality-v1.3.0 type=CALIBRATION_ACCEPTED state=CALIBRATED_NORMAL phase=CAL reason=QUALITY_OK event=NONE capability=AVAILABLE level=DEVIATION
2026-08-16T11:08:18.664+00:00	214.359	FLAGS protocol=asd-quality-v1.3.0 mode=READY state=CALIBRATED_NORMAL waiting=0 learning=0 learned=1 anomaly=0 fault=0 green=on red=off
2026-08-16T11:08:18.670+00:00	214.375	I (214355) psdlive: LAMPICA STALNO SVIJETLI = ucenje gotovo, nadzirem
2026-08-16T11:08:18.683+00:00	214.375	I (214365) psdlive: --- DETEKCIJA RADI. Sada izazovi kvar. ---
2026-08-16T11:08:18.686+00:00	214.390	I (214365) psdlive: zelena LED (GPIO2) svijetli = normalno; crvena (GPIO11) = ALARM
2026-08-16T11:08:23.660+00:00	219.359	FLAGS protocol=asd-quality-v1.3.0 mode=READY state=CALIBRATED_NORMAL waiting=0 learning=0 learned=1 anomaly=0 fault=0 green=on red=off
2026-08-16T11:08:28.504+00:00	224.203	QUALITY protocol=asd-quality-v1.3.0 phase=DET index=1 total=0 result=OK metrics_valid=1 samples=159744 expected=159744 rms_dbfs=-47.606 dc=-0.548 peak=422 clipped=0 zeros=361 stuck=1115 dropped_delta=0 feature_valid=1 tonalness_valid=1 tonalness_proxy=4.416351 tonal_gate=pending_normal_only
2026-08-16T11:08:28.511+00:00	224.203	DET 1 score=1877.80688 lo=0 hi=6335.04297 led=1 anom=0 total_anom=0 normal (uzastopnih=0 nivo=-47.6 dBFS racun=705 ms)
2026-08-16T11:08:28.660+00:00	224.359	FLAGS protocol=asd-quality-v1.3.0 mode=READY state=CALIBRATED_NORMAL waiting=0 learning=0 learned=1 anomaly=0 fault=0 green=on red=off
2026-08-16T11:08:33.660+00:00	229.359	FLAGS protocol=asd-quality-v1.3.0 mode=READY state=CALIBRATED_NORMAL waiting=0 learning=0 learned=1 anomaly=0 fault=0 green=on red=off
2026-08-16T11:08:38.477+00:00	234.172	QUALITY protocol=asd-quality-v1.3.0 phase=DET index=2 total=0 result=OK metrics_valid=1 samples=159744 expected=159744 rms_dbfs=-47.581 dc=-0.398 peak=428 clipped=0 zeros=311 stuck=1080 dropped_delta=0 feature_valid=1 tonalness_valid=1 tonalness_proxy=4.427646 tonal_gate=pending_normal_only
2026-08-16T11:08:38.484+00:00	234.187	DET 2 score=838.598511 lo=0 hi=6335.04297 led=1 anom=0 total_anom=0 normal (uzastopnih=0 nivo=-47.6 dBFS racun=705 ms)
2026-08-16T11:08:38.661+00:00	234.359	FLAGS protocol=asd-quality-v1.3.0 mode=READY state=CALIBRATED_NORMAL waiting=0 learning=0 learned=1 anomaly=0 fault=0 green=on red=off
2026-08-16T11:08:43.660+00:00	239.359	FLAGS protocol=asd-quality-v1.3.0 mode=READY state=CALIBRATED_NORMAL waiting=0 learning=0 learned=1 anomaly=0 fault=0 green=on red=off
2026-08-16T11:08:48.451+00:00	244.156	QUALITY protocol=asd-quality-v1.3.0 phase=DET index=3 total=0 result=OK metrics_valid=1 samples=159744 expected=159744 rms_dbfs=-47.625 dc=-0.477 peak=400 clipped=0 zeros=338 stuck=1123 dropped_delta=0 feature_valid=1 tonalness_valid=1 tonalness_proxy=4.405225 tonal_gate=pending_normal_only
2026-08-16T11:08:48.458+00:00	244.156	DET 3 score=905.53833 lo=0 hi=6335.04297 led=1 anom=0 total_anom=0 normal (uzastopnih=0 nivo=-47.6 dBFS racun=705 ms)
2026-08-16T11:08:48.660+00:00	244.359	FLAGS protocol=asd-quality-v1.3.0 mode=READY state=CALIBRATED_NORMAL waiting=0 learning=0 learned=1 anomaly=0 fault=0 green=on red=off
2026-08-16T11:08:53.660+00:00	249.359	FLAGS protocol=asd-quality-v1.3.0 mode=READY state=CALIBRATED_NORMAL waiting=0 learning=0 learned=1 anomaly=0 fault=0 green=on red=off
2026-08-16T11:08:58.426+00:00	254.125	QUALITY protocol=asd-quality-v1.3.0 phase=DET index=4 total=0 result=OK metrics_valid=1 samples=159744 expected=159744 rms_dbfs=-47.850 dc=-0.507 peak=384 clipped=0 zeros=378 stuck=1164 dropped_delta=0 feature_valid=1 tonalness_valid=1 tonalness_proxy=4.436506 tonal_gate=pending_normal_only
2026-08-16T11:08:58.433+00:00	254.125	DET 4 score=2874.74146 lo=0 hi=6335.04297 led=1 anom=0 total_anom=0 normal (uzastopnih=0 nivo=-47.8 dBFS racun=705 ms)
2026-08-16T11:08:58.660+00:00	254.359	FLAGS protocol=asd-quality-v1.3.0 mode=READY state=CALIBRATED_NORMAL waiting=0 learning=0 learned=1 anomaly=0 fault=0 green=on red=off
2026-08-16T11:09:03.660+00:00	259.359	FLAGS protocol=asd-quality-v1.3.0 mode=READY state=CALIBRATED_NORMAL waiting=0 learning=0 learned=1 anomaly=0 fault=0 green=on red=off
2026-08-16T11:09:08.463+00:00	264.156	QUALITY protocol=asd-quality-v1.3.0 phase=DET index=5 total=0 result=OK metrics_valid=1 samples=159744 expected=159744 rms_dbfs=-47.785 dc=-0.551 peak=393 clipped=0 zeros=357 stuck=1202 dropped_delta=0 feature_valid=1 tonalness_valid=1 tonalness_proxy=4.433900 tonal_gate=pending_normal_only
2026-08-16T11:09:08.471+00:00	264.172	DET 5 score=1430.66321 lo=0 hi=6335.04297 led=1 anom=0 total_anom=0 normal (uzastopnih=0 nivo=-47.8 dBFS racun=705 ms)
2026-08-16T11:09:08.660+00:00	264.359	FLAGS protocol=asd-quality-v1.3.0 mode=READY state=CALIBRATED_NORMAL waiting=0 learning=0 learned=1 anomaly=0 fault=0 green=on red=off
2026-08-16T11:09:13.660+00:00	269.359	FLAGS protocol=asd-quality-v1.3.0 mode=READY state=CALIBRATED_NORMAL waiting=0 learning=0 learned=1 anomaly=0 fault=0 green=on red=off
2026-08-16T11:09:18.437+00:00	274.140	QUALITY protocol=asd-quality-v1.3.0 phase=DET index=6 total=0 result=OK metrics_valid=1 samples=159744 expected=159744 rms_dbfs=-47.782 dc=-0.471 peak=427 clipped=0 zeros=371 stuck=1109 dropped_delta=0 feature_valid=1 tonalness_valid=1 tonalness_proxy=4.411531 tonal_gate=pending_normal_only
2026-08-16T11:09:18.445+00:00	274.140	DET 6 score=3553.76611 lo=0 hi=6335.04297 led=1 anom=0 total_anom=0 normal (uzastopnih=0 nivo=-47.8 dBFS racun=705 ms)
2026-08-16T11:09:18.660+00:00	274.359	FLAGS protocol=asd-quality-v1.3.0 mode=READY state=CALIBRATED_NORMAL waiting=0 learning=0 learned=1 anomaly=0 fault=0 green=on red=off
2026-08-16T11:09:23.661+00:00	279.359	FLAGS protocol=asd-quality-v1.3.0 mode=READY state=CALIBRATED_NORMAL waiting=0 learning=0 learned=1 anomaly=0 fault=0 green=on red=off
2026-08-16T11:09:28.411+00:00	284.109	QUALITY protocol=asd-quality-v1.3.0 phase=DET index=7 total=0 result=OK metrics_valid=1 samples=159744 expected=159744 rms_dbfs=-47.779 dc=-0.512 peak=398 clipped=0 zeros=393 stuck=1059 dropped_delta=0 feature_valid=1 tonalness_valid=1 tonalness_proxy=4.338161 tonal_gate=pending_normal_only
2026-08-16T11:09:28.420+00:00	284.125	DET 7 score=1580.80261 lo=0 hi=6335.04297 led=1 anom=0 total_anom=0 normal (uzastopnih=0 nivo=-47.8 dBFS racun=705 ms)
2026-08-16T11:09:28.661+00:00	284.359	FLAGS protocol=asd-quality-v1.3.0 mode=READY state=CALIBRATED_NORMAL waiting=0 learning=0 learned=1 anomaly=0 fault=0 green=on red=off
2026-08-16T11:09:33.661+00:00	289.359	FLAGS protocol=asd-quality-v1.3.0 mode=READY state=CALIBRATED_NORMAL waiting=0 learning=0 learned=1 anomaly=0 fault=0 green=on red=off
2026-08-16T11:09:38.385+00:00	294.078	QUALITY protocol=asd-quality-v1.3.0 phase=DET index=8 total=0 result=OK metrics_valid=1 samples=159744 expected=159744 rms_dbfs=-47.868 dc=-0.441 peak=394 clipped=0 zeros=415 stuck=1212 dropped_delta=0 feature_valid=1 tonalness_valid=1 tonalness_proxy=4.396550 tonal_gate=pending_normal_only
2026-08-16T11:09:38.395+00:00	294.093	DET 8 score=4549.57471 lo=0 hi=6335.04297 led=1 anom=0 total_anom=0 normal (uzastopnih=0 nivo=-47.9 dBFS racun=705 ms)
2026-08-16T11:09:38.662+00:00	294.359	FLAGS protocol=asd-quality-v1.3.0 mode=READY state=CALIBRATED_NORMAL waiting=0 learning=0 learned=1 anomaly=0 fault=0 green=on red=off
2026-08-16T11:09:43.660+00:00	299.359	FLAGS protocol=asd-quality-v1.3.0 mode=READY state=CALIBRATED_NORMAL waiting=0 learning=0 learned=1 anomaly=0 fault=0 green=on red=off
2026-08-16T11:09:48.359+00:00	304.062	QUALITY protocol=asd-quality-v1.3.0 phase=DET index=9 total=0 result=OK metrics_valid=1 samples=159744 expected=159744 rms_dbfs=-47.834 dc=-0.511 peak=418 clipped=0 zeros=390 stuck=1286 dropped_delta=0 feature_valid=1 tonalness_valid=1 tonalness_proxy=4.356873 tonal_gate=pending_normal_only
2026-08-16T11:09:48.368+00:00	304.062	DET 9 score=6318.34863 lo=0 hi=6335.04297 led=1 anom=0 total_anom=0 normal (uzastopnih=0 nivo=-47.8 dBFS racun=705 ms)
2026-08-16T11:09:48.660+00:00	304.359	FLAGS protocol=asd-quality-v1.3.0 mode=READY state=CALIBRATED_NORMAL waiting=0 learning=0 learned=1 anomaly=0 fault=0 green=on red=off
2026-08-16T11:09:53.660+00:00	309.359	FLAGS protocol=asd-quality-v1.3.0 mode=READY state=CALIBRATED_NORMAL waiting=0 learning=0 learned=1 anomaly=0 fault=0 green=on red=off
2026-08-16T11:09:58.334+00:00	314.031	QUALITY protocol=asd-quality-v1.3.0 phase=DET index=10 total=0 result=OK metrics_valid=1 samples=159744 expected=159744 rms_dbfs=-47.830 dc=-0.548 peak=438 clipped=0 zeros=412 stuck=1275 dropped_delta=0 feature_valid=1 tonalness_valid=1 tonalness_proxy=4.234435 tonal_gate=pending_normal_only
2026-08-16T11:09:58.343+00:00	314.047	DET 10 score=12191.7031 lo=0 hi=6335.04297 led=1 anom=0 total_anom=0 iznad praga (uzastopnih=1 nivo=-47.8 dBFS racun=705 ms)
2026-08-16T11:09:58.660+00:00	314.359	FLAGS protocol=asd-quality-v1.3.0 mode=READY state=CALIBRATED_NORMAL waiting=0 learning=0 learned=1 anomaly=0 fault=0 green=on red=off
2026-08-16T11:10:03.661+00:00	319.359	FLAGS protocol=asd-quality-v1.3.0 mode=READY state=CALIBRATED_NORMAL waiting=0 learning=0 learned=1 anomaly=0 fault=0 green=on red=off
2026-08-16T11:10:08.308+00:00	324.000	QUALITY protocol=asd-quality-v1.3.0 phase=DET index=11 total=0 result=OK metrics_valid=1 samples=159744 expected=159744 rms_dbfs=-47.838 dc=-0.432 peak=389 clipped=0 zeros=400 stuck=1204 dropped_delta=0 feature_valid=1 tonalness_valid=1 tonalness_proxy=4.214907 tonal_gate=pending_normal_only
2026-08-16T11:10:08.317+00:00	324.015	DET 11 score=12806.7236 lo=0 hi=6335.04297 led=1 anom=0 total_anom=0 iznad praga (uzastopnih=2 nivo=-47.8 dBFS racun=705 ms)
2026-08-16T11:10:08.660+00:00	324.359	FLAGS protocol=asd-quality-v1.3.0 mode=READY state=CALIBRATED_NORMAL waiting=0 learning=0 learned=1 anomaly=0 fault=0 green=on red=off
2026-08-16T11:10:13.660+00:00	329.359	FLAGS protocol=asd-quality-v1.3.0 mode=READY state=CALIBRATED_NORMAL waiting=0 learning=0 learned=1 anomaly=0 fault=0 green=on red=off
2026-08-16T11:10:18.346+00:00	334.047	QUALITY protocol=asd-quality-v1.3.0 phase=DET index=12 total=0 result=OK metrics_valid=1 samples=159744 expected=159744 rms_dbfs=-47.811 dc=-0.485 peak=415 clipped=0 zeros=404 stuck=1119 dropped_delta=0 feature_valid=1 tonalness_valid=1 tonalness_proxy=4.291428 tonal_gate=pending_normal_only
2026-08-16T11:10:18.355+00:00	334.047	DET 12 score=11454.5908 lo=0 hi=6335.04297 led=0 anom=1 total_anom=1 ALARM (uzastopnih=3 nivo=-47.8 dBFS racun=705 ms)
2026-08-16T11:10:18.364+00:00	334.062	STATE protocol=asd-quality-v1.3.0 from=CALIBRATED_NORMAL to=ANOMALY reason=THRESHOLD_PERSISTENCE
2026-08-16T11:10:18.376+00:00	334.078	FLAGS protocol=asd-quality-v1.3.0 mode=ALARM state=ANOMALY waiting=0 learning=0 learned=1 anomaly=1 fault=0 green=off red=on
2026-08-16T11:10:18.391+00:00	334.093	EVENT protocol=asd-quality-v1.3.0 type=ANOMALY_ENTERED state=ANOMALY phase=DET reason=THRESHOLD_PERSISTENCE event=UNKNOWN_CHANGE capability=AVAILABLE level=DEVIATION
2026-08-16T11:10:23.370+00:00	339.062	FLAGS protocol=asd-quality-v1.3.0 mode=ALARM state=ANOMALY waiting=0 learning=0 learned=1 anomaly=1 fault=0 green=off red=on
2026-08-16T11:10:28.321+00:00	344.015	QUALITY protocol=asd-quality-v1.3.0 phase=DET index=13 total=0 result=OK metrics_valid=1 samples=159744 expected=159744 rms_dbfs=-47.807 dc=-0.487 peak=387 clipped=0 zeros=404 stuck=1152 dropped_delta=0 feature_valid=1 tonalness_valid=1 tonalness_proxy=4.340930 tonal_gate=pending_normal_only
2026-08-16T11:10:28.330+00:00	344.031	DET 13 score=8323.84961 lo=0 hi=6335.04297 led=0 anom=1 total_anom=2 ALARM (uzastopnih=3 nivo=-47.8 dBFS racun=705 ms)
2026-08-16T11:10:28.370+00:00	344.062	FLAGS protocol=asd-quality-v1.3.0 mode=ALARM state=ANOMALY waiting=0 learning=0 learned=1 anomaly=1 fault=0 green=off red=on
2026-08-16T11:10:33.371+00:00	349.062	FLAGS protocol=asd-quality-v1.3.0 mode=ALARM state=ANOMALY waiting=0 learning=0 learned=1 anomaly=1 fault=0 green=off red=on
2026-08-16T11:10:38.295+00:00	354.000	QUALITY protocol=asd-quality-v1.3.0 phase=DET index=14 total=0 result=OK metrics_valid=1 samples=159744 expected=159744 rms_dbfs=-47.913 dc=-0.511 peak=1150 clipped=0 zeros=434 stuck=1108 dropped_delta=0 feature_valid=1 tonalness_valid=1 tonalness_proxy=4.235476 tonal_gate=pending_normal_only
2026-08-16T11:10:38.304+00:00	354.000	DET 14 score=2476.72656 lo=0 hi=6335.04297 led=1 anom=0 total_anom=2 normal (uzastopnih=0 nivo=-47.9 dBFS racun=705 ms)
2026-08-16T11:10:38.311+00:00	354.015	STATE protocol=asd-quality-v1.3.0 from=ANOMALY to=CALIBRATED_NORMAL reason=ALARM_CLEARED
2026-08-16T11:10:38.324+00:00	354.015	FLAGS protocol=asd-quality-v1.3.0 mode=READY state=CALIBRATED_NORMAL waiting=0 learning=0 learned=1 anomaly=0 fault=0 green=on red=off
2026-08-16T11:10:38.338+00:00	354.031	EVENT protocol=asd-quality-v1.3.0 type=ANOMALY_CLEARED state=CALIBRATED_NORMAL phase=DET reason=ALARM_CLEARED event=NONE capability=AVAILABLE level=DEVIATION
2026-08-16T11:10:43.320+00:00	359.015	FLAGS protocol=asd-quality-v1.3.0 mode=READY state=CALIBRATED_NORMAL waiting=0 learning=0 learned=1 anomaly=0 fault=0 green=on red=off
2026-08-16T11:10:48.270+00:00	363.968	QUALITY protocol=asd-quality-v1.3.0 phase=DET index=15 total=0 result=OK metrics_valid=1 samples=159744 expected=159744 rms_dbfs=-46.878 dc=-0.474 peak=457 clipped=0 zeros=382 stuck=1099 dropped_delta=0 feature_valid=1 tonalness_valid=1 tonalness_proxy=4.332250 tonal_gate=pending_normal_only
2026-08-16T11:10:48.279+00:00	363.984	DET 15 score=10409.2529 lo=0 hi=6335.04297 led=1 anom=0 total_anom=2 iznad praga (uzastopnih=1 nivo=-46.9 dBFS racun=705 ms)
2026-08-16T11:10:48.320+00:00	364.015	FLAGS protocol=asd-quality-v1.3.0 mode=READY state=CALIBRATED_NORMAL waiting=0 learning=0 learned=1 anomaly=0 fault=0 green=on red=off
2026-08-16T11:10:53.320+00:00	369.015	FLAGS protocol=asd-quality-v1.3.0 mode=READY state=CALIBRATED_NORMAL waiting=0 learning=0 learned=1 anomaly=0 fault=0 green=on red=off
2026-08-16T11:10:58.244+00:00	373.937	QUALITY protocol=asd-quality-v1.3.0 phase=DET index=16 total=0 result=OK metrics_valid=1 samples=159744 expected=159744 rms_dbfs=-47.184 dc=-0.503 peak=407 clipped=0 zeros=399 stuck=1192 dropped_delta=0 feature_valid=1 tonalness_valid=1 tonalness_proxy=4.341362 tonal_gate=pending_normal_only
2026-08-16T11:10:58.253+00:00	373.953	DET 16 score=12403.1299 lo=0 hi=6335.04297 led=1 anom=0 total_anom=2 iznad praga (uzastopnih=2 nivo=-47.2 dBFS racun=705 ms)
2026-08-16T11:10:58.320+00:00	374.015	FLAGS protocol=asd-quality-v1.3.0 mode=READY state=CALIBRATED_NORMAL waiting=0 learning=0 learned=1 anomaly=0 fault=0 green=on red=off
2026-08-16T11:11:03.320+00:00	379.015	FLAGS protocol=asd-quality-v1.3.0 mode=READY state=CALIBRATED_NORMAL waiting=0 learning=0 learned=1 anomaly=0 fault=0 green=on red=off
2026-08-16T11:11:08.218+00:00	383.922	QUALITY protocol=asd-quality-v1.3.0 phase=DET index=17 total=0 result=OK metrics_valid=1 samples=159744 expected=159744 rms_dbfs=-47.161 dc=-0.507 peak=451 clipped=0 zeros=398 stuck=1094 dropped_delta=0 feature_valid=1 tonalness_valid=1 tonalness_proxy=4.329336 tonal_gate=pending_normal_only
2026-08-16T11:11:08.226+00:00	383.922	DET 17 score=12726.5801 lo=0 hi=6335.04297 led=0 anom=1 total_anom=3 ALARM (uzastopnih=3 nivo=-47.2 dBFS racun=705 ms)
2026-08-16T11:11:08.237+00:00	383.937	FLAGS protocol=asd-quality-v1.3.0 mode=ALARM state=ANOMALY waiting=0 learning=0 learned=1 anomaly=1 fault=0 green=off red=on
2026-08-16T11:11:08.246+00:00	383.937	STATE protocol=asd-quality-v1.3.0 from=CALIBRATED_NORMAL to=ANOMALY reason=THRESHOLD_PERSISTENCE
2026-08-16T11:11:08.261+00:00	383.953	EVENT protocol=asd-quality-v1.3.0 type=ANOMALY_ENTERED state=ANOMALY phase=DET reason=THRESHOLD_PERSISTENCE event=UNKNOWN_CHANGE capability=AVAILABLE level=DEVIATION
2026-08-16T11:11:13.230+00:00	388.922	FLAGS protocol=asd-quality-v1.3.0 mode=ALARM state=ANOMALY waiting=0 learning=0 learned=1 anomaly=1 fault=0 green=off red=on
2026-08-16T11:11:18.194+00:00	393.890	QUALITY protocol=asd-quality-v1.3.0 phase=DET index=18 total=0 result=OK metrics_valid=1 samples=159744 expected=159744 rms_dbfs=-47.283 dc=-0.515 peak=421 clipped=0 zeros=393 stuck=1034 dropped_delta=0 feature_valid=1 tonalness_valid=1 tonalness_proxy=4.291843 tonal_gate=pending_normal_only
2026-08-16T11:11:18.200+00:00	393.906	DET 18 score=12523.1758 lo=0 hi=6335.04297 led=0 anom=1 total_anom=4 ALARM (uzastopnih=3 nivo=-47.3 dBFS racun=705 ms)
2026-08-16T11:11:18.229+00:00	393.922	FLAGS protocol=asd-quality-v1.3.0 mode=ALARM state=ANOMALY waiting=0 learning=0 learned=1 anomaly=1 fault=0 green=off red=on
2026-08-16T11:11:23.230+00:00	398.922	FLAGS protocol=asd-quality-v1.3.0 mode=ALARM state=ANOMALY waiting=0 learning=0 learned=1 anomaly=1 fault=0 green=off red=on
2026-08-16T11:11:28.232+00:00	403.937	QUALITY protocol=asd-quality-v1.3.0 phase=DET index=19 total=0 result=OK metrics_valid=1 samples=159744 expected=159744 rms_dbfs=-47.302 dc=-0.472 peak=423 clipped=0 zeros=422 stuck=1028 dropped_delta=0 feature_valid=1 tonalness_valid=1 tonalness_proxy=4.381656 tonal_gate=pending_normal_only
2026-08-16T11:11:28.240+00:00	403.937	FLAGS protocol=asd-quality-v1.3.0 mode=ALARM state=ANOMALY waiting=0 learning=0 learned=1 anomaly=1 fault=0 green=off red=on
2026-08-16T11:11:28.250+00:00	403.953	DET 19 score=11475.4697 lo=0 hi=6335.04297 led=0 anom=1 total_anom=5 ALARM (uzastopnih=3 nivo=-47.3 dBFS racun=705 ms)
2026-08-16T11:11:33.240+00:00	408.937	FLAGS protocol=asd-quality-v1.3.0 mode=ALARM state=ANOMALY waiting=0 learning=0 learned=1 anomaly=1 fault=0 green=off red=on
2026-08-16T11:11:38.205+00:00	413.906	QUALITY protocol=asd-quality-v1.3.0 phase=DET index=20 total=0 result=OK metrics_valid=1 samples=159744 expected=159744 rms_dbfs=-47.405 dc=-0.461 peak=416 clipped=0 zeros=384 stuck=1028 dropped_delta=0 feature_valid=1 tonalness_valid=1 tonalness_proxy=4.314703 tonal_gate=pending_normal_only
2026-08-16T11:11:38.213+00:00	413.906	DET 20 score=12033.5586 lo=0 hi=6335.04297 led=0 anom=1 total_anom=6 ALARM (uzastopnih=3 nivo=-47.4 dBFS racun=705 ms)
2026-08-16T11:11:38.241+00:00	413.937	FLAGS protocol=asd-quality-v1.3.0 mode=ALARM state=ANOMALY waiting=0 learning=0 learned=1 anomaly=1 fault=0 green=off red=on
2026-08-16T11:11:43.240+00:00	418.937	FLAGS protocol=asd-quality-v1.3.0 mode=ALARM state=ANOMALY waiting=0 learning=0 learned=1 anomaly=1 fault=0 green=off red=on
2026-08-16T11:11:48.179+00:00	423.875	QUALITY protocol=asd-quality-v1.3.0 phase=DET index=21 total=0 result=OK metrics_valid=1 samples=159744 expected=159744 rms_dbfs=-47.378 dc=-0.522 peak=431 clipped=0 zeros=408 stuck=1095 dropped_delta=0 feature_valid=1 tonalness_valid=1 tonalness_proxy=4.359710 tonal_gate=pending_normal_only
2026-08-16T11:11:48.188+00:00	423.890	DET 21 score=11240.0078 lo=0 hi=6335.04297 led=0 anom=1 total_anom=7 ALARM (uzastopnih=3 nivo=-47.4 dBFS racun=705 ms)
2026-08-16T11:11:48.240+00:00	423.937	FLAGS protocol=asd-quality-v1.3.0 mode=ALARM state=ANOMALY waiting=0 learning=0 learned=1 anomaly=1 fault=0 green=off red=on
2026-08-16T11:11:53.240+00:00	428.937	FLAGS protocol=asd-quality-v1.3.0 mode=ALARM state=ANOMALY waiting=0 learning=0 learned=1 anomaly=1 fault=0 green=off red=on
2026-08-16T11:11:58.154+00:00	433.859	QUALITY protocol=asd-quality-v1.3.0 phase=DET index=22 total=0 result=OK metrics_valid=1 samples=159744 expected=159744 rms_dbfs=-47.446 dc=-0.426 peak=423 clipped=0 zeros=393 stuck=1074 dropped_delta=0 feature_valid=1 tonalness_valid=1 tonalness_proxy=4.285738 tonal_gate=pending_normal_only
2026-08-16T11:11:58.162+00:00	433.859	DET 22 score=12106.0137 lo=0 hi=6335.04297 led=0 anom=1 total_anom=8 ALARM (uzastopnih=3 nivo=-47.4 dBFS racun=705 ms)
2026-08-16T11:11:58.242+00:00	433.937	FLAGS protocol=asd-quality-v1.3.0 mode=ALARM state=ANOMALY waiting=0 learning=0 learned=1 anomaly=1 fault=0 green=off red=on
2026-08-16T11:12:03.240+00:00	438.937	FLAGS protocol=asd-quality-v1.3.0 mode=ALARM state=ANOMALY waiting=0 learning=0 learned=1 anomaly=1 fault=0 green=off red=on
2026-08-16T11:12:08.127+00:00	443.828	QUALITY protocol=asd-quality-v1.3.0 phase=DET index=23 total=0 result=OK metrics_valid=1 samples=159744 expected=159744 rms_dbfs=-47.534 dc=-0.541 peak=419 clipped=0 zeros=415 stuck=1147 dropped_delta=0 feature_valid=1 tonalness_valid=1 tonalness_proxy=4.284129 tonal_gate=pending_normal_only
2026-08-16T11:12:08.136+00:00	443.828	DET 23 score=12275.873 lo=0 hi=6335.04297 led=0 anom=1 total_anom=9 ALARM (uzastopnih=3 nivo=-47.5 dBFS racun=705 ms)
2026-08-16T11:12:08.240+00:00	443.937	FLAGS protocol=asd-quality-v1.3.0 mode=ALARM state=ANOMALY waiting=0 learning=0 learned=1 anomaly=1 fault=0 green=off red=on
2026-08-16T11:12:13.240+00:00	448.937	FLAGS protocol=asd-quality-v1.3.0 mode=ALARM state=ANOMALY waiting=0 learning=0 learned=1 anomaly=1 fault=0 green=off red=on
2026-08-16T11:12:18.101+00:00	453.797	QUALITY protocol=asd-quality-v1.3.0 phase=DET index=24 total=0 result=OK metrics_valid=1 samples=159744 expected=159744 rms_dbfs=-47.557 dc=-0.607 peak=420 clipped=0 zeros=377 stuck=1160 dropped_delta=0 feature_valid=1 tonalness_valid=1 tonalness_proxy=4.249663 tonal_gate=pending_normal_only
2026-08-16T11:12:18.110+00:00	453.812	DET 24 score=12430.4639 lo=0 hi=6335.04297 led=0 anom=1 total_anom=10 ALARM (uzastopnih=3 nivo=-47.6 dBFS racun=705 ms)
2026-08-16T11:12:18.241+00:00	453.937	FLAGS protocol=asd-quality-v1.3.0 mode=ALARM state=ANOMALY waiting=0 learning=0 learned=1 anomaly=1 fault=0 green=off red=on
2026-08-16T11:12:23.240+00:00	458.937	FLAGS protocol=asd-quality-v1.3.0 mode=ALARM state=ANOMALY waiting=0 learning=0 learned=1 anomaly=1 fault=0 green=off red=on
2026-08-16T11:12:28.139+00:00	463.843	QUALITY protocol=asd-quality-v1.3.0 phase=DET index=25 total=0 result=OK metrics_valid=1 samples=159744 expected=159744 rms_dbfs=-47.621 dc=-0.403 peak=418 clipped=0 zeros=403 stuck=1171 dropped_delta=0 feature_valid=1 tonalness_valid=1 tonalness_proxy=4.182802 tonal_gate=pending_normal_only
2026-08-16T11:12:28.150+00:00	463.843	DET 25 score=12552.9961 lo=0 hi=6335.04297 led=0 anom=1 total_anom=11 ALARM (uzastopnih=3 nivo=-47.6 dBFS racun=705 ms)
2026-08-16T11:12:28.240+00:00	463.937	FLAGS protocol=asd-quality-v1.3.0 mode=ALARM state=ANOMALY waiting=0 learning=0 learned=1 anomaly=1 fault=0 green=off red=on
2026-08-16T11:12:33.240+00:00	468.937	FLAGS protocol=asd-quality-v1.3.0 mode=ALARM state=ANOMALY waiting=0 learning=0 learned=1 anomaly=1 fault=0 green=off red=on
2026-08-16T11:12:38.114+00:00	473.812	QUALITY protocol=asd-quality-v1.3.0 phase=DET index=26 total=0 result=OK metrics_valid=1 samples=159744 expected=159744 rms_dbfs=-47.766 dc=-0.481 peak=418 clipped=0 zeros=423 stuck=1215 dropped_delta=0 feature_valid=1 tonalness_valid=1 tonalness_proxy=4.105009 tonal_gate=pending_normal_only
2026-08-16T11:12:38.123+00:00	473.828	DET 26 score=13468.667 lo=0 hi=6335.04297 led=0 anom=1 total_anom=12 ALARM (uzastopnih=3 nivo=-47.8 dBFS racun=705 ms)
2026-08-16T11:12:38.241+00:00	473.937	FLAGS protocol=asd-quality-v1.3.0 mode=ALARM state=ANOMALY waiting=0 learning=0 learned=1 anomaly=1 fault=0 green=off red=on
2026-08-16T11:12:43.240+00:00	478.937	FLAGS protocol=asd-quality-v1.3.0 mode=ALARM state=ANOMALY waiting=0 learning=0 learned=1 anomaly=1 fault=0 green=off red=on
2026-08-16T11:12:48.089+00:00	483.781	QUALITY protocol=asd-quality-v1.3.0 phase=DET index=27 total=0 result=OK metrics_valid=1 samples=159744 expected=159744 rms_dbfs=-47.866 dc=-0.506 peak=417 clipped=0 zeros=444 stuck=1132 dropped_delta=0 feature_valid=1 tonalness_valid=1 tonalness_proxy=4.127043 tonal_gate=pending_normal_only
2026-08-16T11:12:48.099+00:00	483.797	DET 27 score=12798.291 lo=0 hi=6335.04297 led=0 anom=1 total_anom=13 ALARM (uzastopnih=3 nivo=-47.9 dBFS racun=705 ms)
2026-08-16T11:12:48.240+00:00	483.937	FLAGS protocol=asd-quality-v1.3.0 mode=ALARM state=ANOMALY waiting=0 learning=0 learned=1 anomaly=1 fault=0 green=off red=on
2026-08-16T11:12:53.240+00:00	488.937	FLAGS protocol=asd-quality-v1.3.0 mode=ALARM state=ANOMALY waiting=0 learning=0 learned=1 anomaly=1 fault=0 green=off red=on
2026-08-16T11:12:58.063+00:00	493.765	QUALITY protocol=asd-quality-v1.3.0 phase=DET index=28 total=0 result=OK metrics_valid=1 samples=159744 expected=159744 rms_dbfs=-47.886 dc=-0.408 peak=407 clipped=0 zeros=435 stuck=1005 dropped_delta=0 feature_valid=1 tonalness_valid=1 tonalness_proxy=4.203202 tonal_gate=pending_normal_only
2026-08-16T11:12:58.073+00:00	493.765	DET 28 score=13221.1113 lo=0 hi=6335.04297 led=0 anom=1 total_anom=14 ALARM (uzastopnih=3 nivo=-47.9 dBFS racun=705 ms)
2026-08-16T11:12:58.241+00:00	493.937	FLAGS protocol=asd-quality-v1.3.0 mode=ALARM state=ANOMALY waiting=0 learning=0 learned=1 anomaly=1 fault=0 green=off red=on
2026-08-16T11:13:03.241+00:00	498.937	FLAGS protocol=asd-quality-v1.3.0 mode=ALARM state=ANOMALY waiting=0 learning=0 learned=1 anomaly=1 fault=0 green=off red=on
2026-08-16T11:13:08.037+00:00	503.734	QUALITY protocol=asd-quality-v1.3.0 phase=DET index=29 total=0 result=OK metrics_valid=1 samples=159744 expected=159744 rms_dbfs=-47.943 dc=-0.509 peak=429 clipped=0 zeros=444 stuck=1112 dropped_delta=0 feature_valid=1 tonalness_valid=1 tonalness_proxy=4.130618 tonal_gate=pending_normal_only
2026-08-16T11:13:08.047+00:00	503.750	DET 29 score=12997.9385 lo=0 hi=6335.04297 led=0 anom=1 total_anom=15 ALARM (uzastopnih=3 nivo=-47.9 dBFS racun=705 ms)
2026-08-16T11:13:08.240+00:00	503.937	FLAGS protocol=asd-quality-v1.3.0 mode=ALARM state=ANOMALY waiting=0 learning=0 learned=1 anomaly=1 fault=0 green=off red=on
2026-08-16T11:13:13.240+00:00	508.937	FLAGS protocol=asd-quality-v1.3.0 mode=ALARM state=ANOMALY waiting=0 learning=0 learned=1 anomaly=1 fault=0 green=off red=on
2026-08-16T11:13:18.011+00:00	513.703	QUALITY protocol=asd-quality-v1.3.0 phase=DET index=30 total=0 result=OK metrics_valid=1 samples=159744 expected=159744 rms_dbfs=-47.987 dc=-0.548 peak=430 clipped=0 zeros=432 stuck=1112 dropped_delta=0 feature_valid=1 tonalness_valid=1 tonalness_proxy=4.196122 tonal_gate=pending_normal_only
2026-08-16T11:13:18.021+00:00	513.718	DET 30 score=12960.1963 lo=0 hi=6335.04297 led=0 anom=1 total_anom=16 ALARM (uzastopnih=3 nivo=-48.0 dBFS racun=705 ms)
2026-08-16T11:13:18.240+00:00	513.937	FLAGS protocol=asd-quality-v1.3.0 mode=ALARM state=ANOMALY waiting=0 learning=0 learned=1 anomaly=1 fault=0 green=off red=on
2026-08-16T11:13:23.240+00:00	518.937	FLAGS protocol=asd-quality-v1.3.0 mode=ALARM state=ANOMALY waiting=0 learning=0 learned=1 anomaly=1 fault=0 green=off red=on
2026-08-16T11:13:27.985+00:00	523.687	QUALITY protocol=asd-quality-v1.3.0 phase=DET index=31 total=0 result=OK metrics_valid=1 samples=159744 expected=159744 rms_dbfs=-48.088 dc=-0.443 peak=419 clipped=0 zeros=439 stuck=925 dropped_delta=0 feature_valid=1 tonalness_valid=1 tonalness_proxy=4.235250 tonal_gate=pending_normal_only
2026-08-16T11:13:27.994+00:00	523.687	DET 31 score=12840.208 lo=0 hi=6335.04297 led=0 anom=1 total_anom=17 ALARM (uzastopnih=3 nivo=-48.1 dBFS racun=705 ms)
2026-08-16T11:13:28.240+00:00	523.937	FLAGS protocol=asd-quality-v1.3.0 mode=ALARM state=ANOMALY waiting=0 learning=0 learned=1 anomaly=1 fault=0 green=off red=on
2026-08-16T11:13:33.241+00:00	528.937	FLAGS protocol=asd-quality-v1.3.0 mode=ALARM state=ANOMALY waiting=0 learning=0 learned=1 anomaly=1 fault=0 green=off red=on
2026-08-16T11:13:38.024+00:00	533.718	QUALITY protocol=asd-quality-v1.3.0 phase=DET index=32 total=0 result=OK metrics_valid=1 samples=159744 expected=159744 rms_dbfs=-48.235 dc=-0.502 peak=424 clipped=0 zeros=448 stuck=978 dropped_delta=0 feature_valid=1 tonalness_valid=1 tonalness_proxy=4.205557 tonal_gate=pending_normal_only
2026-08-16T11:13:38.032+00:00	533.734	DET 32 score=13109.957 lo=0 hi=6335.04297 led=0 anom=1 total_anom=18 ALARM (uzastopnih=3 nivo=-48.2 dBFS racun=705 ms)
2026-08-16T11:13:38.241+00:00	533.937	FLAGS protocol=asd-quality-v1.3.0 mode=ALARM state=ANOMALY waiting=0 learning=0 learned=1 anomaly=1 fault=0 green=off red=on
2026-08-16T11:13:43.241+00:00	538.937	FLAGS protocol=asd-quality-v1.3.0 mode=ALARM state=ANOMALY waiting=0 learning=0 learned=1 anomaly=1 fault=0 green=off red=on
2026-08-16T11:13:47.999+00:00	543.703	QUALITY protocol=asd-quality-v1.3.0 phase=DET index=33 total=0 result=OK metrics_valid=1 samples=159744 expected=159744 rms_dbfs=-48.165 dc=-0.550 peak=437 clipped=0 zeros=479 stuck=932 dropped_delta=0 feature_valid=1 tonalness_valid=1 tonalness_proxy=4.176033 tonal_gate=pending_normal_only
2026-08-16T11:13:48.007+00:00	543.703	DET 33 score=13715.8271 lo=0 hi=6335.04297 led=0 anom=1 total_anom=19 ALARM (uzastopnih=3 nivo=-48.2 dBFS racun=705 ms)
2026-08-16T11:13:48.241+00:00	543.937	FLAGS protocol=asd-quality-v1.3.0 mode=ALARM state=ANOMALY waiting=0 learning=0 learned=1 anomaly=1 fault=0 green=off red=on
2026-08-16T11:13:53.240+00:00	548.937	FLAGS protocol=asd-quality-v1.3.0 mode=ALARM state=ANOMALY waiting=0 learning=0 learned=1 anomaly=1 fault=0 green=off red=on
2026-08-16T11:13:57.974+00:00	553.672	QUALITY protocol=asd-quality-v1.3.0 phase=DET index=34 total=0 result=OK metrics_valid=1 samples=159744 expected=159744 rms_dbfs=-48.000 dc=-0.496 peak=425 clipped=0 zeros=422 stuck=873 dropped_delta=0 feature_valid=1 tonalness_valid=1 tonalness_proxy=4.196920 tonal_gate=pending_normal_only
2026-08-16T11:13:57.981+00:00	553.672	DET 34 score=13327.8125 lo=0 hi=6335.04297 led=0 anom=1 total_anom=20 ALARM (uzastopnih=3 nivo=-48.0 dBFS racun=705 ms)
2026-08-16T11:13:58.240+00:00	553.937	FLAGS protocol=asd-quality-v1.3.0 mode=ALARM state=ANOMALY waiting=0 learning=0 learned=1 anomaly=1 fault=0 green=off red=on
2026-08-16T11:14:03.241+00:00	558.937	FLAGS protocol=asd-quality-v1.3.0 mode=ALARM state=ANOMALY waiting=0 learning=0 learned=1 anomaly=1 fault=0 green=off red=on
2026-08-16T11:14:07.949+00:00	563.640	QUALITY protocol=asd-quality-v1.3.0 phase=DET index=35 total=0 result=OK metrics_valid=1 samples=159744 expected=159744 rms_dbfs=-47.999 dc=-0.472 peak=413 clipped=0 zeros=437 stuck=827 dropped_delta=0 feature_valid=1 tonalness_valid=1 tonalness_proxy=4.169020 tonal_gate=pending_normal_only
2026-08-16T11:14:07.956+00:00	563.656	DET 35 score=13195.001 lo=0 hi=6335.04297 led=0 anom=1 total_anom=21 ALARM (uzastopnih=3 nivo=-48.0 dBFS racun=705 ms)
2026-08-16T11:14:08.241+00:00	563.937	FLAGS protocol=asd-quality-v1.3.0 mode=ALARM state=ANOMALY waiting=0 learning=0 learned=1 anomaly=1 fault=0 green=off red=on
2026-08-16T11:14:13.241+00:00	568.937	FLAGS protocol=asd-quality-v1.3.0 mode=ALARM state=ANOMALY waiting=0 learning=0 learned=1 anomaly=1 fault=0 green=off red=on
2026-08-16T11:14:17.922+00:00	573.625	QUALITY protocol=asd-quality-v1.3.0 phase=DET index=36 total=0 result=OK metrics_valid=1 samples=159744 expected=159744 rms_dbfs=-48.171 dc=-0.452 peak=409 clipped=0 zeros=422 stuck=895 dropped_delta=0 feature_valid=1 tonalness_valid=1 tonalness_proxy=4.152995 tonal_gate=pending_normal_only
2026-08-16T11:14:17.930+00:00	573.625	DET 36 score=13122.3574 lo=0 hi=6335.04297 led=0 anom=1 total_anom=22 ALARM (uzastopnih=3 nivo=-48.2 dBFS racun=705 ms)
2026-08-16T11:14:18.241+00:00	573.937	FLAGS protocol=asd-quality-v1.3.0 mode=ALARM state=ANOMALY waiting=0 learning=0 learned=1 anomaly=1 fault=0 green=off red=on
2026-08-16T11:14:23.242+00:00	578.937	FLAGS protocol=asd-quality-v1.3.0 mode=ALARM state=ANOMALY waiting=0 learning=0 learned=1 anomaly=1 fault=0 green=off red=on
2026-08-16T11:14:27.896+00:00	583.593	QUALITY protocol=asd-quality-v1.3.0 phase=DET index=37 total=0 result=OK metrics_valid=1 samples=159744 expected=159744 rms_dbfs=-48.132 dc=-0.502 peak=408 clipped=0 zeros=435 stuck=793 dropped_delta=0 feature_valid=1 tonalness_valid=1 tonalness_proxy=4.182572 tonal_gate=pending_normal_only
2026-08-16T11:14:27.904+00:00	583.609	DET 37 score=13343.0078 lo=0 hi=6335.04297 led=0 anom=1 total_anom=23 ALARM (uzastopnih=3 nivo=-48.1 dBFS racun=705 ms)
2026-08-16T11:14:28.240+00:00	583.937	FLAGS protocol=asd-quality-v1.3.0 mode=ALARM state=ANOMALY waiting=0 learning=0 learned=1 anomaly=1 fault=0 green=off red=on
2026-08-16T11:14:33.241+00:00	588.937	FLAGS protocol=asd-quality-v1.3.0 mode=ALARM state=ANOMALY waiting=0 learning=0 learned=1 anomaly=1 fault=0 green=off red=on
2026-08-16T11:14:37.933+00:00	593.625	QUALITY protocol=asd-quality-v1.3.0 phase=DET index=38 total=0 result=OK metrics_valid=1 samples=159744 expected=159744 rms_dbfs=-48.298 dc=-0.462 peak=400 clipped=0 zeros=480 stuck=751 dropped_delta=0 feature_valid=1 tonalness_valid=1 tonalness_proxy=4.167741 tonal_gate=pending_normal_only
2026-08-16T11:14:37.942+00:00	593.640	DET 38 score=12961.0508 lo=0 hi=6335.04297 led=0 anom=1 total_anom=24 ALARM (uzastopnih=3 nivo=-48.3 dBFS racun=705 ms)
2026-08-16T11:14:38.241+00:00	593.937	FLAGS protocol=asd-quality-v1.3.0 mode=ALARM state=ANOMALY waiting=0 learning=0 learned=1 anomaly=1 fault=0 green=off red=on
2026-08-16T11:14:43.242+00:00	598.937	FLAGS protocol=asd-quality-v1.3.0 mode=ALARM state=ANOMALY waiting=0 learning=0 learned=1 anomaly=1 fault=0 green=off red=on
2026-08-16T11:14:47.908+00:00	603.609	QUALITY protocol=asd-quality-v1.3.0 phase=DET index=39 total=0 result=OK metrics_valid=1 samples=159744 expected=159744 rms_dbfs=-48.297 dc=-0.490 peak=405 clipped=0 zeros=489 stuck=812 dropped_delta=0 feature_valid=1 tonalness_valid=1 tonalness_proxy=4.194483 tonal_gate=pending_normal_only
2026-08-16T11:14:47.916+00:00	603.609	DET 39 score=12738.9668 lo=0 hi=6335.04297 led=0 anom=1 total_anom=25 ALARM (uzastopnih=3 nivo=-48.3 dBFS racun=705 ms)
2026-08-16T11:14:48.240+00:00	603.937	FLAGS protocol=asd-quality-v1.3.0 mode=ALARM state=ANOMALY waiting=0 learning=0 learned=1 anomaly=1 fault=0 green=off red=on
2026-08-16T11:14:53.240+00:00	608.937	FLAGS protocol=asd-quality-v1.3.0 mode=ALARM state=ANOMALY waiting=0 learning=0 learned=1 anomaly=1 fault=0 green=off red=on
2026-08-16T11:14:57.882+00:00	613.578	QUALITY protocol=asd-quality-v1.3.0 phase=DET index=40 total=0 result=OK metrics_valid=1 samples=159744 expected=159744 rms_dbfs=-48.927 dc=-0.517 peak=420 clipped=0 zeros=490 stuck=1091 dropped_delta=0 feature_valid=1 tonalness_valid=1 tonalness_proxy=4.149355 tonal_gate=pending_normal_only
2026-08-16T11:14:57.891+00:00	613.593	DET 40 score=12679.4434 lo=0 hi=6335.04297 led=0 anom=1 total_anom=26 ALARM (uzastopnih=3 nivo=-48.9 dBFS racun=705 ms)
2026-08-16T11:14:58.240+00:00	613.937	FLAGS protocol=asd-quality-v1.3.0 mode=ALARM state=ANOMALY waiting=0 learning=0 learned=1 anomaly=1 fault=0 green=off red=on
2026-08-16T11:15:03.242+00:00	618.937	FLAGS protocol=asd-quality-v1.3.0 mode=ALARM state=ANOMALY waiting=0 learning=0 learned=1 anomaly=1 fault=0 green=off red=on
2026-08-16T11:15:07.856+00:00	623.547	QUALITY protocol=asd-quality-v1.3.0 phase=DET index=41 total=0 result=OK metrics_valid=1 samples=159744 expected=159744 rms_dbfs=-49.393 dc=-0.453 peak=399 clipped=0 zeros=482 stuck=1056 dropped_delta=0 feature_valid=1 tonalness_valid=1 tonalness_proxy=4.168867 tonal_gate=pending_normal_only
2026-08-16T11:15:07.865+00:00	623.562	DET 41 score=13586.4482 lo=0 hi=6335.04297 led=0 anom=1 total_anom=27 ALARM (uzastopnih=3 nivo=-49.4 dBFS racun=705 ms)
2026-08-16T11:15:08.241+00:00	623.937	FLAGS protocol=asd-quality-v1.3.0 mode=ALARM state=ANOMALY waiting=0 learning=0 learned=1 anomaly=1 fault=0 green=off red=on
2026-08-16T11:15:13.240+00:00	628.937	FLAGS protocol=asd-quality-v1.3.0 mode=ALARM state=ANOMALY waiting=0 learning=0 learned=1 anomaly=1 fault=0 green=off red=on
2026-08-16T11:15:17.831+00:00	633.531	QUALITY protocol=asd-quality-v1.3.0 phase=DET index=42 total=0 result=OK metrics_valid=1 samples=159744 expected=159744 rms_dbfs=-49.607 dc=-0.543 peak=362 clipped=0 zeros=550 stuck=1119 dropped_delta=0 feature_valid=1 tonalness_valid=1 tonalness_proxy=4.177290 tonal_gate=pending_normal_only
2026-08-16T11:15:17.840+00:00	633.531	DET 42 score=13099.4619 lo=0 hi=6335.04297 led=0 anom=1 total_anom=28 ALARM (uzastopnih=3 nivo=-49.6 dBFS racun=705 ms)
2026-08-16T11:15:18.240+00:00	633.937	FLAGS protocol=asd-quality-v1.3.0 mode=ALARM state=ANOMALY waiting=0 learning=0 learned=1 anomaly=1 fault=0 green=off red=on
2026-08-16T11:15:23.242+00:00	638.937	FLAGS protocol=asd-quality-v1.3.0 mode=ALARM state=ANOMALY waiting=0 learning=0 learned=1 anomaly=1 fault=0 green=off red=on
2026-08-16T11:15:27.805+00:00	643.500	QUALITY protocol=asd-quality-v1.3.0 phase=DET index=43 total=0 result=OK metrics_valid=1 samples=159744 expected=159744 rms_dbfs=-49.752 dc=-0.462 peak=358 clipped=0 zeros=590 stuck=1126 dropped_delta=0 feature_valid=1 tonalness_valid=1 tonalness_proxy=4.164826 tonal_gate=pending_normal_only
2026-08-16T11:15:27.814+00:00	643.515	DET 43 score=13174.7168 lo=0 hi=6335.04297 led=0 anom=1 total_anom=29 ALARM (uzastopnih=3 nivo=-49.8 dBFS racun=705 ms)
2026-08-16T11:15:28.241+00:00	643.937	FLAGS protocol=asd-quality-v1.3.0 mode=ALARM state=ANOMALY waiting=0 learning=0 learned=1 anomaly=1 fault=0 green=off red=on
2026-08-16T11:15:33.241+00:00	648.937	FLAGS protocol=asd-quality-v1.3.0 mode=ALARM state=ANOMALY waiting=0 learning=0 learned=1 anomaly=1 fault=0 green=off red=on
2026-08-16T11:15:37.778+00:00	653.468	QUALITY protocol=asd-quality-v1.3.0 phase=DET index=44 total=0 result=OK metrics_valid=1 samples=159744 expected=159744 rms_dbfs=-49.635 dc=-0.501 peak=354 clipped=0 zeros=560 stuck=1274 dropped_delta=0 feature_valid=1 tonalness_valid=1 tonalness_proxy=4.119202 tonal_gate=pending_normal_only
2026-08-16T11:15:37.788+00:00	653.484	DET 44 score=13091.5322 lo=0 hi=6335.04297 led=0 anom=1 total_anom=30 ALARM (uzastopnih=3 nivo=-49.6 dBFS racun=705 ms)
2026-08-16T11:15:38.240+00:00	653.937	FLAGS protocol=asd-quality-v1.3.0 mode=ALARM state=ANOMALY waiting=0 learning=0 learned=1 anomaly=1 fault=0 green=off red=on
2026-08-16T11:15:43.242+00:00	658.937	FLAGS protocol=asd-quality-v1.3.0 mode=ALARM state=ANOMALY waiting=0 learning=0 learned=1 anomaly=1 fault=0 green=off red=on
2026-08-16T11:15:47.817+00:00	663.515	QUALITY protocol=asd-quality-v1.3.0 phase=DET index=45 total=0 result=OK metrics_valid=1 samples=159744 expected=159744 rms_dbfs=-48.796 dc=-0.486 peak=400 clipped=0 zeros=536 stuck=1162 dropped_delta=0 feature_valid=1 tonalness_valid=1 tonalness_proxy=4.234356 tonal_gate=pending_normal_only
2026-08-16T11:15:47.827+00:00	663.531	DET 45 score=13301.1035 lo=0 hi=6335.04297 led=0 anom=1 total_anom=31 ALARM (uzastopnih=3 nivo=-48.8 dBFS racun=705 ms)
2026-08-16T11:15:48.240+00:00	663.937	FLAGS protocol=asd-quality-v1.3.0 mode=ALARM state=ANOMALY waiting=0 learning=0 learned=1 anomaly=1 fault=0 green=off red=on
2026-08-16T11:15:53.241+00:00	668.937	FLAGS protocol=asd-quality-v1.3.0 mode=ALARM state=ANOMALY waiting=0 learning=0 learned=1 anomaly=1 fault=0 green=off red=on
2026-08-16T11:15:57.791+00:00	673.484	QUALITY protocol=asd-quality-v1.3.0 phase=DET index=46 total=0 result=OK metrics_valid=1 samples=159744 expected=159744 rms_dbfs=-49.068 dc=-0.478 peak=391 clipped=0 zeros=522 stuck=1327 dropped_delta=0 feature_valid=1 tonalness_valid=1 tonalness_proxy=4.282300 tonal_gate=pending_normal_only
2026-08-16T11:15:57.800+00:00	673.500	DET 46 score=12507.5537 lo=0 hi=6335.04297 led=0 anom=1 total_anom=32 ALARM (uzastopnih=3 nivo=-49.1 dBFS racun=705 ms)
2026-08-16T11:15:58.241+00:00	673.937	FLAGS protocol=asd-quality-v1.3.0 mode=ALARM state=ANOMALY waiting=0 learning=0 learned=1 anomaly=1 fault=0 green=off red=on
2026-08-16T11:16:03.241+00:00	678.937	FLAGS protocol=asd-quality-v1.3.0 mode=ALARM state=ANOMALY waiting=0 learning=0 learned=1 anomaly=1 fault=0 green=off red=on
2026-08-16T11:16:07.766+00:00	683.468	QUALITY protocol=asd-quality-v1.3.0 phase=DET index=47 total=0 result=OK metrics_valid=1 samples=159744 expected=159744 rms_dbfs=-49.041 dc=-0.555 peak=365 clipped=0 zeros=498 stuck=1266 dropped_delta=0 feature_valid=1 tonalness_valid=1 tonalness_proxy=4.286739 tonal_gate=pending_normal_only
2026-08-16T11:16:07.775+00:00	683.468	DET 47 score=12428.0967 lo=0 hi=6335.04297 led=0 anom=1 total_anom=33 ALARM (uzastopnih=3 nivo=-49.0 dBFS racun=705 ms)
2026-08-16T11:16:08.242+00:00	683.937	FLAGS protocol=asd-quality-v1.3.0 mode=ALARM state=ANOMALY waiting=0 learning=0 learned=1 anomaly=1 fault=0 green=off red=on
2026-08-16T11:16:13.241+00:00	688.937	FLAGS protocol=asd-quality-v1.3.0 mode=ALARM state=ANOMALY waiting=0 learning=0 learned=1 anomaly=1 fault=0 green=off red=on
2026-08-16T11:16:17.742+00:00	693.437	QUALITY protocol=asd-quality-v1.3.0 phase=DET index=48 total=0 result=OK metrics_valid=1 samples=159744 expected=159744 rms_dbfs=-48.898 dc=-0.494 peak=372 clipped=0 zeros=457 stuck=1110 dropped_delta=0 feature_valid=1 tonalness_valid=1 tonalness_proxy=4.296677 tonal_gate=pending_normal_only
2026-08-16T11:16:17.749+00:00	693.453	DET 48 score=12512.043 lo=0 hi=6335.04297 led=0 anom=1 total_anom=34 ALARM (uzastopnih=3 nivo=-48.9 dBFS racun=705 ms)
2026-08-16T11:16:18.240+00:00	693.937	FLAGS protocol=asd-quality-v1.3.0 mode=ALARM state=ANOMALY waiting=0 learning=0 learned=1 anomaly=1 fault=0 green=off red=on
2026-08-16T11:16:23.242+00:00	698.937	FLAGS protocol=asd-quality-v1.3.0 mode=ALARM state=ANOMALY waiting=0 learning=0 learned=1 anomaly=1 fault=0 green=off red=on
2026-08-16T11:16:27.716+00:00	703.406	QUALITY protocol=asd-quality-v1.3.0 phase=DET index=49 total=0 result=OK metrics_valid=1 samples=159744 expected=159744 rms_dbfs=-49.392 dc=-0.472 peak=361 clipped=0 zeros=528 stuck=1195 dropped_delta=0 feature_valid=1 tonalness_valid=1 tonalness_proxy=4.301573 tonal_gate=pending_normal_only
2026-08-16T11:16:27.723+00:00	703.422	DET 49 score=12490.0215 lo=0 hi=6335.04297 led=0 anom=1 total_anom=35 ALARM (uzastopnih=3 nivo=-49.4 dBFS racun=705 ms)
2026-08-16T11:16:28.240+00:00	703.937	FLAGS protocol=asd-quality-v1.3.0 mode=ALARM state=ANOMALY waiting=0 learning=0 learned=1 anomaly=1 fault=0 green=off red=on
2026-08-16T11:16:33.241+00:00	708.937	FLAGS protocol=asd-quality-v1.3.0 mode=ALARM state=ANOMALY waiting=0 learning=0 learned=1 anomaly=1 fault=0 green=off red=on
2026-08-16T11:16:37.689+00:00	713.390	QUALITY protocol=asd-quality-v1.3.0 phase=DET index=50 total=0 result=OK metrics_valid=1 samples=159744 expected=159744 rms_dbfs=-49.554 dc=-0.491 peak=357 clipped=0 zeros=535 stuck=1247 dropped_delta=0 feature_valid=1 tonalness_valid=1 tonalness_proxy=4.271455 tonal_gate=pending_normal_only
2026-08-16T11:16:37.697+00:00	713.390	DET 50 score=12540.5996 lo=0 hi=6335.04297 led=0 anom=1 total_anom=36 ALARM (uzastopnih=3 nivo=-49.6 dBFS racun=705 ms)
2026-08-16T11:16:38.241+00:00	713.937	FLAGS protocol=asd-quality-v1.3.0 mode=ALARM state=ANOMALY waiting=0 learning=0 learned=1 anomaly=1 fault=0 green=off red=on
2026-08-16T11:16:43.241+00:00	718.937	FLAGS protocol=asd-quality-v1.3.0 mode=ALARM state=ANOMALY waiting=0 learning=0 learned=1 anomaly=1 fault=0 green=off red=on
2026-08-16T11:16:47.728+00:00	723.422	QUALITY protocol=asd-quality-v1.3.0 phase=DET index=51 total=0 result=OK metrics_valid=1 samples=159744 expected=159744 rms_dbfs=-49.686 dc=-0.507 peak=357 clipped=0 zeros=573 stuck=1209 dropped_delta=0 feature_valid=1 tonalness_valid=1 tonalness_proxy=4.254843 tonal_gate=pending_normal_only
2026-08-16T11:16:47.735+00:00	723.437	DET 51 score=12252.0371 lo=0 hi=6335.04297 led=0 anom=1 total_anom=37 ALARM (uzastopnih=3 nivo=-49.7 dBFS racun=705 ms)
2026-08-16T11:16:48.241+00:00	723.937	FLAGS protocol=asd-quality-v1.3.0 mode=ALARM state=ANOMALY waiting=0 learning=0 learned=1 anomaly=1 fault=0 green=off red=on
2026-08-16T11:16:53.240+00:00	728.937	FLAGS protocol=asd-quality-v1.3.0 mode=ALARM state=ANOMALY waiting=0 learning=0 learned=1 anomaly=1 fault=0 green=off red=on
2026-08-16T11:16:57.702+00:00	733.406	QUALITY protocol=asd-quality-v1.3.0 phase=DET index=52 total=0 result=OK metrics_valid=1 samples=159744 expected=159744 rms_dbfs=-49.573 dc=-0.478 peak=380 clipped=0 zeros=594 stuck=1116 dropped_delta=0 feature_valid=1 tonalness_valid=1 tonalness_proxy=4.270253 tonal_gate=pending_normal_only
2026-08-16T11:16:57.709+00:00	733.406	DET 52 score=12552.3926 lo=0 hi=6335.04297 led=0 anom=1 total_anom=38 ALARM (uzastopnih=3 nivo=-49.6 dBFS racun=705 ms)
2026-08-16T11:16:58.241+00:00	733.937	FLAGS protocol=asd-quality-v1.3.0 mode=ALARM state=ANOMALY waiting=0 learning=0 learned=1 anomaly=1 fault=0 green=off red=on
2026-08-16T11:17:03.241+00:00	738.937	FLAGS protocol=asd-quality-v1.3.0 mode=ALARM state=ANOMALY waiting=0 learning=0 learned=1 anomaly=1 fault=0 green=off red=on
