2026-08-27T18:50:02.560+00:00	1.140	I (1119) esp_psram: SPI SRAM memory test OK
2026-08-27T18:50:02.569+00:00	1.156	I (1127) cpu_start: GPIO 44 and 43 are used as console UART I/O pins
2026-08-27T18:50:02.570+00:00	1.156	I (1128) cpu_start: Pro cpu start user code
2026-08-27T18:50:02.571+00:00	1.156	I (1128) cpu_start: cpu freq: 240000000 Hz
2026-08-27T18:50:02.574+00:00	1.156	I (1130) app_init: Application information:
2026-08-27T18:50:02.579+00:00	1.171	I (1134) app_init: Project name:     esp32s3_asd
2026-08-27T18:50:02.585+00:00	1.171	I (1138) app_init: App version:      on-device-verified-78-g14aaebb-
2026-08-27T18:50:02.590+00:00	1.171	I (1144) app_init: Compile time:     Aug 27 2026 20:46:33
2026-08-27T18:50:02.594+00:00	1.187	I (1149) app_init: ELF file SHA256:  2682cfda9...
2026-08-27T18:50:02.627+00:00	1.218	I (1154) app_init: ESP-IDF:          v5.5.5-34-g21f3b71cbbf
2026-08-27T18:50:02.628+00:00	1.218	I (1159) efuse_init: Min chip rev:     v0.0
2026-08-27T18:50:02.629+00:00	1.218	I (1163) efuse_init: Max chip rev:     v0.99 
2026-08-27T18:50:02.631+00:00	1.218	I (1167) efuse_init: Chip rev:         v0.2
2026-08-27T18:50:02.633+00:00	1.218	I (1171) heap_init: Initializing. RAM available for dynamic allocation:
2026-08-27T18:50:02.634+00:00	1.218	I (1177) heap_init: At 3FCD1770 len 00017FA0 (95 KiB): RAM
2026-08-27T18:50:02.635+00:00	1.218	I (1182) heap_init: At 3FCE9710 len 00005724 (21 KiB): RAM
2026-08-27T18:50:02.636+00:00	1.218	I (1188) heap_init: At 3FCF0000 len 00008000 (32 KiB): DRAM
2026-08-27T18:50:02.640+00:00	1.234	I (1193) heap_init: At 600FE000 len 00001FE8 (7 KiB): RTCRAM
2026-08-27T18:50:02.647+00:00	1.234	I (1198) esp_psram: Adding pool of 16384K of PSRAM memory to heap allocator
2026-08-27T18:50:02.657+00:00	1.250	W (1205) spi_flash: Octal flash chip is using but dio mode is selected, will automatically switch to Octal mode
2026-08-27T18:50:02.661+00:00	1.250	I (1215) spi_flash: detected chip: mxic (opi)
2026-08-27T18:50:02.664+00:00	1.250	I (1219) spi_flash: flash io: opi_str
2026-08-27T18:50:02.670+00:00	1.250	I (1222) sleep_gpio: Configure to isolate all GPIO pins in sleep state
2026-08-27T18:50:02.677+00:00	1.265	I (1229) sleep_gpio: Enable automatic switching of GPIO sleep configuration
2026-08-27T18:50:02.681+00:00	1.265	I (1236) main_task: Started on CPU0
2026-08-27T18:50:02.688+00:00	1.281	I (1236) esp_psram: Reserving pool of 32K of internal memory for DMA/internal allocations
2026-08-27T18:50:02.691+00:00	1.281	I (1246) main_task: Calling app_main()
2026-08-27T18:50:02.694+00:00	1.281	I (1246) asd: PSRAM: 16777216 B
2026-08-27T18:50:02.698+00:00	1.281	I (1256) asd: free heap: 16914407 B
2026-08-27T18:50:02.701+00:00	1.281	I (1256) asd: I2C idle: SDA=1 SCL=1
2026-08-27T18:50:02.705+00:00	1.296	I (1266) asd: I2C poslije probe: SDA=1 SCL=1
2026-08-27T18:50:02.710+00:00	1.296	E (1266) asd: INA226 nije pronadjen na adresama 0x40-0x4F
2026-08-27T18:50:02.717+00:00	1.296	W (1266) i2s_common: dma frame num is out of dma buffer size, limited to 1023
2026-08-27T18:50:03.384+00:00	1.968	W (1946) psdlive: DEVELOPMENT policy: NVS profile load/save je zabranjen
2026-08-27T18:50:03.403+00:00	1.984	FLAGS protocol=asd-quality-v1.6.0 mode=IDLE state=NO_MACHINE waiting=1 learning=0 learned=0 anomaly=0 hold=0 fault=0 green=flash_2s red=off guided25_available=1 workflow_pending=DEFAULT research_telemetry=1 profile_persistence_allowed=0 dropped=0
2026-08-27T18:50:03.405+00:00	2.000	I (1956) psdlive: === SAMOSTALNI PSD DETEKTOR ===
2026-08-27T18:50:03.415+00:00	2.000	I (1966) psdlive: model: 96 traka, matrica 96x96 iz flesa, naucen na 990 normalnih snimaka ventilatora
2026-08-27T18:50:03.419+00:00	2.000	I (1976) psdlive: 1) pusti ventilator koji radi NORMALNO
2026-08-27T18:50:03.431+00:00	2.015	I (1976) psdlive: 2) pritisni taster ILI posalji PRESS sa konzole -> ucenje 10 x 10 s = 100 s, lampica treperi
2026-08-27T18:50:03.436+00:00	2.031	I (1986) psdlive: 3) lampica stalno svijetli = naucio; tek tada izazovi kvar
2026-08-27T18:50:03.442+00:00	2.031	I (1996) psdlive: pritisni taster (GPIO10) ili posalji PRESS da pocne ucenje
2026-08-27T18:50:08.405+00:00	7.000	FLAGS protocol=asd-quality-v1.6.0 mode=IDLE state=NO_MACHINE waiting=1 learning=0 learned=0 anomaly=0 hold=0 fault=0 green=flash_2s red=off guided25_available=1 workflow_pending=DEFAULT research_telemetry=1 profile_persistence_allowed=0 dropped=0
2026-08-27T18:50:13.415+00:00	12.000	FLAGS protocol=asd-quality-v1.6.0 mode=IDLE state=NO_MACHINE waiting=1 learning=0 learned=0 anomaly=0 hold=0 fault=0 green=flash_2s red=off guided25_available=1 workflow_pending=DEFAULT research_telemetry=1 profile_persistence_allowed=0 dropped=0
2026-08-27T18:50:18.425+00:00	17.015	FLAGS protocol=asd-quality-v1.6.0 mode=IDLE state=NO_MACHINE waiting=1 learning=0 learned=0 anomaly=0 hold=0 fault=0 green=flash_2s red=off guided25_available=1 workflow_pending=DEFAULT research_telemetry=1 profile_persistence_allowed=0 dropped=0
2026-08-27T18:50:23.434+00:00	22.015	FLAGS protocol=asd-quality-v1.6.0 mode=IDLE state=NO_MACHINE waiting=1 learning=0 learned=0 anomaly=0 hold=0 fault=0 green=flash_2s red=off guided25_available=1 workflow_pending=DEFAULT research_telemetry=1 profile_persistence_allowed=0 dropped=0
2026-08-27T18:50:28.445+00:00	27.031	FLAGS protocol=asd-quality-v1.6.0 mode=IDLE state=NO_MACHINE waiting=1 learning=0 learned=0 anomaly=0 hold=0 fault=0 green=flash_2s red=off guided25_available=1 workflow_pending=DEFAULT research_telemetry=1 profile_persistence_allowed=0 dropped=0
2026-08-27T18:50:33.457+00:00	32.046	FLAGS protocol=asd-quality-v1.6.0 mode=IDLE state=NO_MACHINE waiting=1 learning=0 learned=0 anomaly=0 hold=0 fault=0 green=flash_2s red=off guided25_available=1 workflow_pending=DEFAULT research_telemetry=1 profile_persistence_allowed=0 dropped=0
2026-08-27T18:50:38.465+00:00	37.046	FLAGS protocol=asd-quality-v1.6.0 mode=IDLE state=NO_MACHINE waiting=1 learning=0 learned=0 anomaly=0 hold=0 fault=0 green=flash_2s red=off guided25_available=1 workflow_pending=DEFAULT research_telemetry=1 profile_persistence_allowed=0 dropped=0
2026-08-27T18:50:43.480+00:00	42.062	FLAGS protocol=asd-quality-v1.6.0 mode=IDLE state=NO_MACHINE waiting=1 learning=0 learned=0 anomaly=0 hold=0 fault=0 green=flash_2s red=off guided25_available=1 workflow_pending=DEFAULT research_telemetry=1 profile_persistence_allowed=0 dropped=0
2026-08-27T18:50:48.490+00:00	47.078	FLAGS protocol=asd-quality-v1.6.0 mode=IDLE state=NO_MACHINE waiting=1 learning=0 learned=0 anomaly=0 hold=0 fault=0 green=flash_2s red=off guided25_available=1 workflow_pending=DEFAULT research_telemetry=1 profile_persistence_allowed=0 dropped=0
2026-08-27T18:50:52.552+00:00	51.140	VWORKFLOW mode=GUIDED25 result=accepted
2026-08-27T18:50:52.553+00:00	51.140	VBUTTON protocol=asd-quality-v1.6.0 source=console event=SHORT result=accepted
2026-08-27T18:50:52.562+00:00	51.156	BUTTON protocol=asd-quality-v1.6.0 event=SHORT mode=IDLE command=START_LEARNING discards=0
2026-08-27T18:50:52.570+00:00	51.156	SESSION protocol=asd-quality-v1.6.0 action=STARTED source=BUTTON reason=OPERATOR_REQUEST discards_calibration=0
2026-08-27T18:50:52.579+00:00	51.171	STATE protocol=asd-quality-v1.6.0 from=NO_MACHINE to=NO_MACHINE reason=BOOT_FAIL_CLOSED
2026-08-27T18:50:52.601+00:00	51.187	COMMISSION protocol=asd-quality-v1.6.0 policy=asd-commissioning-policy-v1.0.0-development developmental=1 action=STARTED phase=SETTLE index=0 total=8 result=NONE score_valid=0 score=0 level_dbfs=-999 tonalness_proxy=0 feature_drift=0
2026-08-27T18:50:52.622+00:00	51.203	FLAGS protocol=asd-quality-v1.6.0 mode=LEARNING state=NO_MACHINE waiting=0 learning=1 learned=0 anomaly=0 hold=0 fault=0 green=blink_5hz red=off guided25_available=1 workflow_pending=DEFAULT research_telemetry=1 profile_persistence_allowed=0 dropped=0
2026-08-27T18:50:57.605+00:00	56.187	FLAGS protocol=asd-quality-v1.6.0 mode=LEARNING state=NO_MACHINE waiting=0 learning=1 learned=0 anomaly=0 hold=0 fault=0 green=blink_5hz red=off guided25_available=1 workflow_pending=DEFAULT research_telemetry=1 profile_persistence_allowed=0 dropped=0
2026-08-27T18:51:02.537+00:00	61.125	COMMISSION protocol=asd-quality-v1.6.0 policy=asd-commissioning-policy-v1.0.0-development developmental=1 action=WINDOW phase=SETTLE index=1 total=8 result=NONE score_valid=0 score=0 level_dbfs=-65.6381912 tonalness_proxy=2.86681747 feature_drift=0
2026-08-27T18:51:02.616+00:00	61.203	FLAGS protocol=asd-quality-v1.6.0 mode=LEARNING state=NO_MACHINE waiting=0 learning=1 learned=0 anomaly=0 hold=0 fault=0 green=blink_5hz red=off guided25_available=1 workflow_pending=DEFAULT research_telemetry=1 profile_persistence_allowed=0 dropped=0
2026-08-27T18:51:07.626+00:00	66.218	FLAGS protocol=asd-quality-v1.6.0 mode=LEARNING state=NO_MACHINE waiting=0 learning=1 learned=0 anomaly=0 hold=0 fault=0 green=blink_5hz red=off guided25_available=1 workflow_pending=DEFAULT research_telemetry=1 profile_persistence_allowed=0 dropped=0
2026-08-27T18:51:12.581+00:00	71.171	COMMISSION protocol=asd-quality-v1.6.0 policy=asd-commissioning-policy-v1.0.0-development developmental=1 action=WINDOW phase=SETTLE index=2 total=8 result=NONE score_valid=0 score=0 level_dbfs=-65.2948532 tonalness_proxy=2.67832708 feature_drift=0.108711898
2026-08-27T18:51:12.635+00:00	71.218	FLAGS protocol=asd-quality-v1.6.0 mode=LEARNING state=NO_MACHINE waiting=0 learning=1 learned=0 anomaly=0 hold=0 fault=0 green=blink_5hz red=off guided25_available=1 workflow_pending=DEFAULT research_telemetry=1 profile_persistence_allowed=0 dropped=0
2026-08-27T18:51:17.647+00:00	76.234	FLAGS protocol=asd-quality-v1.6.0 mode=LEARNING state=NO_MACHINE waiting=0 learning=1 learned=0 anomaly=0 hold=0 fault=0 green=blink_5hz red=off guided25_available=1 workflow_pending=DEFAULT research_telemetry=1 profile_persistence_allowed=0 dropped=0
2026-08-27T18:51:22.554+00:00	81.140	COMMISSION protocol=asd-quality-v1.6.0 policy=asd-commissioning-policy-v1.0.0-development developmental=1 action=WINDOW phase=SETTLE index=3 total=8 result=NONE score_valid=0 score=0 level_dbfs=-55.071434 tonalness_proxy=2.95705414 feature_drift=0.427155823
2026-08-27T18:51:22.656+00:00	81.250	FLAGS protocol=asd-quality-v1.6.0 mode=LEARNING state=NO_MACHINE waiting=0 learning=1 learned=0 anomaly=0 hold=0 fault=0 green=blink_5hz red=off guided25_available=1 workflow_pending=DEFAULT research_telemetry=1 profile_persistence_allowed=0 dropped=0
2026-08-27T18:51:27.666+00:00	86.250	FLAGS protocol=asd-quality-v1.6.0 mode=LEARNING state=NO_MACHINE waiting=0 learning=1 learned=0 anomaly=0 hold=0 fault=0 green=blink_5hz red=off guided25_available=1 workflow_pending=DEFAULT research_telemetry=1 profile_persistence_allowed=0 dropped=0
2026-08-27T18:51:32.526+00:00	91.109	COMMISSION protocol=asd-quality-v1.6.0 policy=asd-commissioning-policy-v1.0.0-development developmental=1 action=WINDOW phase=SETTLE index=4 total=8 result=NONE score_valid=0 score=0 level_dbfs=-59.3600616 tonalness_proxy=2.81853437 feature_drift=0.237930581
2026-08-27T18:51:32.678+00:00	91.265	FLAGS protocol=asd-quality-v1.6.0 mode=LEARNING state=NO_MACHINE waiting=0 learning=1 learned=0 anomaly=0 hold=0 fault=0 green=blink_5hz red=off guided25_available=1 workflow_pending=DEFAULT research_telemetry=1 profile_persistence_allowed=0 dropped=0
2026-08-27T18:51:37.700+00:00	96.281	FLAGS protocol=asd-quality-v1.6.0 mode=LEARNING state=NO_MACHINE waiting=0 learning=1 learned=0 anomaly=0 hold=0 fault=0 green=blink_5hz red=off guided25_available=1 workflow_pending=DEFAULT research_telemetry=1 profile_persistence_allowed=0 dropped=0
2026-08-27T18:51:42.504+00:00	101.093	COMMISSION protocol=asd-quality-v1.6.0 policy=asd-commissioning-policy-v1.0.0-development developmental=1 action=WINDOW phase=SETTLE index=5 total=8 result=NONE score_valid=0 score=0 level_dbfs=-64.6146545 tonalness_proxy=2.73536587 feature_drift=0.280219793
2026-08-27T18:51:42.701+00:00	101.296	FLAGS protocol=asd-quality-v1.6.0 mode=LEARNING state=NO_MACHINE waiting=0 learning=1 learned=0 anomaly=0 hold=0 fault=0 green=blink_5hz red=off guided25_available=1 workflow_pending=DEFAULT research_telemetry=1 profile_persistence_allowed=0 dropped=0
2026-08-27T18:51:47.710+00:00	106.296	FLAGS protocol=asd-quality-v1.6.0 mode=LEARNING state=NO_MACHINE waiting=0 learning=1 learned=0 anomaly=0 hold=0 fault=0 green=blink_5hz red=off guided25_available=1 workflow_pending=DEFAULT research_telemetry=1 profile_persistence_allowed=0 dropped=0
2026-08-27T18:51:52.478+00:00	111.062	COMMISSION protocol=asd-quality-v1.6.0 policy=asd-commissioning-policy-v1.0.0-development developmental=1 action=WINDOW phase=SETTLE index=6 total=8 result=NONE score_valid=0 score=0 level_dbfs=-62.9291916 tonalness_proxy=3.82891273 feature_drift=0.147374883
2026-08-27T18:51:52.716+00:00	111.296	FLAGS protocol=asd-quality-v1.6.0 mode=LEARNING state=NO_MACHINE waiting=0 learning=1 learned=0 anomaly=0 hold=0 fault=0 green=blink_5hz red=off guided25_available=1 workflow_pending=DEFAULT research_telemetry=1 profile_persistence_allowed=0 dropped=0
2026-08-27T18:51:57.729+00:00	116.312	FLAGS protocol=asd-quality-v1.6.0 mode=LEARNING state=NO_MACHINE waiting=0 learning=1 learned=0 anomaly=0 hold=0 fault=0 green=blink_5hz red=off guided25_available=1 workflow_pending=DEFAULT research_telemetry=1 profile_persistence_allowed=0 dropped=0
2026-08-27T18:52:02.449+00:00	121.031	COMMISSION protocol=asd-quality-v1.6.0 policy=asd-commissioning-policy-v1.0.0-development developmental=1 action=WINDOW phase=SETTLE index=7 total=8 result=NONE score_valid=0 score=0 level_dbfs=-65.2982941 tonalness_proxy=2.71673489 feature_drift=0.274977177
