2026-08-09T20:36:45.327+00:00	1.109	I (1101) esp_psram: SPI SRAM memory test OK
2026-08-09T20:36:45.336+00:00	1.109	I (1110) cpu_start: GPIO 44 and 43 are used as console UART I/O pins
2026-08-09T20:36:45.337+00:00	1.109	I (1110) cpu_start: Pro cpu start user code
2026-08-09T20:36:45.339+00:00	1.109	I (1110) cpu_start: cpu freq: 240000000 Hz
2026-08-09T20:36:45.341+00:00	1.125	I (1112) app_init: Application information:
2026-08-09T20:36:45.345+00:00	1.125	I (1116) app_init: Project name:     esp32s3_asd
2026-08-09T20:36:45.352+00:00	1.125	I (1120) app_init: App version:      on-device-verified-29-g1c6ea37-
2026-08-09T20:36:45.357+00:00	1.141	I (1126) app_init: Compile time:     Aug  9 2026 15:46:34
2026-08-09T20:36:45.361+00:00	1.141	I (1132) app_init: ELF file SHA256:  4031440cb...
2026-08-09T20:36:45.401+00:00	1.172	I (1136) app_init: ESP-IDF:          v5.5.5-34-g21f3b71cbbf
2026-08-09T20:36:45.402+00:00	1.188	I (1141) efuse_init: Min chip rev:     v0.0
2026-08-09T20:36:45.404+00:00	1.188	I (1145) efuse_init: Max chip rev:     v0.99 
2026-08-09T20:36:45.405+00:00	1.188	I (1149) efuse_init: Chip rev:         v0.2
2026-08-09T20:36:45.408+00:00	1.188	I (1153) heap_init: Initializing. RAM available for dynamic allocation:
2026-08-09T20:36:45.408+00:00	1.188	I (1160) heap_init: At 3FCCFA68 len 00019CA8 (103 KiB): RAM
2026-08-09T20:36:45.410+00:00	1.188	I (1165) heap_init: At 3FCE9710 len 00005724 (21 KiB): RAM
2026-08-09T20:36:45.411+00:00	1.188	I (1170) heap_init: At 3FCF0000 len 00008000 (32 KiB): DRAM
2026-08-09T20:36:45.412+00:00	1.188	I (1175) heap_init: At 600FE000 len 00001FE8 (7 KiB): RTCRAM
2026-08-09T20:36:45.414+00:00	1.188	I (1181) esp_psram: Adding pool of 16384K of PSRAM memory to heap allocator
2026-08-09T20:36:45.423+00:00	1.203	W (1188) spi_flash: Octal flash chip is using but dio mode is selected, will automatically switch to Octal mode
2026-08-09T20:36:45.427+00:00	1.203	I (1197) spi_flash: detected chip: mxic (opi)
2026-08-09T20:36:45.430+00:00	1.203	I (1201) spi_flash: flash io: opi_str
2026-08-09T20:36:45.437+00:00	1.219	I (1205) sleep_gpio: Configure to isolate all GPIO pins in sleep state
2026-08-09T20:36:45.444+00:00	1.219	I (1211) sleep_gpio: Enable automatic switching of GPIO sleep configuration
2026-08-09T20:36:45.447+00:00	1.219	I (1218) main_task: Started on CPU0
2026-08-09T20:36:45.455+00:00	1.234	I (1218) esp_psram: Reserving pool of 32K of internal memory for DMA/internal allocations
2026-08-09T20:36:45.458+00:00	1.234	I (1228) main_task: Calling app_main()
2026-08-09T20:36:45.461+00:00	1.234	I (1228) asd: PSRAM: 16777216 B
2026-08-09T20:36:45.464+00:00	1.234	I (1238) asd: free heap: 16921839 B
2026-08-09T20:36:45.472+00:00	1.250	W (1238) i2s_common: dma frame num is out of dma buffer size, limited to 1023
2026-08-09T20:36:46.140+00:00	1.922	I (1918) psdlive: === SAMOSTALNI PSD DETEKTOR ===
2026-08-09T20:36:46.142+00:00	1.922	I (1918) psdlive: model: 96 traka, matrica 96x96 iz flesa, naucen na 990 ispravnih ventilatora
2026-08-09T20:36:46.146+00:00	1.922	I (1918) psdlive: 1) pusti ventilator koji radi NORMALNO
2026-08-09T20:36:46.153+00:00	1.938	I (1918) psdlive: 2) kalibracija 10 x 10 s = 100 s - ne mijenjaj nista
2026-08-09T20:36:46.158+00:00	1.938	I (1928) psdlive: 3) poslije toga izazovi kvar - uredjaj radi sam
2026-08-09T20:36:46.163+00:00	1.938	WAIT 1/60 score=-16.94 spread=0.000 nivo=-16.9 dBFS cujem
2026-08-09T20:36:46.168+00:00	1.953	WAIT 2/60 score=-38.72 spread=0.000 nivo=-38.7 dBFS cujem
2026-08-09T20:36:46.306+00:00	2.078	WAIT 3/60 score=-62.25 spread=0.000 nivo=-62.2 dBFS tiho
2026-08-09T20:36:46.562+00:00	2.344	WAIT 4/60 score=-62.43 spread=0.000 nivo=-62.4 dBFS tiho
2026-08-09T20:36:46.818+00:00	2.594	WAIT 5/60 score=-65.19 spread=0.000 nivo=-65.2 dBFS tiho
2026-08-09T20:36:47.073+00:00	2.844	WAIT 6/60 score=-66.03 spread=0.000 nivo=-66.0 dBFS tiho
2026-08-09T20:36:47.329+00:00	3.109	WAIT 7/60 score=-49.65 spread=0.000 nivo=-49.6 dBFS cujem
2026-08-09T20:36:47.585+00:00	3.359	WAIT 8/60 score=-53.14 spread=0.000 nivo=-53.1 dBFS cujem
2026-08-09T20:36:47.840+00:00	3.625	WAIT 9/60 score=-56.85 spread=0.000 nivo=-56.9 dBFS cujem
2026-08-09T20:36:48.096+00:00	3.875	WAIT 10/60 score=-56.92 spread=0.000 nivo=-56.9 dBFS cujem
2026-08-09T20:36:48.352+00:00	4.125	WAIT 11/60 score=-57.80 spread=0.000 nivo=-57.8 dBFS cujem
2026-08-09T20:36:48.609+00:00	4.391	WAIT 12/60 score=-57.15 spread=0.000 nivo=-57.2 dBFS cujem
2026-08-09T20:36:48.863+00:00	4.641	WAIT 13/60 score=-59.21 spread=0.000 nivo=-59.2 dBFS cujem
2026-08-09T20:36:49.119+00:00	4.891	WAIT 14/60 score=-58.63 spread=0.000 nivo=-58.6 dBFS cujem
2026-08-09T20:36:49.375+00:00	5.156	WAIT 15/60 score=-59.61 spread=0.000 nivo=-59.6 dBFS cujem
2026-08-09T20:36:49.631+00:00	5.406	WAIT 16/60 score=-59.38 spread=0.000 nivo=-59.4 dBFS cujem
2026-08-09T20:36:49.887+00:00	5.672	WAIT 17/60 score=-59.53 spread=0.000 nivo=-59.5 dBFS cujem
2026-08-09T20:36:50.143+00:00	5.922	WAIT 18/60 score=-58.61 spread=0.000 nivo=-58.6 dBFS cujem
2026-08-09T20:36:50.398+00:00	6.172	WAIT 19/60 score=-58.84 spread=0.000 nivo=-58.8 dBFS cujem
2026-08-09T20:36:50.654+00:00	6.438	WAIT 20/60 score=-58.97 spread=0.000 nivo=-59.0 dBFS cujem
2026-08-09T20:36:50.910+00:00	6.688	WAIT 21/60 score=-60.23 spread=0.000 nivo=-60.2 dBFS tiho
2026-08-09T20:36:51.165+00:00	6.938	WAIT 22/60 score=-60.24 spread=0.000 nivo=-60.2 dBFS tiho
2026-08-09T20:36:51.421+00:00	7.203	WAIT 23/60 score=-61.77 spread=0.000 nivo=-61.8 dBFS tiho
2026-08-09T20:36:51.678+00:00	7.453	WAIT 24/60 score=-59.19 spread=0.000 nivo=-59.2 dBFS cujem
2026-08-09T20:36:51.932+00:00	7.703	WAIT 25/60 score=-58.74 spread=0.000 nivo=-58.7 dBFS cujem
2026-08-09T20:36:52.188+00:00	7.969	WAIT 26/60 score=-58.60 spread=0.000 nivo=-58.6 dBFS cujem
2026-08-09T20:36:52.444+00:00	8.219	WAIT 27/60 score=-59.23 spread=0.000 nivo=-59.2 dBFS cujem
2026-08-09T20:36:52.700+00:00	8.484	WAIT 28/60 score=-59.43 spread=0.000 nivo=-59.4 dBFS cujem
2026-08-09T20:36:52.956+00:00	8.734	WAIT 29/60 score=-58.00 spread=0.000 nivo=-58.0 dBFS cujem
2026-08-09T20:36:53.211+00:00	8.984	WAIT 30/60 score=-58.56 spread=0.000 nivo=-58.6 dBFS cujem
2026-08-09T20:36:53.468+00:00	9.250	WAIT 31/60 score=-58.63 spread=0.000 nivo=-58.6 dBFS cujem
2026-08-09T20:36:53.723+00:00	9.500	WAIT 32/60 score=-57.30 spread=0.000 nivo=-57.3 dBFS cujem
2026-08-09T20:36:53.978+00:00	9.750	WAIT 33/60 score=-57.21 spread=0.000 nivo=-57.2 dBFS cujem
2026-08-09T20:36:54.234+00:00	10.016	WAIT 34/60 score=-58.55 spread=0.000 nivo=-58.5 dBFS cujem
2026-08-09T20:36:54.491+00:00	10.266	WAIT 35/60 score=-59.14 spread=0.000 nivo=-59.1 dBFS cujem
2026-08-09T20:36:54.746+00:00	10.531	WAIT 36/60 score=-59.74 spread=0.000 nivo=-59.7 dBFS cujem
2026-08-09T20:36:55.002+00:00	10.781	WAIT 37/60 score=-58.15 spread=0.000 nivo=-58.2 dBFS cujem
2026-08-09T20:36:55.258+00:00	11.031	WAIT 38/60 score=-60.80 spread=0.000 nivo=-60.8 dBFS tiho
2026-08-09T20:36:55.514+00:00	11.297	WAIT 39/60 score=-60.17 spread=0.000 nivo=-60.2 dBFS tiho
2026-08-09T20:36:55.769+00:00	11.547	WAIT 40/60 score=-61.81 spread=0.000 nivo=-61.8 dBFS tiho
2026-08-09T20:36:56.024+00:00	11.797	WAIT 41/60 score=-57.28 spread=0.000 nivo=-57.3 dBFS cujem
2026-08-09T20:36:56.280+00:00	12.063	WAIT 42/60 score=-57.73 spread=0.000 nivo=-57.7 dBFS cujem
2026-08-09T20:36:56.536+00:00	12.313	WAIT 43/60 score=-58.14 spread=0.000 nivo=-58.1 dBFS cujem
2026-08-09T20:36:56.792+00:00	12.563	WAIT 44/60 score=-57.34 spread=0.000 nivo=-57.3 dBFS cujem
2026-08-09T20:36:57.048+00:00	12.828	WAIT 45/60 score=-56.59 spread=0.000 nivo=-56.6 dBFS cujem
2026-08-09T20:36:57.303+00:00	13.078	WAIT 46/60 score=-55.66 spread=0.000 nivo=-55.7 dBFS cujem
2026-08-09T20:36:57.559+00:00	13.344	WAIT 47/60 score=-55.35 spread=0.000 nivo=-55.3 dBFS cujem
2026-08-09T20:36:57.817+00:00	13.594	WAIT 48/60 score=-56.95 spread=0.000 nivo=-57.0 dBFS cujem
2026-08-09T20:36:58.071+00:00	13.844	WAIT 49/60 score=-59.06 spread=0.000 nivo=-59.1 dBFS cujem
2026-08-09T20:36:58.327+00:00	14.109	WAIT 50/60 score=-57.58 spread=0.000 nivo=-57.6 dBFS cujem
2026-08-09T20:36:58.583+00:00	14.359	WAIT 51/60 score=-56.99 spread=0.000 nivo=-57.0 dBFS cujem
2026-08-09T20:36:58.838+00:00	14.609	WAIT 52/60 score=-57.24 spread=0.000 nivo=-57.2 dBFS cujem
2026-08-09T20:36:59.093+00:00	14.875	WAIT 53/60 score=-59.00 spread=0.000 nivo=-59.0 dBFS cujem
2026-08-09T20:36:59.350+00:00	15.125	WAIT 54/60 score=-59.12 spread=0.000 nivo=-59.1 dBFS cujem
2026-08-09T20:36:59.605+00:00	15.375	WAIT 55/60 score=-59.86 spread=0.000 nivo=-59.9 dBFS cujem
2026-08-09T20:36:59.861+00:00	15.641	WAIT 56/60 score=-58.53 spread=0.000 nivo=-58.5 dBFS cujem
2026-08-09T20:37:00.116+00:00	15.891	WAIT 57/60 score=-58.19 spread=0.000 nivo=-58.2 dBFS cujem
2026-08-09T20:37:00.372+00:00	16.156	WAIT 58/60 score=-57.74 spread=0.000 nivo=-57.7 dBFS cujem
2026-08-09T20:37:00.628+00:00	16.406	WAIT 59/60 score=-58.41 spread=0.000 nivo=-58.4 dBFS cujem
2026-08-09T20:37:00.884+00:00	16.656	WAIT 60/60 score=-57.50 spread=0.000 nivo=-57.5 dBFS cujem
2026-08-09T20:37:00.886+00:00	16.656	I (16658) psdlive: --- KALIBRACIJA: 10 klipova po 10 s ---
2026-08-09T20:37:10.877+00:00	26.656	CAL  1/10 score=0.00000 nivo=-57.9 dBFS racun=704 ms
2026-08-09T20:37:20.851+00:00	36.625	CAL  2/10 score=0.00000 nivo=-56.2 dBFS racun=704 ms
2026-08-09T20:37:30.826+00:00	46.609	CAL  3/10 score=0.00000 nivo=-56.7 dBFS racun=704 ms
2026-08-09T20:37:40.801+00:00	56.578	CAL  4/10 score=0.00000 nivo=-58.1 dBFS racun=704 ms
