2026-08-26T21:26:40.339+00:00	1.125	I (1119) esp_psram: SPI SRAM memory test OK
2026-08-26T21:26:40.347+00:00	1.125	I (1127) cpu_start: GPIO 44 and 43 are used as console UART I/O pins
2026-08-26T21:26:40.347+00:00	1.125	I (1128) cpu_start: Pro cpu start user code
2026-08-26T21:26:40.348+00:00	1.125	I (1128) cpu_start: cpu freq: 240000000 Hz
2026-08-26T21:26:40.353+00:00	1.141	I (1130) app_init: Application information:
2026-08-26T21:26:40.357+00:00	1.141	I (1134) app_init: Project name:     esp32s3_asd
2026-08-26T21:26:40.363+00:00	1.141	I (1138) app_init: App version:      on-device-verified-78-g14aaebb-
2026-08-26T21:26:40.368+00:00	1.157	I (1144) app_init: Compile time:     Aug 26 2026 22:36:05
2026-08-26T21:26:40.373+00:00	1.157	I (1149) app_init: ELF file SHA256:  7330133e7...
2026-08-26T21:26:40.378+00:00	1.157	I (1154) app_init: ESP-IDF:          v5.5.5-34-g21f3b71cbbf
2026-08-26T21:26:40.382+00:00	1.172	I (1159) efuse_init: Min chip rev:     v0.0
2026-08-26T21:26:40.386+00:00	1.172	I (1163) efuse_init: Max chip rev:     v0.99 
2026-08-26T21:26:40.390+00:00	1.172	I (1167) efuse_init: Chip rev:         v0.2
2026-08-26T21:26:40.396+00:00	1.172	I (1171) heap_init: Initializing. RAM available for dynamic allocation:
2026-08-26T21:26:40.401+00:00	1.188	I (1177) heap_init: At 3FCD1770 len 00017FA0 (95 KiB): RAM
2026-08-26T21:26:40.407+00:00	1.188	I (1182) heap_init: At 3FCE9710 len 00005724 (21 KiB): RAM
2026-08-26T21:26:40.412+00:00	1.188	I (1188) heap_init: At 3FCF0000 len 00008000 (32 KiB): DRAM
2026-08-26T21:26:40.417+00:00	1.204	I (1193) heap_init: At 600FE000 len 00001FE8 (7 KiB): RTCRAM
2026-08-26T21:26:40.425+00:00	1.204	I (1198) esp_psram: Adding pool of 16384K of PSRAM memory to heap allocator
2026-08-26T21:26:40.434+00:00	1.219	W (1205) spi_flash: Octal flash chip is using but dio mode is selected, will automatically switch to Octal mode
2026-08-26T21:26:40.438+00:00	1.219	I (1215) spi_flash: detected chip: mxic (opi)
2026-08-26T21:26:40.441+00:00	1.219	I (1219) spi_flash: flash io: opi_str
2026-08-26T21:26:40.448+00:00	1.235	I (1222) sleep_gpio: Configure to isolate all GPIO pins in sleep state
2026-08-26T21:26:40.455+00:00	1.235	I (1229) sleep_gpio: Enable automatic switching of GPIO sleep configuration
2026-08-26T21:26:40.458+00:00	1.235	I (1236) main_task: Started on CPU0
2026-08-26T21:26:40.466+00:00	1.250	I (1236) esp_psram: Reserving pool of 32K of internal memory for DMA/internal allocations
2026-08-26T21:26:40.469+00:00	1.250	I (1246) main_task: Calling app_main()
2026-08-26T21:26:40.472+00:00	1.250	I (1246) asd: PSRAM: 16777216 B
2026-08-26T21:26:40.476+00:00	1.266	I (1256) asd: free heap: 16914407 B
2026-08-26T21:26:40.479+00:00	1.266	I (1256) asd: I2C idle: SDA=1 SCL=1
2026-08-26T21:26:40.483+00:00	1.266	I (1266) asd: I2C poslije probe: SDA=1 SCL=1
2026-08-26T21:26:40.488+00:00	1.266	E (1266) asd: INA226 nije pronadjen na adresama 0x40-0x4F
2026-08-26T21:26:40.496+00:00	1.282	W (1266) i2s_common: dma frame num is out of dma buffer size, limited to 1023
2026-08-26T21:26:41.163+00:00	1.954	W (1946) psdlive: DEVELOPMENT policy: NVS profile load/save je zabranjen
2026-08-26T21:26:41.183+00:00	1.969	FLAGS protocol=asd-quality-v1.6.0 mode=IDLE state=NO_MACHINE waiting=1 learning=0 learned=0 anomaly=0 hold=0 fault=0 green=flash_2s red=off guided25_available=1 workflow_pending=DEFAULT research_telemetry=1 profile_persistence_allowed=0 dropped=0
2026-08-26T21:26:41.184+00:00	1.969	I (1956) psdlive: === SAMOSTALNI PSD DETEKTOR ===
2026-08-26T21:26:41.193+00:00	1.969	I (1966) psdlive: model: 96 traka, matrica 96x96 iz flesa, naucen na 990 normalnih snimaka ventilatora
2026-08-26T21:26:41.199+00:00	1.985	I (1976) psdlive: 1) pusti ventilator koji radi NORMALNO
2026-08-26T21:26:41.208+00:00	1.985	I (1976) psdlive: 2) pritisni taster ILI posalji PRESS sa konzole -> ucenje 10 x 10 s = 100 s, lampica treperi
2026-08-26T21:26:41.215+00:00	2.000	I (1986) psdlive: 3) lampica stalno svijetli = naucio; tek tada izazovi kvar
2026-08-26T21:26:41.221+00:00	2.000	I (1996) psdlive: pritisni taster (GPIO10) ili posalji PRESS da pocne ucenje
2026-08-26T21:26:46.184+00:00	6.969	FLAGS protocol=asd-quality-v1.6.0 mode=IDLE state=NO_MACHINE waiting=1 learning=0 learned=0 anomaly=0 hold=0 fault=0 green=flash_2s red=off guided25_available=1 workflow_pending=DEFAULT research_telemetry=1 profile_persistence_allowed=0 dropped=0
2026-08-26T21:26:51.193+00:00	11.969	FLAGS protocol=asd-quality-v1.6.0 mode=IDLE state=NO_MACHINE waiting=1 learning=0 learned=0 anomaly=0 hold=0 fault=0 green=flash_2s red=off guided25_available=1 workflow_pending=DEFAULT research_telemetry=1 profile_persistence_allowed=0 dropped=0
2026-08-26T21:26:56.204+00:00	16.985	FLAGS protocol=asd-quality-v1.6.0 mode=IDLE state=NO_MACHINE waiting=1 learning=0 learned=0 anomaly=0 hold=0 fault=0 green=flash_2s red=off guided25_available=1 workflow_pending=DEFAULT research_telemetry=1 profile_persistence_allowed=0 dropped=0
2026-08-26T21:27:01.214+00:00	22.000	FLAGS protocol=asd-quality-v1.6.0 mode=IDLE state=NO_MACHINE waiting=1 learning=0 learned=0 anomaly=0 hold=0 fault=0 green=flash_2s red=off guided25_available=1 workflow_pending=DEFAULT research_telemetry=1 profile_persistence_allowed=0 dropped=0
2026-08-26T21:27:06.223+00:00	27.000	FLAGS protocol=asd-quality-v1.6.0 mode=IDLE state=NO_MACHINE waiting=1 learning=0 learned=0 anomaly=0 hold=0 fault=0 green=flash_2s red=off guided25_available=1 workflow_pending=DEFAULT research_telemetry=1 profile_persistence_allowed=0 dropped=0
2026-08-26T21:27:11.232+00:00	32.016	FLAGS protocol=asd-quality-v1.6.0 mode=IDLE state=NO_MACHINE waiting=1 learning=0 learned=0 anomaly=0 hold=0 fault=0 green=flash_2s red=off guided25_available=1 workflow_pending=DEFAULT research_telemetry=1 profile_persistence_allowed=0 dropped=0
2026-08-26T21:27:16.246+00:00	37.032	FLAGS protocol=asd-quality-v1.6.0 mode=IDLE state=NO_MACHINE waiting=1 learning=0 learned=0 anomaly=0 hold=0 fault=0 green=flash_2s red=off guided25_available=1 workflow_pending=DEFAULT research_telemetry=1 profile_persistence_allowed=0 dropped=0
2026-08-26T21:27:21.254+00:00	42.032	FLAGS protocol=asd-quality-v1.6.0 mode=IDLE state=NO_MACHINE waiting=1 learning=0 learned=0 anomaly=0 hold=0 fault=0 green=flash_2s red=off guided25_available=1 workflow_pending=DEFAULT research_telemetry=1 profile_persistence_allowed=0 dropped=0
2026-08-26T21:27:26.265+00:00	47.047	FLAGS protocol=asd-quality-v1.6.0 mode=IDLE state=NO_MACHINE waiting=1 learning=0 learned=0 anomaly=0 hold=0 fault=0 green=flash_2s red=off guided25_available=1 workflow_pending=DEFAULT research_telemetry=1 profile_persistence_allowed=0 dropped=0
2026-08-26T21:27:31.276+00:00	52.063	FLAGS protocol=asd-quality-v1.6.0 mode=IDLE state=NO_MACHINE waiting=1 learning=0 learned=0 anomaly=0 hold=0 fault=0 green=flash_2s red=off guided25_available=1 workflow_pending=DEFAULT research_telemetry=1 profile_persistence_allowed=0 dropped=0
2026-08-26T21:27:35.330+00:00	56.110	VWORKFLOW mode=GUIDED25 result=accepted
2026-08-26T21:27:35.331+00:00	56.110	VBUTTON protocol=asd-quality-v1.6.0 source=console event=SHORT result=accepted
2026-08-26T21:27:35.337+00:00	56.125	BUTTON protocol=asd-quality-v1.6.0 event=SHORT mode=IDLE command=START_LEARNING discards=0
2026-08-26T21:27:35.348+00:00	56.125	SESSION protocol=asd-quality-v1.6.0 action=STARTED source=BUTTON reason=OPERATOR_REQUEST discards_calibration=0
2026-08-26T21:27:35.355+00:00	56.141	STATE protocol=asd-quality-v1.6.0 from=NO_MACHINE to=NO_MACHINE reason=BOOT_FAIL_CLOSED
2026-08-26T21:27:35.380+00:00	56.157	FLAGS protocol=asd-quality-v1.6.0 mode=LEARNING state=NO_MACHINE waiting=0 learning=1 learned=0 anomaly=0 hold=0 fault=0 green=blink_5hz red=off guided25_available=1 workflow_pending=DEFAULT research_telemetry=1 profile_persistence_allowed=0 dropped=0
2026-08-26T21:27:35.400+00:00	56.188	COMMISSION protocol=asd-quality-v1.6.0 policy=asd-commissioning-policy-v1.0.0-development developmental=1 action=STARTED phase=SETTLE index=0 total=8 result=NONE score_valid=0 score=0 level_dbfs=-999 tonalness_proxy=0 feature_drift=0
2026-08-26T21:27:40.363+00:00	61.141	FLAGS protocol=asd-quality-v1.6.0 mode=LEARNING state=NO_MACHINE waiting=0 learning=1 learned=0 anomaly=0 hold=0 fault=0 green=blink_5hz red=off guided25_available=1 workflow_pending=DEFAULT research_telemetry=1 profile_persistence_allowed=0 dropped=0
2026-08-26T21:27:45.303+00:00	66.079	COMMISSION protocol=asd-quality-v1.6.0 policy=asd-commissioning-policy-v1.0.0-development developmental=1 action=WINDOW phase=REJECTED index=1 total=8 result=QUALITY_REJECT score_valid=0 score=0 level_dbfs=-66.1637497 tonalness_proxy=0 feature_drift=0
2026-08-26T21:27:45.309+00:00	66.094	STATE protocol=asd-quality-v1.6.0 from=NO_MACHINE to=CALIBRATION_REJECTED reason=QUALITY_REJECT
