2026-08-16T16:40:43.488+00:00	1.125	I (1108) esp_psram: SPI SRAM memory test OK
2026-08-16T16:40:43.497+00:00	1.141	I (1117) cpu_start: GPIO 44 and 43 are used as console UART I/O pins
2026-08-16T16:40:43.499+00:00	1.141	I (1117) cpu_start: Pro cpu start user code
2026-08-16T16:40:43.501+00:00	1.141	I (1117) cpu_start: cpu freq: 240000000 Hz
2026-08-16T16:40:43.504+00:00	1.141	I (1119) app_init: Application information:
2026-08-16T16:40:43.507+00:00	1.141	I (1123) app_init: Project name:     esp32s3_asd
2026-08-16T16:40:43.513+00:00	1.156	I (1127) app_init: App version:      on-device-verified-49-g35cc34f-
2026-08-16T16:40:43.518+00:00	1.156	I (1133) app_init: Compile time:     Aug 16 2026 12:58:32
2026-08-16T16:40:43.523+00:00	1.156	I (1139) app_init: ELF file SHA256:  a879eb9b8...
2026-08-16T16:40:43.549+00:00	1.188	I (1143) app_init: ESP-IDF:          v5.5.5-34-g21f3b71cbbf
2026-08-16T16:40:43.552+00:00	1.188	I (1148) efuse_init: Min chip rev:     v0.0
2026-08-16T16:40:43.553+00:00	1.188	I (1152) efuse_init: Max chip rev:     v0.99 
2026-08-16T16:40:43.556+00:00	1.188	I (1156) efuse_init: Chip rev:         v0.2
2026-08-16T16:40:43.559+00:00	1.188	I (1160) heap_init: Initializing. RAM available for dynamic allocation:
2026-08-16T16:40:43.562+00:00	1.203	I (1167) heap_init: At 3FCCFEF0 len 00019820 (102 KiB): RAM
2026-08-16T16:40:43.564+00:00	1.203	I (1172) heap_init: At 3FCE9710 len 00005724 (21 KiB): RAM
2026-08-16T16:40:43.566+00:00	1.203	I (1177) heap_init: At 3FCF0000 len 00008000 (32 KiB): DRAM
2026-08-16T16:40:43.568+00:00	1.203	I (1182) heap_init: At 600FE000 len 00001FE8 (7 KiB): RTCRAM
2026-08-16T16:40:43.574+00:00	1.203	I (1188) esp_psram: Adding pool of 16384K of PSRAM memory to heap allocator
2026-08-16T16:40:43.585+00:00	1.219	W (1195) spi_flash: Octal flash chip is using but dio mode is selected, will automatically switch to Octal mode
2026-08-16T16:40:43.588+00:00	1.219	I (1204) spi_flash: detected chip: mxic (opi)
2026-08-16T16:40:43.591+00:00	1.235	I (1208) spi_flash: flash io: opi_str
2026-08-16T16:40:43.598+00:00	1.235	I (1212) sleep_gpio: Configure to isolate all GPIO pins in sleep state
2026-08-16T16:40:43.605+00:00	1.235	I (1218) sleep_gpio: Enable automatic switching of GPIO sleep configuration
2026-08-16T16:40:43.608+00:00	1.250	I (1225) main_task: Started on CPU0
2026-08-16T16:40:43.616+00:00	1.250	I (1225) esp_psram: Reserving pool of 32K of internal memory for DMA/internal allocations
2026-08-16T16:40:43.619+00:00	1.250	I (1235) main_task: Calling app_main()
2026-08-16T16:40:43.622+00:00	1.266	I (1235) asd: PSRAM: 16777216 B
2026-08-16T16:40:43.625+00:00	1.266	I (1245) asd: free heap: 16920679 B
2026-08-16T16:40:43.628+00:00	1.266	I (1245) asd: I2C idle: SDA=1 SCL=1
2026-08-16T16:40:43.632+00:00	1.266	I (1255) asd: I2C poslije probe: SDA=1 SCL=1
2026-08-16T16:40:43.638+00:00	1.281	E (1255) asd: INA226 nije pronadjen na adresama 0x40-0x4F
2026-08-16T16:40:43.645+00:00	1.281	W (1255) i2s_common: dma frame num is out of dma buffer size, limited to 1023
2026-08-16T16:40:44.314+00:00	1.953	FLAGS protocol=asd-quality-v1.3.0 mode=IDLE state=NO_MACHINE waiting=1 learning=0 learned=0 anomaly=0 fault=0 green=flash_2s red=off
2026-08-16T16:40:44.317+00:00	1.953	I (1935) psdlive: === SAMOSTALNI PSD DETEKTOR ===
2026-08-16T16:40:44.327+00:00	1.969	I (1935) psdlive: model: 96 traka, matrica 96x96 iz flesa, naucen na 990 normalnih snimaka ventilatora
2026-08-16T16:40:44.332+00:00	1.969	I (1945) psdlive: 1) pusti ventilator koji radi NORMALNO
2026-08-16T16:40:44.343+00:00	1.985	I (1955) psdlive: 2) pritisni taster ILI posalji PRESS sa konzole -> ucenje 10 x 10 s = 100 s, lampica treperi
2026-08-16T16:40:44.349+00:00	1.985	I (1965) psdlive: 3) lampica stalno svijetli = naucio; tek tada izazovi kvar
2026-08-16T16:40:44.356+00:00	1.985	I (1965) psdlive: pritisni taster (GPIO10) ili posalji PRESS da pocne ucenje
2026-08-16T16:40:49.333+00:00	6.969	FLAGS protocol=asd-quality-v1.3.0 mode=IDLE state=NO_MACHINE waiting=1 learning=0 learned=0 anomaly=0 fault=0 green=flash_2s red=off
2026-08-16T16:40:54.333+00:00	11.969	FLAGS protocol=asd-quality-v1.3.0 mode=IDLE state=NO_MACHINE waiting=1 learning=0 learned=0 anomaly=0 fault=0 green=flash_2s red=off
2026-08-16T16:40:59.331+00:00	16.969	FLAGS protocol=asd-quality-v1.3.0 mode=IDLE state=NO_MACHINE waiting=1 learning=0 learned=0 anomaly=0 fault=0 green=flash_2s red=off
2026-08-16T16:41:04.332+00:00	21.969	FLAGS protocol=asd-quality-v1.3.0 mode=IDLE state=NO_MACHINE waiting=1 learning=0 learned=0 anomaly=0 fault=0 green=flash_2s red=off
2026-08-16T16:41:09.331+00:00	26.969	FLAGS protocol=asd-quality-v1.3.0 mode=IDLE state=NO_MACHINE waiting=1 learning=0 learned=0 anomaly=0 fault=0 green=flash_2s red=off
2026-08-16T16:41:14.333+00:00	31.969	FLAGS protocol=asd-quality-v1.3.0 mode=IDLE state=NO_MACHINE waiting=1 learning=0 learned=0 anomaly=0 fault=0 green=flash_2s red=off
2026-08-16T16:41:19.332+00:00	36.969	FLAGS protocol=asd-quality-v1.3.0 mode=IDLE state=NO_MACHINE waiting=1 learning=0 learned=0 anomaly=0 fault=0 green=flash_2s red=off
2026-08-16T16:41:24.332+00:00	41.969	FLAGS protocol=asd-quality-v1.3.0 mode=IDLE state=NO_MACHINE waiting=1 learning=0 learned=0 anomaly=0 fault=0 green=flash_2s red=off
2026-08-16T16:41:26.778+00:00	46.969	FLAGS protocol=asd-quality-v1.3.0 mode=IDLE state=NO_MACHINE waiting=1 learning=0 learned=0 anomaly=0 fault=0 green=flash_2s red=off
2026-08-16T16:41:31.779+00:00	51.969	FLAGS protocol=asd-quality-v1.3.0 mode=IDLE state=NO_MACHINE waiting=1 learning=0 learned=0 anomaly=0 fault=0 green=flash_2s red=off
2026-08-16T16:41:36.778+00:00	56.969	FLAGS protocol=asd-quality-v1.3.0 mode=IDLE state=NO_MACHINE waiting=1 learning=0 learned=0 anomaly=0 fault=0 green=flash_2s red=off
2026-08-16T16:41:41.778+00:00	61.969	FLAGS protocol=asd-quality-v1.3.0 mode=IDLE state=NO_MACHINE waiting=1 learning=0 learned=0 anomaly=0 fault=0 green=flash_2s red=off
2026-08-16T16:41:46.778+00:00	66.969	FLAGS protocol=asd-quality-v1.3.0 mode=IDLE state=NO_MACHINE waiting=1 learning=0 learned=0 anomaly=0 fault=0 green=flash_2s red=off
2026-08-16T16:41:51.778+00:00	71.969	FLAGS protocol=asd-quality-v1.3.0 mode=IDLE state=NO_MACHINE waiting=1 learning=0 learned=0 anomaly=0 fault=0 green=flash_2s red=off
2026-08-16T16:41:56.777+00:00	76.969	FLAGS protocol=asd-quality-v1.3.0 mode=IDLE state=NO_MACHINE waiting=1 learning=0 learned=0 anomaly=0 fault=0 green=flash_2s red=off
2026-08-16T16:42:01.778+00:00	81.969	FLAGS protocol=asd-quality-v1.3.0 mode=IDLE state=NO_MACHINE waiting=1 learning=0 learned=0 anomaly=0 fault=0 green=flash_2s red=off
2026-08-16T16:42:06.777+00:00	86.969	FLAGS protocol=asd-quality-v1.3.0 mode=IDLE state=NO_MACHINE waiting=1 learning=0 learned=0 anomaly=0 fault=0 green=flash_2s red=off
2026-08-16T16:42:11.778+00:00	91.969	FLAGS protocol=asd-quality-v1.3.0 mode=IDLE state=NO_MACHINE waiting=1 learning=0 learned=0 anomaly=0 fault=0 green=flash_2s red=off
2026-08-16T16:42:16.777+00:00	96.969	FLAGS protocol=asd-quality-v1.3.0 mode=IDLE state=NO_MACHINE waiting=1 learning=0 learned=0 anomaly=0 fault=0 green=flash_2s red=off
2026-08-16T16:42:21.777+00:00	101.969	FLAGS protocol=asd-quality-v1.3.0 mode=IDLE state=NO_MACHINE waiting=1 learning=0 learned=0 anomaly=0 fault=0 green=flash_2s red=off
2026-08-16T16:42:26.778+00:00	106.969	FLAGS protocol=asd-quality-v1.3.0 mode=IDLE state=NO_MACHINE waiting=1 learning=0 learned=0 anomaly=0 fault=0 green=flash_2s red=off
2026-08-16T16:42:31.779+00:00	111.969	FLAGS protocol=asd-quality-v1.3.0 mode=IDLE state=NO_MACHINE waiting=1 learning=0 learned=0 anomaly=0 fault=0 green=flash_2s red=off
2026-08-16T16:42:36.777+00:00	116.969	FLAGS protocol=asd-quality-v1.3.0 mode=IDLE state=NO_MACHINE waiting=1 learning=0 learned=0 anomaly=0 fault=0 green=flash_2s red=off
2026-08-16T16:42:41.778+00:00	121.969	FLAGS protocol=asd-quality-v1.3.0 mode=IDLE state=NO_MACHINE waiting=1 learning=0 learned=0 anomaly=0 fault=0 green=flash_2s red=off
2026-08-16T16:42:46.778+00:00	126.969	FLAGS protocol=asd-quality-v1.3.0 mode=IDLE state=NO_MACHINE waiting=1 learning=0 learned=0 anomaly=0 fault=0 green=flash_2s red=off
2026-08-16T16:42:51.778+00:00	131.969	FLAGS protocol=asd-quality-v1.3.0 mode=IDLE state=NO_MACHINE waiting=1 learning=0 learned=0 anomaly=0 fault=0 green=flash_2s red=off
2026-08-16T16:42:56.777+00:00	136.969	FLAGS protocol=asd-quality-v1.3.0 mode=IDLE state=NO_MACHINE waiting=1 learning=0 learned=0 anomaly=0 fault=0 green=flash_2s red=off
2026-08-16T16:43:01.777+00:00	141.969	FLAGS protocol=asd-quality-v1.3.0 mode=IDLE state=NO_MACHINE waiting=1 learning=0 learned=0 anomaly=0 fault=0 green=flash_2s red=off
2026-08-16T16:43:06.778+00:00	146.969	FLAGS protocol=asd-quality-v1.3.0 mode=IDLE state=NO_MACHINE waiting=1 learning=0 learned=0 anomaly=0 fault=0 green=flash_2s red=off
2026-08-16T16:43:11.778+00:00	151.969	FLAGS protocol=asd-quality-v1.3.0 mode=IDLE state=NO_MACHINE waiting=1 learning=0 learned=0 anomaly=0 fault=0 green=flash_2s red=off
2026-08-16T16:43:16.777+00:00	156.969	FLAGS protocol=asd-quality-v1.3.0 mode=IDLE state=NO_MACHINE waiting=1 learning=0 learned=0 anomaly=0 fault=0 green=flash_2s red=off
2026-08-16T16:43:21.778+00:00	161.969	FLAGS protocol=asd-quality-v1.3.0 mode=IDLE state=NO_MACHINE waiting=1 learning=0 learned=0 anomaly=0 fault=0 green=flash_2s red=off
2026-08-16T16:43:26.778+00:00	166.969	FLAGS protocol=asd-quality-v1.3.0 mode=IDLE state=NO_MACHINE waiting=1 learning=0 learned=0 anomaly=0 fault=0 green=flash_2s red=off
2026-08-16T16:43:31.778+00:00	171.969	FLAGS protocol=asd-quality-v1.3.0 mode=IDLE state=NO_MACHINE waiting=1 learning=0 learned=0 anomaly=0 fault=0 green=flash_2s red=off
2026-08-16T16:43:36.778+00:00	176.969	FLAGS protocol=asd-quality-v1.3.0 mode=IDLE state=NO_MACHINE waiting=1 learning=0 learned=0 anomaly=0 fault=0 green=flash_2s red=off
2026-08-16T16:43:41.778+00:00	181.969	FLAGS protocol=asd-quality-v1.3.0 mode=IDLE state=NO_MACHINE waiting=1 learning=0 learned=0 anomaly=0 fault=0 green=flash_2s red=off
2026-08-16T16:43:42.117+00:00	182.313	VBUTTON protocol=asd-quality-v1.3.0 source=console event=NONE result=unknown_command
2026-08-16T16:43:46.778+00:00	186.969	FLAGS protocol=asd-quality-v1.3.0 mode=IDLE state=NO_MACHINE waiting=1 learning=0 learned=0 anomaly=0 fault=0 green=flash_2s red=off
2026-08-16T16:43:51.778+00:00	191.969	FLAGS protocol=asd-quality-v1.3.0 mode=IDLE state=NO_MACHINE waiting=1 learning=0 learned=0 anomaly=0 fault=0 green=flash_2s red=off
2026-08-16T16:43:53.096+00:00	193.281	VBUTTON protocol=asd-quality-v1.3.0 source=console event=SHORT result=accepted
2026-08-16T16:43:53.100+00:00	193.297	BUTTON protocol=asd-quality-v1.3.0 event=SHORT mode=IDLE command=START_LEARNING discards=0
2026-08-16T16:43:53.111+00:00	193.297	SESSION protocol=asd-quality-v1.3.0 action=STARTED source=BUTTON reason=OPERATOR_REQUEST discards_calibration=0
2026-08-16T16:43:53.118+00:00	193.313	STATE protocol=asd-quality-v1.3.0 from=NO_MACHINE to=NO_MACHINE reason=BOOT_FAIL_CLOSED
2026-08-16T16:43:53.130+00:00	193.328	FLAGS protocol=asd-quality-v1.3.0 mode=LEARNING state=NO_MACHINE waiting=0 learning=1 learned=0 anomaly=0 fault=0 green=blink_5hz red=off
2026-08-16T16:43:53.136+00:00	193.328	I (193305) psdlive: odbacen ustajali zvuk iz cekanja: 31104 uzoraka
2026-08-16T16:43:53.374+00:00	193.563	QUALITY protocol=asd-quality-v1.3.0 phase=WAIT index=1 total=60 result=OK metrics_valid=1 samples=4096 expected=4096 rms_dbfs=-47.083 dc=-2.567 peak=410 clipped=0 zeros=7 stuck=21 dropped_delta=0 feature_valid=0 tonalness_valid=0 tonalness_proxy=0.000000 tonal_gate=not_computed
2026-08-16T16:43:53.378+00:00	193.563	WAIT 1/60 score=-47.08 spread=0.000 nivo=-47.1 dBFS cujem
2026-08-16T16:43:53.630+00:00	193.813	QUALITY protocol=asd-quality-v1.3.0 phase=WAIT index=2 total=60 result=OK metrics_valid=1 samples=4096 expected=4096 rms_dbfs=-47.032 dc=0.766 peak=396 clipped=0 zeros=11 stuck=18 dropped_delta=0 feature_valid=0 tonalness_valid=0 tonalness_proxy=0.000000 tonal_gate=not_computed
2026-08-16T16:43:53.634+00:00	193.828	WAIT 2/60 score=-47.03 spread=0.000 nivo=-47.0 dBFS cujem
2026-08-16T16:43:53.884+00:00	194.078	QUALITY protocol=asd-quality-v1.3.0 phase=WAIT index=3 total=60 result=OK metrics_valid=1 samples=4096 expected=4096 rms_dbfs=-47.003 dc=-3.063 peak=414 clipped=0 zeros=8 stuck=20 dropped_delta=0 feature_valid=0 tonalness_valid=0 tonalness_proxy=0.000000 tonal_gate=not_computed
2026-08-16T16:43:53.888+00:00	194.078	WAIT 3/60 score=-47.00 spread=0.000 nivo=-47.0 dBFS cujem
2026-08-16T16:43:54.140+00:00	194.328	QUALITY protocol=asd-quality-v1.3.0 phase=WAIT index=4 total=60 result=OK metrics_valid=1 samples=4096 expected=4096 rms_dbfs=-46.991 dc=2.232 peak=464 clipped=0 zeros=9 stuck=28 dropped_delta=0 feature_valid=0 tonalness_valid=0 tonalness_proxy=0.000000 tonal_gate=not_computed
2026-08-16T16:43:54.145+00:00	194.328	WAIT 4/60 score=-46.99 spread=0.000 nivo=-47.0 dBFS cujem
2026-08-16T16:43:54.398+00:00	194.594	QUALITY protocol=asd-quality-v1.3.0 phase=WAIT index=5 total=60 result=OK metrics_valid=1 samples=4096 expected=4096 rms_dbfs=-46.985 dc=-3.413 peak=407 clipped=0 zeros=5 stuck=27 dropped_delta=0 feature_valid=0 tonalness_valid=0 tonalness_proxy=0.000000 tonal_gate=not_computed
2026-08-16T16:43:54.401+00:00	194.594	WAIT 5/60 score=-46.98 spread=0.000 nivo=-47.0 dBFS cujem
2026-08-16T16:43:54.652+00:00	194.844	QUALITY protocol=asd-quality-v1.3.0 phase=WAIT index=6 total=60 result=OK metrics_valid=1 samples=4096 expected=4096 rms_dbfs=-46.967 dc=2.886 peak=448 clipped=0 zeros=9 stuck=16 dropped_delta=0 feature_valid=0 tonalness_valid=0 tonalness_proxy=0.000000 tonal_gate=not_computed
2026-08-16T16:43:54.656+00:00	194.844	WAIT 6/60 score=-46.97 spread=0.000 nivo=-47.0 dBFS cujem
2026-08-16T16:43:54.907+00:00	195.094	QUALITY protocol=asd-quality-v1.3.0 phase=WAIT index=7 total=60 result=OK metrics_valid=1 samples=4096 expected=4096 rms_dbfs=-46.998 dc=-3.774 peak=451 clipped=0 zeros=9 stuck=20 dropped_delta=0 feature_valid=0 tonalness_valid=0 tonalness_proxy=0.000000 tonal_gate=not_computed
2026-08-16T16:43:54.911+00:00	195.094	WAIT 7/60 score=-47.00 spread=0.000 nivo=-47.0 dBFS cujem
2026-08-16T16:43:55.164+00:00	195.360	QUALITY protocol=asd-quality-v1.3.0 phase=WAIT index=8 total=60 result=OK metrics_valid=1 samples=4096 expected=4096 rms_dbfs=-46.948 dc=0.235 peak=443 clipped=0 zeros=10 stuck=19 dropped_delta=0 feature_valid=0 tonalness_valid=0 tonalness_proxy=0.000000 tonal_gate=not_computed
2026-08-16T16:43:55.169+00:00	195.360	WAIT 8/60 score=-46.95 spread=0.000 nivo=-46.9 dBFS cujem
2026-08-16T16:43:55.419+00:00	195.610	QUALITY protocol=asd-quality-v1.3.0 phase=WAIT index=9 total=60 result=OK metrics_valid=1 samples=4096 expected=4096 rms_dbfs=-46.988 dc=-1.570 peak=437 clipped=0 zeros=13 stuck=23 dropped_delta=0 feature_valid=0 tonalness_valid=0 tonalness_proxy=0.000000 tonal_gate=not_computed
2026-08-16T16:43:55.422+00:00	195.610	WAIT 9/60 score=-46.99 spread=0.000 nivo=-47.0 dBFS cujem
2026-08-16T16:43:55.675+00:00	195.860	QUALITY protocol=asd-quality-v1.3.0 phase=WAIT index=10 total=60 result=OK metrics_valid=1 samples=4096 expected=4096 rms_dbfs=-47.063 dc=2.178 peak=424 clipped=0 zeros=8 stuck=21 dropped_delta=0 feature_valid=0 tonalness_valid=0 tonalness_proxy=0.000000 tonal_gate=not_computed
2026-08-16T16:43:55.679+00:00	195.875	WAIT 10/60 score=-47.06 spread=0.000 nivo=-47.1 dBFS cujem
2026-08-16T16:43:55.932+00:00	196.125	QUALITY protocol=asd-quality-v1.3.0 phase=WAIT index=11 total=60 result=OK metrics_valid=1 samples=4096 expected=4096 rms_dbfs=-47.026 dc=-3.094 peak=457 clipped=0 zeros=10 stuck=24 dropped_delta=0 feature_valid=0 tonalness_valid=0 tonalness_proxy=0.000000 tonal_gate=not_computed
2026-08-16T16:43:55.935+00:00	196.125	WAIT 11/60 score=-47.03 spread=0.000 nivo=-47.0 dBFS cujem
2026-08-16T16:43:56.186+00:00	196.375	QUALITY protocol=asd-quality-v1.3.0 phase=WAIT index=12 total=60 result=OK metrics_valid=1 samples=4096 expected=4096 rms_dbfs=-47.110 dc=2.116 peak=436 clipped=0 zeros=13 stuck=22 dropped_delta=0 feature_valid=0 tonalness_valid=0 tonalness_proxy=0.000000 tonal_gate=not_computed
2026-08-16T16:43:56.189+00:00	196.375	WAIT 12/60 score=-47.11 spread=0.000 nivo=-47.1 dBFS cujem
2026-08-16T16:43:56.441+00:00	196.625	QUALITY protocol=asd-quality-v1.3.0 phase=WAIT index=13 total=60 result=OK metrics_valid=1 samples=4096 expected=4096 rms_dbfs=-47.015 dc=-2.297 peak=436 clipped=0 zeros=8 stuck=32 dropped_delta=0 feature_valid=0 tonalness_valid=0 tonalness_proxy=0.000000 tonal_gate=not_computed
2026-08-16T16:43:56.446+00:00	196.641	WAIT 13/60 score=-47.01 spread=0.000 nivo=-47.0 dBFS cujem
2026-08-16T16:43:56.699+00:00	196.891	QUALITY protocol=asd-quality-v1.3.0 phase=WAIT index=14 total=60 result=OK metrics_valid=1 samples=4096 expected=4096 rms_dbfs=-46.870 dc=2.159 peak=433 clipped=0 zeros=9 stuck=22 dropped_delta=0 feature_valid=0 tonalness_valid=0 tonalness_proxy=0.000000 tonal_gate=not_computed
2026-08-16T16:43:56.702+00:00	196.891	WAIT 14/60 score=-46.87 spread=0.000 nivo=-46.9 dBFS cujem
2026-08-16T16:43:56.954+00:00	197.141	QUALITY protocol=asd-quality-v1.3.0 phase=WAIT index=15 total=60 result=OK metrics_valid=1 samples=4096 expected=4096 rms_dbfs=-46.954 dc=-2.786 peak=456 clipped=0 zeros=15 stuck=21 dropped_delta=0 feature_valid=0 tonalness_valid=0 tonalness_proxy=0.000000 tonal_gate=not_computed
2026-08-16T16:43:56.958+00:00	197.141	WAIT 15/60 score=-46.95 spread=0.000 nivo=-47.0 dBFS cujem
2026-08-16T16:43:57.209+00:00	197.406	QUALITY protocol=asd-quality-v1.3.0 phase=WAIT index=16 total=60 result=OK metrics_valid=1 samples=4096 expected=4096 rms_dbfs=-46.930 dc=1.416 peak=418 clipped=0 zeros=11 stuck=23 dropped_delta=0 feature_valid=0 tonalness_valid=0 tonalness_proxy=0.000000 tonal_gate=not_computed
2026-08-16T16:43:57.213+00:00	197.406	WAIT 16/60 score=-46.93 spread=0.000 nivo=-46.9 dBFS cujem
2026-08-16T16:43:57.466+00:00	197.656	QUALITY protocol=asd-quality-v1.3.0 phase=WAIT index=17 total=60 result=OK metrics_valid=1 samples=4096 expected=4096 rms_dbfs=-47.067 dc=-3.000 peak=416 clipped=0 zeros=9 stuck=20 dropped_delta=0 feature_valid=0 tonalness_valid=0 tonalness_proxy=0.000000 tonal_gate=not_computed
2026-08-16T16:43:57.470+00:00	197.656	WAIT 17/60 score=-47.07 spread=0.000 nivo=-47.1 dBFS cujem
2026-08-16T16:43:57.785+00:00	197.969	QUALITY protocol=asd-quality-v1.3.0 phase=WAIT index=18 total=60 result=OK metrics_valid=1 samples=4096 expected=4096 rms_dbfs=-47.260 dc=2.719 peak=406 clipped=0 zeros=12 stuck=23 dropped_delta=0 feature_valid=0 tonalness_valid=0 tonalness_proxy=0.000000 tonal_gate=not_computed
2026-08-16T16:43:57.788+00:00	197.985	WAIT 18/60 score=-47.26 spread=0.000 nivo=-47.3 dBFS cujem
2026-08-16T16:43:58.040+00:00	198.235	QUALITY protocol=asd-quality-v1.3.0 phase=WAIT index=19 total=60 result=OK metrics_valid=1 samples=4096 expected=4096 rms_dbfs=-47.084 dc=-3.474 peak=442 clipped=0 zeros=10 stuck=19 dropped_delta=0 feature_valid=0 tonalness_valid=0 tonalness_proxy=0.000000 tonal_gate=not_computed
2026-08-16T16:43:58.044+00:00	198.235	WAIT 19/60 score=-47.08 spread=0.000 nivo=-47.1 dBFS cujem
2026-08-16T16:43:58.128+00:00	198.313	FLAGS protocol=asd-quality-v1.3.0 mode=LEARNING state=NO_MACHINE waiting=0 learning=1 learned=0 anomaly=0 fault=0 green=blink_5hz red=off
2026-08-16T16:43:58.296+00:00	198.485	QUALITY protocol=asd-quality-v1.3.0 phase=WAIT index=20 total=60 result=OK metrics_valid=1 samples=4096 expected=4096 rms_dbfs=-46.910 dc=1.403 peak=439 clipped=0 zeros=8 stuck=18 dropped_delta=0 feature_valid=0 tonalness_valid=0 tonalness_proxy=0.000000 tonal_gate=not_computed
2026-08-16T16:43:58.300+00:00	198.485	WAIT 20/60 score=-46.91 spread=0.000 nivo=-46.9 dBFS cujem
2026-08-16T16:43:58.552+00:00	198.735	QUALITY protocol=asd-quality-v1.3.0 phase=WAIT index=21 total=60 result=OK metrics_valid=1 samples=4096 expected=4096 rms_dbfs=-46.844 dc=-2.361 peak=445 clipped=0 zeros=13 stuck=26 dropped_delta=0 feature_valid=0 tonalness_valid=0 tonalness_proxy=0.000000 tonal_gate=not_computed
2026-08-16T16:43:58.555+00:00	198.750	WAIT 21/60 score=-46.84 spread=0.000 nivo=-46.8 dBFS cujem
2026-08-16T16:43:58.808+00:00	199.000	QUALITY protocol=asd-quality-v1.3.0 phase=WAIT index=22 total=60 result=OK metrics_valid=1 samples=4096 expected=4096 rms_dbfs=-47.133 dc=1.714 peak=419 clipped=0 zeros=9 stuck=19 dropped_delta=0 feature_valid=0 tonalness_valid=0 tonalness_proxy=0.000000 tonal_gate=not_computed
2026-08-16T16:43:58.811+00:00	199.000	WAIT 22/60 score=-47.13 spread=0.000 nivo=-47.1 dBFS cujem
2026-08-16T16:43:59.065+00:00	199.250	QUALITY protocol=asd-quality-v1.3.0 phase=WAIT index=23 total=60 result=OK metrics_valid=1 samples=4096 expected=4096 rms_dbfs=-47.211 dc=-2.073 peak=432 clipped=0 zeros=8 stuck=23 dropped_delta=0 feature_valid=0 tonalness_valid=0 tonalness_proxy=0.000000 tonal_gate=not_computed
2026-08-16T16:43:59.069+00:00	199.266	WAIT 23/60 score=-47.21 spread=0.000 nivo=-47.2 dBFS cujem
2026-08-16T16:43:59.319+00:00	199.516	QUALITY protocol=asd-quality-v1.3.0 phase=WAIT index=24 total=60 result=OK metrics_valid=1 samples=4096 expected=4096 rms_dbfs=-47.205 dc=2.779 peak=441 clipped=0 zeros=8 stuck=29 dropped_delta=0 feature_valid=0 tonalness_valid=0 tonalness_proxy=0.000000 tonal_gate=not_computed
2026-08-16T16:43:59.322+00:00	199.516	WAIT 24/60 score=-47.20 spread=0.000 nivo=-47.2 dBFS cujem
2026-08-16T16:43:59.574+00:00	199.766	QUALITY protocol=asd-quality-v1.3.0 phase=WAIT index=25 total=60 result=OK metrics_valid=1 samples=4096 expected=4096 rms_dbfs=-47.039 dc=-5.209 peak=422 clipped=0 zeros=8 stuck=26 dropped_delta=0 feature_valid=0 tonalness_valid=0 tonalness_proxy=0.000000 tonal_gate=not_computed
2026-08-16T16:43:59.578+00:00	199.766	WAIT 25/60 score=-47.04 spread=0.000 nivo=-47.0 dBFS cujem
2026-08-16T16:43:59.831+00:00	200.016	QUALITY protocol=asd-quality-v1.3.0 phase=WAIT index=26 total=60 result=OK metrics_valid=1 samples=4096 expected=4096 rms_dbfs=-46.884 dc=4.170 peak=446 clipped=0 zeros=9 stuck=17 dropped_delta=0 feature_valid=0 tonalness_valid=0 tonalness_proxy=0.000000 tonal_gate=not_computed
2026-08-16T16:43:59.840+00:00	200.031	WAIT 26/60 score=-46.88 spread=0.000 nivo=-46.9 dBFS cujem
2026-08-16T16:44:00.086+00:00	200.281	QUALITY protocol=asd-quality-v1.3.0 phase=WAIT index=27 total=60 result=OK metrics_valid=1 samples=4096 expected=4096 rms_dbfs=-46.960 dc=-3.920 peak=436 clipped=0 zeros=5 stuck=24 dropped_delta=0 feature_valid=0 tonalness_valid=0 tonalness_proxy=0.000000 tonal_gate=not_computed
2026-08-16T16:44:00.090+00:00	200.281	WAIT 27/60 score=-46.96 spread=0.000 nivo=-47.0 dBFS cujem
2026-08-16T16:44:00.342+00:00	200.531	QUALITY protocol=asd-quality-v1.3.0 phase=WAIT index=28 total=60 result=OK metrics_valid=1 samples=4096 expected=4096 rms_dbfs=-46.915 dc=2.814 peak=411 clipped=0 zeros=7 stuck=26 dropped_delta=0 feature_valid=0 tonalness_valid=0 tonalness_proxy=0.000000 tonal_gate=not_computed
2026-08-16T16:44:00.345+00:00	200.531	WAIT 28/60 score=-46.92 spread=0.000 nivo=-46.9 dBFS cujem
2026-08-16T16:44:00.598+00:00	200.781	QUALITY protocol=asd-quality-v1.3.0 phase=WAIT index=29 total=60 result=OK metrics_valid=1 samples=4096 expected=4096 rms_dbfs=-46.926 dc=-4.006 peak=410 clipped=0 zeros=7 stuck=20 dropped_delta=0 feature_valid=0 tonalness_valid=0 tonalness_proxy=0.000000 tonal_gate=not_computed
2026-08-16T16:44:00.603+00:00	200.797	WAIT 29/60 score=-46.93 spread=0.000 nivo=-46.9 dBFS cujem
2026-08-16T16:44:00.854+00:00	201.047	QUALITY protocol=asd-quality-v1.3.0 phase=WAIT index=30 total=60 result=OK metrics_valid=1 samples=4096 expected=4096 rms_dbfs=-47.021 dc=1.056 peak=429 clipped=0 zeros=4 stuck=18 dropped_delta=0 feature_valid=0 tonalness_valid=0 tonalness_proxy=0.000000 tonal_gate=not_computed
2026-08-16T16:44:00.857+00:00	201.047	WAIT 30/60 score=-47.02 spread=0.000 nivo=-47.0 dBFS cujem
2026-08-16T16:44:01.110+00:00	201.297	QUALITY protocol=asd-quality-v1.3.0 phase=WAIT index=31 total=60 result=OK metrics_valid=1 samples=4096 expected=4096 rms_dbfs=-47.019 dc=-1.661 peak=399 clipped=0 zeros=16 stuck=23 dropped_delta=0 feature_valid=0 tonalness_valid=0 tonalness_proxy=0.000000 tonal_gate=not_computed
2026-08-16T16:44:01.114+00:00	201.297	WAIT 31/60 score=-47.02 spread=0.000 nivo=-47.0 dBFS cujem
2026-08-16T16:44:01.366+00:00	201.563	QUALITY protocol=asd-quality-v1.3.0 phase=WAIT index=32 total=60 result=OK metrics_valid=1 samples=4096 expected=4096 rms_dbfs=-47.077 dc=2.391 peak=396 clipped=0 zeros=14 stuck=24 dropped_delta=0 feature_valid=0 tonalness_valid=0 tonalness_proxy=0.000000 tonal_gate=not_computed
2026-08-16T16:44:01.371+00:00	201.563	WAIT 32/60 score=-47.08 spread=0.000 nivo=-47.1 dBFS cujem
2026-08-16T16:44:01.621+00:00	201.813	QUALITY protocol=asd-quality-v1.3.0 phase=WAIT index=33 total=60 result=OK metrics_valid=1 samples=4096 expected=4096 rms_dbfs=-47.103 dc=-3.745 peak=418 clipped=0 zeros=10 stuck=23 dropped_delta=0 feature_valid=0 tonalness_valid=0 tonalness_proxy=0.000000 tonal_gate=not_computed
2026-08-16T16:44:01.625+00:00	201.813	WAIT 33/60 score=-47.10 spread=0.000 nivo=-47.1 dBFS cujem
2026-08-16T16:44:01.876+00:00	202.063	QUALITY protocol=asd-quality-v1.3.0 phase=WAIT index=34 total=60 result=OK metrics_valid=1 samples=4096 expected=4096 rms_dbfs=-47.133 dc=2.406 peak=442 clipped=0 zeros=14 stuck=30 dropped_delta=0 feature_valid=0 tonalness_valid=0 tonalness_proxy=0.000000 tonal_gate=not_computed
2026-08-16T16:44:01.880+00:00	202.078	WAIT 34/60 score=-47.13 spread=0.000 nivo=-47.1 dBFS cujem
2026-08-16T16:44:02.133+00:00	202.328	QUALITY protocol=asd-quality-v1.3.0 phase=WAIT index=35 total=60 result=OK metrics_valid=1 samples=4096 expected=4096 rms_dbfs=-47.102 dc=-0.811 peak=412 clipped=0 zeros=8 stuck=28 dropped_delta=0 feature_valid=0 tonalness_valid=0 tonalness_proxy=0.000000 tonal_gate=not_computed
2026-08-16T16:44:02.138+00:00	202.328	WAIT 35/60 score=-47.10 spread=0.000 nivo=-47.1 dBFS cujem
2026-08-16T16:44:02.389+00:00	202.578	QUALITY protocol=asd-quality-v1.3.0 phase=WAIT index=36 total=60 result=OK metrics_valid=1 samples=4096 expected=4096 rms_dbfs=-47.123 dc=-1.636 peak=409 clipped=0 zeros=5 stuck=36 dropped_delta=0 feature_valid=0 tonalness_valid=0 tonalness_proxy=0.000000 tonal_gate=not_computed
2026-08-16T16:44:02.393+00:00	202.578	WAIT 36/60 score=-47.12 spread=0.000 nivo=-47.1 dBFS cujem
2026-08-16T16:44:02.644+00:00	202.828	QUALITY protocol=asd-quality-v1.3.0 phase=WAIT index=37 total=60 result=OK metrics_valid=1 samples=4096 expected=4096 rms_dbfs=-47.326 dc=0.588 peak=402 clipped=0 zeros=11 stuck=29 dropped_delta=0 feature_valid=0 tonalness_valid=0 tonalness_proxy=0.000000 tonal_gate=not_computed
2026-08-16T16:44:02.647+00:00	202.844	WAIT 37/60 score=-47.33 spread=0.000 nivo=-47.3 dBFS cujem
2026-08-16T16:44:02.900+00:00	203.094	QUALITY protocol=asd-quality-v1.3.0 phase=WAIT index=38 total=60 result=OK metrics_valid=1 samples=4096 expected=4096 rms_dbfs=-47.258 dc=-2.827 peak=434 clipped=0 zeros=11 stuck=21 dropped_delta=0 feature_valid=0 tonalness_valid=0 tonalness_proxy=0.000000 tonal_gate=not_computed
2026-08-16T16:44:02.905+00:00	203.094	WAIT 38/60 score=-47.26 spread=0.000 nivo=-47.3 dBFS cujem
2026-08-16T16:44:03.128+00:00	203.313	FLAGS protocol=asd-quality-v1.3.0 mode=LEARNING state=NO_MACHINE waiting=0 learning=1 learned=0 anomaly=0 fault=0 green=blink_5hz red=off
2026-08-16T16:44:03.155+00:00	203.344	QUALITY protocol=asd-quality-v1.3.0 phase=WAIT index=39 total=60 result=OK metrics_valid=1 samples=4096 expected=4096 rms_dbfs=-47.112 dc=-0.427 peak=424 clipped=0 zeros=11 stuck=17 dropped_delta=0 feature_valid=0 tonalness_valid=0 tonalness_proxy=0.000000 tonal_gate=not_computed
2026-08-16T16:44:03.158+00:00	203.344	WAIT 39/60 score=-47.11 spread=0.000 nivo=-47.1 dBFS cujem
2026-08-16T16:44:03.412+00:00	203.610	QUALITY protocol=asd-quality-v1.3.0 phase=WAIT index=40 total=60 result=OK metrics_valid=1 samples=4096 expected=4096 rms_dbfs=-47.104 dc=-0.146 peak=458 clipped=0 zeros=12 stuck=30 dropped_delta=0 feature_valid=0 tonalness_valid=0 tonalness_proxy=0.000000 tonal_gate=not_computed
2026-08-16T16:44:03.415+00:00	203.610	WAIT 40/60 score=-47.10 spread=0.000 nivo=-47.1 dBFS cujem
2026-08-16T16:44:03.667+00:00	203.860	QUALITY protocol=asd-quality-v1.3.0 phase=WAIT index=41 total=60 result=OK metrics_valid=1 samples=4096 expected=4096 rms_dbfs=-47.132 dc=1.883 peak=409 clipped=0 zeros=8 stuck=20 dropped_delta=0 feature_valid=0 tonalness_valid=0 tonalness_proxy=0.000000 tonal_gate=not_computed
2026-08-16T16:44:03.672+00:00	203.860	WAIT 41/60 score=-47.13 spread=0.000 nivo=-47.1 dBFS cujem
2026-08-16T16:44:03.923+00:00	204.110	QUALITY protocol=asd-quality-v1.3.0 phase=WAIT index=42 total=60 result=OK metrics_valid=1 samples=4096 expected=4096 rms_dbfs=-47.253 dc=-3.836 peak=392 clipped=0 zeros=4 stuck=17 dropped_delta=0 feature_valid=0 tonalness_valid=0 tonalness_proxy=0.000000 tonal_gate=not_computed
2026-08-16T16:44:03.926+00:00	204.110	WAIT 42/60 score=-47.25 spread=0.000 nivo=-47.3 dBFS cujem
2026-08-16T16:44:04.178+00:00	204.375	QUALITY protocol=asd-quality-v1.3.0 phase=WAIT index=43 total=60 result=OK metrics_valid=1 samples=4096 expected=4096 rms_dbfs=-47.054 dc=1.627 peak=418 clipped=0 zeros=8 stuck=12 dropped_delta=0 feature_valid=0 tonalness_valid=0 tonalness_proxy=0.000000 tonal_gate=not_computed
2026-08-16T16:44:04.181+00:00	204.375	WAIT 43/60 score=-47.05 spread=0.000 nivo=-47.1 dBFS cujem
2026-08-16T16:44:04.434+00:00	204.625	QUALITY protocol=asd-quality-v1.3.0 phase=WAIT index=44 total=60 result=OK metrics_valid=1 samples=4096 expected=4096 rms_dbfs=-47.024 dc=-1.916 peak=459 clipped=0 zeros=9 stuck=17 dropped_delta=0 feature_valid=0 tonalness_valid=0 tonalness_proxy=0.000000 tonal_gate=not_computed
2026-08-16T16:44:04.439+00:00	204.625	WAIT 44/60 score=-47.02 spread=0.000 nivo=-47.0 dBFS cujem
2026-08-16T16:44:04.690+00:00	204.875	QUALITY protocol=asd-quality-v1.3.0 phase=WAIT index=45 total=60 result=OK metrics_valid=1 samples=4096 expected=4096 rms_dbfs=-46.867 dc=3.270 peak=438 clipped=0 zeros=8 stuck=28 dropped_delta=0 feature_valid=0 tonalness_valid=0 tonalness_proxy=0.000000 tonal_gate=not_computed
2026-08-16T16:44:04.694+00:00	204.891	WAIT 45/60 score=-46.87 spread=0.000 nivo=-46.9 dBFS cujem
2026-08-16T16:44:04.945+00:00	205.141	QUALITY protocol=asd-quality-v1.3.0 phase=WAIT index=46 total=60 result=OK metrics_valid=1 samples=4096 expected=4096 rms_dbfs=-46.920 dc=-2.146 peak=432 clipped=0 zeros=11 stuck=14 dropped_delta=0 feature_valid=0 tonalness_valid=0 tonalness_proxy=0.000000 tonal_gate=not_computed
2026-08-16T16:44:04.948+00:00	205.141	WAIT 46/60 score=-46.92 spread=0.000 nivo=-46.9 dBFS cujem
2026-08-16T16:44:05.202+00:00	205.391	QUALITY protocol=asd-quality-v1.3.0 phase=WAIT index=47 total=60 result=OK metrics_valid=1 samples=4096 expected=4096 rms_dbfs=-47.097 dc=0.490 peak=461 clipped=0 zeros=9 stuck=22 dropped_delta=0 feature_valid=0 tonalness_valid=0 tonalness_proxy=0.000000 tonal_gate=not_computed
2026-08-16T16:44:05.206+00:00	205.391	WAIT 47/60 score=-47.10 spread=0.000 nivo=-47.1 dBFS cujem
2026-08-16T16:44:05.458+00:00	205.641	QUALITY protocol=asd-quality-v1.3.0 phase=WAIT index=48 total=60 result=OK metrics_valid=1 samples=4096 expected=4096 rms_dbfs=-47.155 dc=-2.782 peak=409 clipped=0 zeros=7 stuck=15 dropped_delta=0 feature_valid=0 tonalness_valid=0 tonalness_proxy=0.000000 tonal_gate=not_computed
2026-08-16T16:44:05.462+00:00	205.656	WAIT 48/60 score=-47.15 spread=0.000 nivo=-47.2 dBFS cujem
2026-08-16T16:44:05.713+00:00	205.906	QUALITY protocol=asd-quality-v1.3.0 phase=WAIT index=49 total=60 result=OK metrics_valid=1 samples=4096 expected=4096 rms_dbfs=-46.976 dc=1.846 peak=412 clipped=0 zeros=4 stuck=19 dropped_delta=0 feature_valid=0 tonalness_valid=0 tonalness_proxy=0.000000 tonal_gate=not_computed
2026-08-16T16:44:05.716+00:00	205.906	WAIT 49/60 score=-46.98 spread=0.000 nivo=-47.0 dBFS cujem
2026-08-16T16:44:05.969+00:00	206.156	QUALITY protocol=asd-quality-v1.3.0 phase=WAIT index=50 total=60 result=OK metrics_valid=1 samples=4096 expected=4096 rms_dbfs=-46.925 dc=-3.403 peak=438 clipped=0 zeros=10 stuck=19 dropped_delta=0 feature_valid=0 tonalness_valid=0 tonalness_proxy=0.000000 tonal_gate=not_computed
2026-08-16T16:44:05.973+00:00	206.156	WAIT 50/60 score=-46.92 spread=0.000 nivo=-46.9 dBFS cujem
2026-08-16T16:44:06.225+00:00	206.422	QUALITY protocol=asd-quality-v1.3.0 phase=WAIT index=51 total=60 result=OK metrics_valid=1 samples=4096 expected=4096 rms_dbfs=-47.000 dc=0.484 peak=421 clipped=0 zeros=13 stuck=17 dropped_delta=0 feature_valid=0 tonalness_valid=0 tonalness_proxy=0.000000 tonal_gate=not_computed
2026-08-16T16:44:06.228+00:00	206.422	WAIT 51/60 score=-47.00 spread=0.000 nivo=-47.0 dBFS cujem
2026-08-16T16:44:06.480+00:00	206.672	QUALITY protocol=asd-quality-v1.3.0 phase=WAIT index=52 total=60 result=OK metrics_valid=1 samples=4096 expected=4096 rms_dbfs=-46.954 dc=-0.168 peak=449 clipped=0 zeros=7 stuck=18 dropped_delta=0 feature_valid=0 tonalness_valid=0 tonalness_proxy=0.000000 tonal_gate=not_computed
2026-08-16T16:44:06.483+00:00	206.672	WAIT 52/60 score=-46.95 spread=0.000 nivo=-47.0 dBFS cujem
2026-08-16T16:44:06.737+00:00	206.922	QUALITY protocol=asd-quality-v1.3.0 phase=WAIT index=53 total=60 result=OK metrics_valid=1 samples=4096 expected=4096 rms_dbfs=-46.880 dc=-1.062 peak=440 clipped=0 zeros=15 stuck=18 dropped_delta=0 feature_valid=0 tonalness_valid=0 tonalness_proxy=0.000000 tonal_gate=not_computed
2026-08-16T16:44:06.741+00:00	206.938	WAIT 53/60 score=-46.88 spread=0.000 nivo=-46.9 dBFS cujem
2026-08-16T16:44:06.993+00:00	207.188	QUALITY protocol=asd-quality-v1.3.0 phase=WAIT index=54 total=60 result=OK metrics_valid=1 samples=4096 expected=4096 rms_dbfs=-46.881 dc=2.201 peak=411 clipped=0 zeros=11 stuck=17 dropped_delta=0 feature_valid=0 tonalness_valid=0 tonalness_proxy=0.000000 tonal_gate=not_computed
2026-08-16T16:44:06.997+00:00	207.188	WAIT 54/60 score=-46.88 spread=0.000 nivo=-46.9 dBFS cujem
2026-08-16T16:44:07.247+00:00	207.438	QUALITY protocol=asd-quality-v1.3.0 phase=WAIT index=55 total=60 result=OK metrics_valid=1 samples=4096 expected=4096 rms_dbfs=-46.979 dc=-2.438 peak=436 clipped=0 zeros=11 stuck=22 dropped_delta=0 feature_valid=0 tonalness_valid=0 tonalness_proxy=0.000000 tonal_gate=not_computed
2026-08-16T16:44:07.250+00:00	207.438	WAIT 55/60 score=-46.98 spread=0.000 nivo=-47.0 dBFS cujem
2026-08-16T16:44:07.503+00:00	207.688	QUALITY protocol=asd-quality-v1.3.0 phase=WAIT index=56 total=60 result=OK metrics_valid=1 samples=4096 expected=4096 rms_dbfs=-46.946 dc=0.403 peak=438 clipped=0 zeros=8 stuck=20 dropped_delta=0 feature_valid=0 tonalness_valid=0 tonalness_proxy=0.000000 tonal_gate=not_computed
2026-08-16T16:44:07.508+00:00	207.703	WAIT 56/60 score=-46.95 spread=0.000 nivo=-46.9 dBFS cujem
2026-08-16T16:44:07.760+00:00	207.953	QUALITY protocol=asd-quality-v1.3.0 phase=WAIT index=57 total=60 result=OK metrics_valid=1 samples=4096 expected=4096 rms_dbfs=-46.892 dc=-2.618 peak=447 clipped=0 zeros=12 stuck=15 dropped_delta=0 feature_valid=0 tonalness_valid=0 tonalness_proxy=0.000000 tonal_gate=not_computed
2026-08-16T16:44:07.763+00:00	207.953	WAIT 57/60 score=-46.89 spread=0.000 nivo=-46.9 dBFS cujem
2026-08-16T16:44:08.014+00:00	208.203	QUALITY protocol=asd-quality-v1.3.0 phase=WAIT index=58 total=60 result=OK metrics_valid=1 samples=4096 expected=4096 rms_dbfs=-46.940 dc=2.023 peak=445 clipped=0 zeros=12 stuck=29 dropped_delta=0 feature_valid=0 tonalness_valid=0 tonalness_proxy=0.000000 tonal_gate=not_computed
2026-08-16T16:44:08.018+00:00	208.203	WAIT 58/60 score=-46.94 spread=0.000 nivo=-46.9 dBFS cujem
2026-08-16T16:44:08.128+00:00	208.313	FLAGS protocol=asd-quality-v1.3.0 mode=LEARNING state=NO_MACHINE waiting=0 learning=1 learned=0 anomaly=0 fault=0 green=blink_5hz red=off
2026-08-16T16:44:08.270+00:00	208.453	QUALITY protocol=asd-quality-v1.3.0 phase=WAIT index=59 total=60 result=OK metrics_valid=1 samples=4096 expected=4096 rms_dbfs=-46.825 dc=-2.101 peak=470 clipped=0 zeros=2 stuck=29 dropped_delta=0 feature_valid=0 tonalness_valid=0 tonalness_proxy=0.000000 tonal_gate=not_computed
2026-08-16T16:44:08.274+00:00	208.469	WAIT 59/60 score=-46.83 spread=0.000 nivo=-46.8 dBFS cujem
2026-08-16T16:44:08.526+00:00	208.719	QUALITY protocol=asd-quality-v1.3.0 phase=WAIT index=60 total=60 result=OK metrics_valid=1 samples=4096 expected=4096 rms_dbfs=-46.850 dc=-0.122 peak=437 clipped=0 zeros=4 stuck=25 dropped_delta=0 feature_valid=0 tonalness_valid=0 tonalness_proxy=0.000000 tonal_gate=not_computed
2026-08-16T16:44:08.530+00:00	208.719	WAIT 60/60 score=-46.85 spread=0.000 nivo=-46.8 dBFS cujem
2026-08-16T16:44:08.534+00:00	208.719	I (208705) psdlive: --- KALIBRACIJA: 10 klipova po 10 s ---
2026-08-16T16:44:13.129+00:00	213.313	FLAGS protocol=asd-quality-v1.3.0 mode=LEARNING state=NO_MACHINE waiting=0 learning=1 learned=0 anomaly=0 fault=0 green=blink_5hz red=off
2026-08-16T16:44:18.129+00:00	218.313	FLAGS protocol=asd-quality-v1.3.0 mode=LEARNING state=NO_MACHINE waiting=0 learning=1 learned=0 anomaly=0 fault=0 green=blink_5hz red=off
2026-08-16T16:44:18.520+00:00	218.703	QUALITY protocol=asd-quality-v1.3.0 phase=CAL index=1 total=10 result=OK metrics_valid=1 samples=159744 expected=159744 rms_dbfs=-46.857 dc=-0.483 peak=473 clipped=0 zeros=377 stuck=838 dropped_delta=0 feature_valid=1 tonalness_valid=1 tonalness_proxy=4.442008 tonal_gate=pending_normal_only
2026-08-16T16:44:18.525+00:00	218.719	CAL  1/10 score=0.00000 nivo=-46.9 dBFS racun=706 ms
2026-08-16T16:44:23.129+00:00	223.313	FLAGS protocol=asd-quality-v1.3.0 mode=LEARNING state=NO_MACHINE waiting=0 learning=1 learned=0 anomaly=0 fault=0 green=blink_5hz red=off
2026-08-16T16:44:28.129+00:00	228.313	FLAGS protocol=asd-quality-v1.3.0 mode=LEARNING state=NO_MACHINE waiting=0 learning=1 learned=0 anomaly=0 fault=0 green=blink_5hz red=off
2026-08-16T16:44:28.495+00:00	228.688	QUALITY protocol=asd-quality-v1.3.0 phase=CAL index=2 total=10 result=OK metrics_valid=1 samples=159744 expected=159744 rms_dbfs=-46.880 dc=-0.459 peak=477 clipped=0 zeros=330 stuck=733 dropped_delta=0 feature_valid=1 tonalness_valid=1 tonalness_proxy=4.448863 tonal_gate=pending_normal_only
2026-08-16T16:44:28.499+00:00	228.688	CAL  2/10 score=0.00000 nivo=-46.9 dBFS racun=705 ms
2026-08-16T16:44:33.129+00:00	233.313	FLAGS protocol=asd-quality-v1.3.0 mode=LEARNING state=NO_MACHINE waiting=0 learning=1 learned=0 anomaly=0 fault=0 green=blink_5hz red=off
2026-08-16T16:44:38.129+00:00	238.313	FLAGS protocol=asd-quality-v1.3.0 mode=LEARNING state=NO_MACHINE waiting=0 learning=1 learned=0 anomaly=0 fault=0 green=blink_5hz red=off
2026-08-16T16:44:38.470+00:00	238.656	QUALITY protocol=asd-quality-v1.3.0 phase=CAL index=3 total=10 result=OK metrics_valid=1 samples=159744 expected=159744 rms_dbfs=-46.839 dc=-0.442 peak=442 clipped=0 zeros=309 stuck=770 dropped_delta=0 feature_valid=1 tonalness_valid=1 tonalness_proxy=4.473337 tonal_gate=pending_normal_only
2026-08-16T16:44:38.473+00:00	238.656	CAL  3/10 score=0.00000 nivo=-46.8 dBFS racun=705 ms
2026-08-16T16:44:43.128+00:00	243.313	FLAGS protocol=asd-quality-v1.3.0 mode=LEARNING state=NO_MACHINE waiting=0 learning=1 learned=0 anomaly=0 fault=0 green=blink_5hz red=off
2026-08-16T16:44:48.128+00:00	248.313	FLAGS protocol=asd-quality-v1.3.0 mode=LEARNING state=NO_MACHINE waiting=0 learning=1 learned=0 anomaly=0 fault=0 green=blink_5hz red=off
2026-08-16T16:44:48.445+00:00	248.641	QUALITY protocol=asd-quality-v1.3.0 phase=CAL index=4 total=10 result=OK metrics_valid=1 samples=159744 expected=159744 rms_dbfs=-46.815 dc=-0.506 peak=492 clipped=0 zeros=350 stuck=665 dropped_delta=0 feature_valid=1 tonalness_valid=1 tonalness_proxy=4.456853 tonal_gate=pending_normal_only
2026-08-16T16:44:48.448+00:00	248.641	CAL  4/10 score=0.00000 nivo=-46.8 dBFS racun=705 ms
2026-08-16T16:44:53.128+00:00	253.313	FLAGS protocol=asd-quality-v1.3.0 mode=LEARNING state=NO_MACHINE waiting=0 learning=1 learned=0 anomaly=0 fault=0 green=blink_5hz red=off
2026-08-16T16:44:58.129+00:00	258.313	FLAGS protocol=asd-quality-v1.3.0 mode=LEARNING state=NO_MACHINE waiting=0 learning=1 learned=0 anomaly=0 fault=0 green=blink_5hz red=off
2026-08-16T16:44:58.419+00:00	258.610	QUALITY protocol=asd-quality-v1.3.0 phase=CAL index=5 total=10 result=OK metrics_valid=1 samples=159744 expected=159744 rms_dbfs=-46.903 dc=-0.362 peak=454 clipped=0 zeros=314 stuck=725 dropped_delta=0 feature_valid=1 tonalness_valid=1 tonalness_proxy=4.455549 tonal_gate=pending_normal_only
2026-08-16T16:44:58.442+00:00	258.625	CAL  5/10 score=0.00000 nivo=-46.9 dBFS racun=706 ms
2026-08-16T16:45:03.128+00:00	263.313	FLAGS protocol=asd-quality-v1.3.0 mode=LEARNING state=NO_MACHINE waiting=0 learning=1 learned=0 anomaly=0 fault=0 green=blink_5hz red=off
2026-08-16T16:45:08.129+00:00	268.313	FLAGS protocol=asd-quality-v1.3.0 mode=LEARNING state=NO_MACHINE waiting=0 learning=1 learned=0 anomaly=0 fault=0 green=blink_5hz red=off
2026-08-16T16:45:08.457+00:00	268.641	QUALITY protocol=asd-quality-v1.3.0 phase=CAL index=6 total=10 result=OK metrics_valid=1 samples=159744 expected=159744 rms_dbfs=-46.976 dc=-0.596 peak=454 clipped=0 zeros=286 stuck=825 dropped_delta=0 feature_valid=1 tonalness_valid=1 tonalness_proxy=4.436041 tonal_gate=pending_normal_only
2026-08-16T16:45:08.460+00:00	268.656	CAL  6/10 score=0.00000 nivo=-47.0 dBFS racun=705 ms
2026-08-16T16:45:13.128+00:00	273.313	FLAGS protocol=asd-quality-v1.3.0 mode=LEARNING state=NO_MACHINE waiting=0 learning=1 learned=0 anomaly=0 fault=0 green=blink_5hz red=off
2026-08-16T16:45:18.130+00:00	278.313	FLAGS protocol=asd-quality-v1.3.0 mode=LEARNING state=NO_MACHINE waiting=0 learning=1 learned=0 anomaly=0 fault=0 green=blink_5hz red=off
2026-08-16T16:45:18.432+00:00	278.625	QUALITY protocol=asd-quality-v1.3.0 phase=CAL index=7 total=10 result=OK metrics_valid=1 samples=159744 expected=159744 rms_dbfs=-47.118 dc=-0.459 peak=422 clipped=0 zeros=320 stuck=771 dropped_delta=0 feature_valid=1 tonalness_valid=1 tonalness_proxy=4.437417 tonal_gate=pending_normal_only
2026-08-16T16:45:18.435+00:00	278.625	CAL  7/10 score=0.00000 nivo=-47.1 dBFS racun=705 ms
2026-08-16T16:45:23.128+00:00	283.313	FLAGS protocol=asd-quality-v1.3.0 mode=LEARNING state=NO_MACHINE waiting=0 learning=1 learned=0 anomaly=0 fault=0 green=blink_5hz red=off
2026-08-16T16:45:28.129+00:00	288.313	FLAGS protocol=asd-quality-v1.3.0 mode=LEARNING state=NO_MACHINE waiting=0 learning=1 learned=0 anomaly=0 fault=0 green=blink_5hz red=off
2026-08-16T16:45:28.406+00:00	288.594	QUALITY protocol=asd-quality-v1.3.0 phase=CAL index=8 total=10 result=OK metrics_valid=1 samples=159744 expected=159744 rms_dbfs=-46.980 dc=-0.413 peak=443 clipped=0 zeros=334 stuck=760 dropped_delta=0 feature_valid=1 tonalness_valid=1 tonalness_proxy=4.435613 tonal_gate=pending_normal_only
2026-08-16T16:45:28.441+00:00	288.625	CAL  8/10 score=0.00000 nivo=-47.0 dBFS racun=706 ms
2026-08-16T16:45:33.128+00:00	293.313	FLAGS protocol=asd-quality-v1.3.0 mode=LEARNING state=NO_MACHINE waiting=0 learning=1 learned=0 anomaly=0 fault=0 green=blink_5hz red=off
2026-08-16T16:45:38.130+00:00	298.313	FLAGS protocol=asd-quality-v1.3.0 mode=LEARNING state=NO_MACHINE waiting=0 learning=1 learned=0 anomaly=0 fault=0 green=blink_5hz red=off
2026-08-16T16:45:38.381+00:00	298.578	QUALITY protocol=asd-quality-v1.3.0 phase=CAL index=9 total=10 result=OK metrics_valid=1 samples=159744 expected=159744 rms_dbfs=-47.068 dc=-0.520 peak=435 clipped=0 zeros=352 stuck=789 dropped_delta=0 feature_valid=1 tonalness_valid=1 tonalness_proxy=4.437727 tonal_gate=pending_normal_only
2026-08-16T16:45:38.385+00:00	298.578	CAL  9/10 score=0.00000 nivo=-47.1 dBFS racun=705 ms
2026-08-16T16:45:43.129+00:00	303.313	FLAGS protocol=asd-quality-v1.3.0 mode=LEARNING state=NO_MACHINE waiting=0 learning=1 learned=0 anomaly=0 fault=0 green=blink_5hz red=off
2026-08-16T16:45:48.128+00:00	308.313	FLAGS protocol=asd-quality-v1.3.0 mode=LEARNING state=NO_MACHINE waiting=0 learning=1 learned=0 anomaly=0 fault=0 green=blink_5hz red=off
2026-08-16T16:45:48.356+00:00	308.547	QUALITY protocol=asd-quality-v1.3.0 phase=CAL index=10 total=10 result=OK metrics_valid=1 samples=159744 expected=159744 rms_dbfs=-47.080 dc=-0.539 peak=484 clipped=0 zeros=319 stuck=819 dropped_delta=0 feature_valid=1 tonalness_valid=1 tonalness_proxy=4.428473 tonal_gate=pending_normal_only
2026-08-16T16:45:48.359+00:00	308.547	CAL 10/10 score=0.00000 nivo=-47.1 dBFS racun=705 ms
2026-08-16T16:45:48.378+00:00	308.563	QUALITY protocol=asd-quality-v1.3.0 phase=CAL_SUMMARY result=OBSERVED loo_mean=285.661469 loo_sd=149.634216 loo_cv=0.523817 loo_range=419.398315 loo_gate=pending_normal_only
2026-08-16T16:45:48.381+00:00	308.578	I (308545) psdlive: --- kalibracija gotova (centar zamrznut) ---
2026-08-16T16:45:48.388+00:00	308.578	I (308555) psdlive: LOO score: mean=285.66 sd=149.63 min=119.99 max=539.39
2026-08-16T16:45:48.395+00:00	308.578	I (308565) psdlive: referentni nivo masine: -46.95 dBFS (gate prisustva -57.95 dBFS)
2026-08-16T16:45:48.402+00:00	308.594	LOOALL 458.180 212.063 191.604 163.640 119.988 199.493 539.386 171.584 445.248 355.428
2026-08-16T16:45:48.414+00:00	308.610	I (308575) psdlive: PRAG = 734.56 (p90 dao 466.30, sredina+3sd dao 734.56), alarm poslije 3 uzastopna prozora, gasi se ispod 514.19
2026-08-16T16:45:48.424+00:00	308.610	ADAPTTHR n=10 mean=285.661469 sd=149.634216 k=0 theta=0 p=0.9000 thr=734.564087 lo=0.000000 factory=0.000000
