Activating ESP-IDF 5.5
Setting IDF_PATH to 'C:\Espressif\frameworks\esp-idf-v5.5.5'.
* Checking python version ... 3.13.14
* Checking python dependencies ... OK
* Deactivating the current ESP-IDF environment (if any) ... OK
* Establishing a new ESP-IDF environment ... OK
* Identifying shell ... pwsh.exe
* Detecting outdated tools in system ... OK - no outdated tools found

Done! You can now compile ESP-IDF projects.
Go to the project directory and run:

  idf.py build

Executing action: all (aliases: build)
Running ninja in directory 'C:\Users\mihajlo.zivkovic\Documents\master rad\esp32s3\results\mjerenje_2026-09-21\build'
Executing "ninja all"...
[0/1] Re-running CMake...

-- Component directory C:/Espressif/frameworks/esp-idf-v5.5.5/components/esp_blockdev does not contain a CMakeLists.txt file. No component will be added
-- Minimal build - OFF
-- ccache will be used for faster recompilation
-- Building ESP-IDF components for target esp32s3
NOTICE: 

Following dependencies have new versions available:

Dependency "espressif/esp-nn": "1.4.0" -> "1.4.1"

Consider running "idf.py update-dependencies" to update your lock file.

NOTICE: Processing 4 dependencies:

NOTICE: [1/4] espressif/esp-dsp (1.8.2)

NOTICE: [2/4] espressif/esp-nn (1.4.0)

NOTICE: [3/4] espressif/esp-tflite-micro (1.4.1)

NOTICE: [4/4] idf (5.5.5)

-- ESP-TEE is currently supported only on the esp32c6;esp32h2;esp32c5 SoCs
-- Project sdkconfig file C:/Users/mihajlo.zivkovic/Documents/master rad/esp32s3/firmware/esp32s3_asd/sdkconfig
Loading defaults file C:/Users/mihajlo.zivkovic/Documents/master rad/esp32s3/firmware/esp32s3_asd/sdkconfig.defaults...

Loading defaults file C:/Users/mihajlo.zivkovic/Documents/master rad/esp32s3/firmware/esp32s3_asd/sdkconfig.defaults.esp32s3...

-- Compiler supported targets: xtensa-esp-elf
-- Detecting C compiler ABI info
-- Detecting C compiler ABI info - done
-- Detecting CXX compiler ABI info
-- Detecting CXX compiler ABI info - done
-- Detecting C compiler ABI info
-- Detecting C compiler ABI info - done
-- Detecting CXX compiler ABI info
-- Detecting CXX compiler ABI info - done
-- USING O3
-- App "esp32s3_asd" version: fw-final-v1.0-7-g34f4fc2-dirty
-- Adding linker script C:/Users/mihajlo.zivkovic/Documents/master rad/esp32s3/results/mjerenje_2026-09-21/build/esp-idf/esp_system/ld/memory.ld
-- Adding linker script C:/Users/mihajlo.zivkovic/Documents/master rad/esp32s3/results/mjerenje_2026-09-21/build/esp-idf/esp_system/ld/sections.ld.in
-- Adding linker script C:/Espressif/frameworks/esp-idf-v5.5.5/components/esp_rom/esp32s3/ld/esp32s3.rom.ld
-- Adding linker script C:/Espressif/frameworks/esp-idf-v5.5.5/components/esp_rom/esp32s3/ld/esp32s3.rom.api.ld
-- Adding linker script C:/Espressif/frameworks/esp-idf-v5.5.5/components/esp_rom/esp32s3/ld/esp32s3.rom.bt_funcs.ld
-- Adding linker script C:/Espressif/frameworks/esp-idf-v5.5.5/components/esp_rom/esp32s3/ld/esp32s3.rom.libgcc.ld
-- Adding linker script C:/Espressif/frameworks/esp-idf-v5.5.5/components/esp_rom/esp32s3/ld/esp32s3.rom.wdt.ld
-- Adding linker script C:/Espressif/frameworks/esp-idf-v5.5.5/components/esp_rom/esp32s3/ld/esp32s3.rom.version.ld
-- Adding linker script C:/Espressif/frameworks/esp-idf-v5.5.5/components/esp_rom/esp32s3/ld/esp32s3.rom.ble_master.ld
-- Adding linker script C:/Espressif/frameworks/esp-idf-v5.5.5/components/esp_rom/esp32s3/ld/esp32s3.rom.ble_50.ld
-- Adding linker script C:/Espressif/frameworks/esp-idf-v5.5.5/components/esp_rom/esp32s3/ld/esp32s3.rom.ble_smp.ld
-- Adding linker script C:/Espressif/frameworks/esp-idf-v5.5.5/components/esp_rom/esp32s3/ld/esp32s3.rom.ble_dtm.ld
-- Adding linker script C:/Espressif/frameworks/esp-idf-v5.5.5/components/esp_rom/esp32s3/ld/esp32s3.rom.ble_test.ld
-- Adding linker script C:/Espressif/frameworks/esp-idf-v5.5.5/components/esp_rom/esp32s3/ld/esp32s3.rom.ble_scan.ld
-- Adding linker script C:/Espressif/frameworks/esp-idf-v5.5.5/components/esp_rom/esp32s3/ld/esp32s3.rom.libc.ld
-- Adding linker script C:/Espressif/frameworks/esp-idf-v5.5.5/components/esp_rom/esp32s3/ld/esp32s3.rom.newlib.ld
-- Adding linker script C:/Espressif/frameworks/esp-idf-v5.5.5/components/soc/esp32s3/ld/esp32s3.peripherals.ld
-- Components: app_trace app_update bootloader bootloader_support bt cmock console cxx driver efuse esp-tls esp_adc esp_app_format esp_bootloader_format esp_coex esp_common esp_driver_ana_cmpr esp_driver_bitscrambler esp_driver_cam esp_driver_dac esp_driver_gpio esp_driver_gptimer esp_driver_i2c esp_driver_i2s esp_driver_isp esp_driver_jpeg esp_driver_ledc esp_driver_mcpwm esp_driver_parlio esp_driver_pcnt esp_driver_ppa esp_driver_rmt esp_driver_sdio esp_driver_sdm esp_driver_sdmmc esp_driver_sdspi esp_driver_spi esp_driver_touch_sens esp_driver_tsens esp_driver_twai esp_driver_uart esp_driver_usb_serial_jtag esp_eth esp_event esp_gdbstub esp_hal_ieee802154 esp_hid esp_http_client esp_http_server esp_https_ota esp_https_server esp_hw_support esp_lcd esp_local_ctrl esp_mm esp_netif esp_netif_stack esp_partition esp_phy esp_pm esp_psram esp_ringbuf esp_rom esp_security esp_system esp_timer esp_vfs_console esp_wifi espcoredump espressif__esp-dsp espressif__esp-nn espressif__esp-tflite-micro esptool_py fatfs freertos hal heap http_parser idf_test ieee802154 json log lwip main mbedtls mqtt newlib nvs_flash nvs_sec_provider openthread partition_table perfmon protobuf-c protocomm pthread rt sdmmc soc spi_flash spiffs tcp_transport touch_element ulp unity usb vfs wear_levelling wifi_provisioning wpa_supplicant xtensa
-- Component paths: C:/Espressif/frameworks/esp-idf-v5.5.5/components/app_trace C:/Espressif/frameworks/esp-idf-v5.5.5/components/app_update C:/Espressif/frameworks/esp-idf-v5.5.5/components/bootloader C:/Espressif/frameworks/esp-idf-v5.5.5/components/bootloader_support C:/Espressif/frameworks/esp-idf-v5.5.5/components/bt C:/Espressif/frameworks/esp-idf-v5.5.5/components/cmock C:/Espressif/frameworks/esp-idf-v5.5.5/components/console C:/Espressif/frameworks/esp-idf-v5.5.5/components/cxx C:/Espressif/frameworks/esp-idf-v5.5.5/components/driver C:/Espressif/frameworks/esp-idf-v5.5.5/components/efuse C:/Espressif/frameworks/esp-idf-v5.5.5/components/esp-tls C:/Espressif/frameworks/esp-idf-v5.5.5/components/esp_adc C:/Espressif/frameworks/esp-idf-v5.5.5/components/esp_app_format C:/Espressif/frameworks/esp-idf-v5.5.5/components/esp_bootloader_format C:/Espressif/frameworks/esp-idf-v5.5.5/components/esp_coex C:/Espressif/frameworks/esp-idf-v5.5.5/components/esp_common C:/Espressif/frameworks/esp-idf-v5.5.5/components/esp_driver_ana_cmpr C:/Espressif/frameworks/esp-idf-v5.5.5/components/esp_driver_bitscrambler C:/Espressif/frameworks/esp-idf-v5.5.5/components/esp_driver_cam C:/Espressif/frameworks/esp-idf-v5.5.5/components/esp_driver_dac C:/Espressif/frameworks/esp-idf-v5.5.5/components/esp_driver_gpio C:/Espressif/frameworks/esp-idf-v5.5.5/components/esp_driver_gptimer C:/Espressif/frameworks/esp-idf-v5.5.5/components/esp_driver_i2c C:/Espressif/frameworks/esp-idf-v5.5.5/components/esp_driver_i2s C:/Espressif/frameworks/esp-idf-v5.5.5/components/esp_driver_isp C:/Espressif/frameworks/esp-idf-v5.5.5/components/esp_driver_jpeg C:/Espressif/frameworks/esp-idf-v5.5.5/components/esp_driver_ledc C:/Espressif/frameworks/esp-idf-v5.5.5/components/esp_driver_mcpwm C:/Espressif/frameworks/esp-idf-v5.5.5/components/esp_driver_parlio C:/Espressif/frameworks/esp-idf-v5.5.5/components/esp_driver_pcnt C:/Espressif/frameworks/esp-idf-v5.5.5/components/esp_driver_ppa C:/Espressif/frameworks/esp-idf-v5.5.5/components/esp_driver_rmt C:/Espressif/frameworks/esp-idf-v5.5.5/components/esp_driver_sdio C:/Espressif/frameworks/esp-idf-v5.5.5/components/esp_driver_sdm C:/Espressif/frameworks/esp-idf-v5.5.5/components/esp_driver_sdmmc C:/Espressif/frameworks/esp-idf-v5.5.5/components/esp_driver_sdspi C:/Espressif/frameworks/esp-idf-v5.5.5/components/esp_driver_spi C:/Espressif/frameworks/esp-idf-v5.5.5/components/esp_driver_touch_sens C:/Espressif/frameworks/esp-idf-v5.5.5/components/esp_driver_tsens C:/Espressif/frameworks/esp-idf-v5.5.5/components/esp_driver_twai C:/Espressif/frameworks/esp-idf-v5.5.5/components/esp_driver_uart C:/Espressif/frameworks/esp-idf-v5.5.5/components/esp_driver_usb_serial_jtag C:/Espressif/frameworks/esp-idf-v5.5.5/components/esp_eth C:/Espressif/frameworks/esp-idf-v5.5.5/components/esp_event C:/Espressif/frameworks/esp-idf-v5.5.5/components/esp_gdbstub C:/Espressif/frameworks/esp-idf-v5.5.5/components/esp_hal_ieee802154 C:/Espressif/frameworks/esp-idf-v5.5.5/components/esp_hid C:/Espressif/frameworks/esp-idf-v5.5.5/components/esp_http_client C:/Espressif/frameworks/esp-idf-v5.5.5/components/esp_http_server C:/Espressif/frameworks/esp-idf-v5.5.5/components/esp_https_ota C:/Espressif/frameworks/esp-idf-v5.5.5/components/esp_https_server C:/Espressif/frameworks/esp-idf-v5.5.5/components/esp_hw_support C:/Espressif/frameworks/esp-idf-v5.5.5/components/esp_lcd C:/Espressif/frameworks/esp-idf-v5.5.5/components/esp_local_ctrl C:/Espressif/frameworks/esp-idf-v5.5.5/components/esp_mm C:/Espressif/frameworks/esp-idf-v5.5.5/components/esp_netif C:/Espressif/frameworks/esp-idf-v5.5.5/components/esp_netif_stack C:/Espressif/frameworks/esp-idf-v5.5.5/components/esp_partition C:/Espressif/frameworks/esp-idf-v5.5.5/components/esp_phy C:/Espressif/frameworks/esp-idf-v5.5.5/components/esp_pm C:/Espressif/frameworks/esp-idf-v5.5.5/components/esp_psram C:/Espressif/frameworks/esp-idf-v5.5.5/components/esp_ringbuf C:/Espressif/frameworks/esp-idf-v5.5.5/components/esp_rom C:/Espressif/frameworks/esp-idf-v5.5.5/components/esp_security C:/Espressif/frameworks/esp-idf-v5.5.5/components/esp_system C:/Espressif/frameworks/esp-idf-v5.5.5/components/esp_timer C:/Espressif/frameworks/esp-idf-v5.5.5/components/esp_vfs_console C:/Espressif/frameworks/esp-idf-v5.5.5/components/esp_wifi C:/Espressif/frameworks/esp-idf-v5.5.5/components/espcoredump C:/Users/mihajlo.zivkovic/Documents/master rad/esp32s3/firmware/esp32s3_asd/managed_components/espressif__esp-dsp C:/Users/mihajlo.zivkovic/Documents/master rad/esp32s3/firmware/esp32s3_asd/managed_components/espressif__esp-nn C:/Users/mihajlo.zivkovic/Documents/master rad/esp32s3/firmware/esp32s3_asd/managed_components/espressif__esp-tflite-micro C:/Espressif/frameworks/esp-idf-v5.5.5/components/esptool_py C:/Espressif/frameworks/esp-idf-v5.5.5/components/fatfs C:/Espressif/frameworks/esp-idf-v5.5.5/components/freertos C:/Espressif/frameworks/esp-idf-v5.5.5/components/hal C:/Espressif/frameworks/esp-idf-v5.5.5/components/heap C:/Espressif/frameworks/esp-idf-v5.5.5/components/http_parser C:/Espressif/frameworks/esp-idf-v5.5.5/components/idf_test C:/Espressif/frameworks/esp-idf-v5.5.5/components/ieee802154 C:/Espressif/frameworks/esp-idf-v5.5.5/components/json C:/Espressif/frameworks/esp-idf-v5.5.5/components/log C:/Espressif/frameworks/esp-idf-v5.5.5/components/lwip C:/Users/mihajlo.zivkovic/Documents/master rad/esp32s3/firmware/esp32s3_asd/main C:/Espressif/frameworks/esp-idf-v5.5.5/components/mbedtls C:/Espressif/frameworks/esp-idf-v5.5.5/components/mqtt C:/Espressif/frameworks/esp-idf-v5.5.5/components/newlib C:/Espressif/frameworks/esp-idf-v5.5.5/components/nvs_flash C:/Espressif/frameworks/esp-idf-v5.5.5/components/nvs_sec_provider C:/Espressif/frameworks/esp-idf-v5.5.5/components/openthread C:/Espressif/frameworks/esp-idf-v5.5.5/components/partition_table C:/Espressif/frameworks/esp-idf-v5.5.5/components/perfmon C:/Espressif/frameworks/esp-idf-v5.5.5/components/protobuf-c C:/Espressif/frameworks/esp-idf-v5.5.5/components/protocomm C:/Espressif/frameworks/esp-idf-v5.5.5/components/pthread C:/Espressif/frameworks/esp-idf-v5.5.5/components/rt C:/Espressif/frameworks/esp-idf-v5.5.5/components/sdmmc C:/Espressif/frameworks/esp-idf-v5.5.5/components/soc C:/Espressif/frameworks/esp-idf-v5.5.5/components/spi_flash C:/Espressif/frameworks/esp-idf-v5.5.5/components/spiffs C:/Espressif/frameworks/esp-idf-v5.5.5/components/tcp_transport C:/Espressif/frameworks/esp-idf-v5.5.5/components/touch_element C:/Espressif/frameworks/esp-idf-v5.5.5/components/ulp C:/Espressif/frameworks/esp-idf-v5.5.5/components/unity C:/Espressif/frameworks/esp-idf-v5.5.5/components/usb C:/Espressif/frameworks/esp-idf-v5.5.5/components/vfs C:/Espressif/frameworks/esp-idf-v5.5.5/components/wear_levelling C:/Espressif/frameworks/esp-idf-v5.5.5/components/wifi_provisioning C:/Espressif/frameworks/esp-idf-v5.5.5/components/wpa_supplicant C:/Espressif/frameworks/esp-idf-v5.5.5/components/xtensa
-- Configuring done (112.6s)
CMake Warning in managed_components/espressif__esp-tflite-micro/CMakeLists.txt:
  The object file directory

    C:/Users/mihajlo.zivkovic/Documents/master rad/esp32s3/results/mjerenje_2026-09-21/build/esp-idf/espressif__esp-tflite-micro/CMakeFiles/__idf_espressif__esp-tflite-micro.dir/./

  has 176 characters.  The maximum full path to an object file is 250
  characters (see CMAKE_OBJECT_PATH_MAX).  Object file

    36f25a72f50c3fce56892aa1dd1a30f4/recording_single_arena_buffer_allocator.cc.obj

  cannot be safely placed under this directory.  The build may not work
  correctly.


-- Generating done (8.6s)
-- Build files have been written to: C:/Users/mihajlo.zivkovic/Documents/master rad/esp32s3/results/mjerenje_2026-09-21/build
[1/37] Building C object esp-idf/main/CMakeFiles/__idf_main.dir/app_main.c.obj

[2/37] Building C object esp-idf/main/CMakeFiles/__idf_main.dir/audio_i2s.c.obj

[3/37] Building C object esp-idf/main/CMakeFiles/__idf_main.dir/audio_quality_state.c.obj

[4/37] Building C object esp-idf/main/CMakeFiles/__idf_main.dir/asd_calibration_quality.c.obj

[5/37] Building C object esp-idf/main/CMakeFiles/__idf_main.dir/asd_profile_runtime.c.obj

[6/37] Building C object esp-idf/main/CMakeFiles/__idf_main.dir/asd_profile_store.c.obj

[7/37] Building C object esp-idf/main/CMakeFiles/__idf_main.dir/asd_profile_nvs.c.obj

[8/37] Building C object esp-idf/main/CMakeFiles/__idf_main.dir/asd_commissioning.c.obj

[9/37] Building C object esp-idf/main/CMakeFiles/__idf_main.dir/asd_interference.c.obj

[10/37] Building C object esp-idf/main/CMakeFiles/__idf_main.dir/asd_cmd.c.obj

[11/37] Building C object esp-idf/main/CMakeFiles/__idf_main.dir/asd_operator.c.obj

[12/37] Building C object esp-idf/main/CMakeFiles/__idf_main.dir/asd_temporal.c.obj

[13/37] Building C object esp-idf/main/CMakeFiles/__idf_main.dir/features_c.c.obj

[14/37] Building C object esp-idf/main/CMakeFiles/__idf_main.dir/calib_gamma.c.obj

[15/37] Building C object esp-idf/main/CMakeFiles/__idf_main.dir/eval_mode.c.obj

[16/37] Building C object esp-idf/main/CMakeFiles/__idf_main.dir/mic_test.c.obj

[17/37] Building C object esp-idf/main/CMakeFiles/__idf_main.dir/ina226.c.obj

[18/37] Building C object esp-idf/main/CMakeFiles/__idf_main.dir/ina226_test.c.obj

[19/37] Building C object esp-idf/main/CMakeFiles/__idf_main.dir/live_capture.c.obj

[20/37] Building C object esp-idf/main/CMakeFiles/__idf_main.dir/live_adapt.c.obj

[21/37] Building C object esp-idf/main/CMakeFiles/__idf_main.dir/psd_features_c.c.obj

[22/37] Building C object esp-idf/main/CMakeFiles/__idf_main.dir/asd_events.c.obj

C:/Users/mihajlo.zivkovic/Documents/master rad/esp32s3/firmware/esp32s3_asd/main/asd_events.c: In function 'asd_decide':
C:/Users/mihajlo.zivkovic/Documents/master rad/esp32s3/firmware/esp32s3_asd/main/asd_events.c:221:27: warning: missing initializer for field 'observation_hold' of 'asd_decision_t' [-Wmissing-field-initializers]
  221 |                           ASD_LEVEL_SENSOR_HEALTH, 1, 0};
      |                           ^~~~~~~~~~~~~~~~~~~~~~~
In file included from C:/Users/mihajlo.zivkovic/Documents/master rad/esp32s3/firmware/esp32s3_asd/main/asd_events.c:2:

C:/Users/mihajlo.zivkovic/Documents/master rad/esp32s3/firmware/esp32s3_asd/main/asd_events.h:126:9: note: 'observation_hold' declared here

  126 |     int observation_hold;  /* unreliable single-mic observation; no diagnosis */

      |         ^~~~~~~~~~~~~~~~

[23/37] Building C object esp-idf/main/CMakeFiles/__idf_main.dir/psd_live.c.obj

[24/37] Building C object esp-idf/main/CMakeFiles/__idf_main.dir/psd_verify.c.obj

[25/37] Linking C static library esp-idf\wifi_provisioning\libwifi_provisioning.a

[26/37] Building C object esp-idf/main/CMakeFiles/__idf_main.dir/e5_measure.c.obj

[27/37] Building CXX object esp-idf/main/CMakeFiles/__idf_main.dir/tflm_infer.cc.obj

[28/37] Linking C static library esp-idf\main\libmain.a

[29/37] Performing build step for 'bootloader'

[1/123] Building C object esp-idf/log/CMakeFiles/__idf_log.dir/src/noos/log_timestamp.c.obj

[2/123] Building C object esp-idf/log/CMakeFiles/__idf_log.dir/src/log_timestamp_common.c.obj

[3/123] Building C object esp-idf/log/CMakeFiles/__idf_log.dir/src/noos/log_lock.c.obj

[4/123] Building C object esp-idf/log/CMakeFiles/__idf_log.dir/src/buffer/log_buffers.c.obj

[5/123] Building C object esp-idf/log/CMakeFiles/__idf_log.dir/src/noos/util.c.obj

[6/123] Building C object esp-idf/log/CMakeFiles/__idf_log.dir/src/util.c.obj

[7/123] Building C object esp-idf/log/CMakeFiles/__idf_log.dir/src/log_format_text.c.obj

[8/123] Building C object esp-idf/log/CMakeFiles/__idf_log.dir/src/log_print.c.obj

[9/123] Building C object esp-idf/log/CMakeFiles/__idf_log.dir/src/log.c.obj

[10/123] Building C object esp-idf/esp_rom/CMakeFiles/__idf_esp_rom.dir/patches/esp_rom_sys.c.obj

[11/123] Building C object esp-idf/esp_rom/CMakeFiles/__idf_esp_rom.dir/patches/esp_rom_print.c.obj

[12/123] Building C object esp-idf/esp_rom/CMakeFiles/__idf_esp_rom.dir/patches/esp_rom_crc.c.obj

[13/123] Building C object esp-idf/esp_rom/CMakeFiles/__idf_esp_rom.dir/patches/esp_rom_uart.c.obj

[14/123] Building C object esp-idf/esp_rom/CMakeFiles/__idf_esp_rom.dir/patches/esp_rom_spiflash.c.obj

[15/123] Building C object esp-idf/esp_rom/CMakeFiles/__idf_esp_rom.dir/patches/esp_rom_efuse.c.obj

[16/123] Building C object esp-idf/esp_rom/CMakeFiles/__idf_esp_rom.dir/patches/esp_rom_gpio.c.obj

[17/123] Building ASM object esp-idf/esp_rom/CMakeFiles/__idf_esp_rom.dir/patches/esp_rom_longjmp.S.obj

[18/123] Building C object esp-idf/esp_rom/CMakeFiles/__idf_esp_rom.dir/patches/esp_rom_systimer.c.obj

[19/123] Building C object esp-idf/esp_rom/CMakeFiles/__idf_esp_rom.dir/patches/esp_rom_wdt.c.obj

[20/123] Building C object esp-idf/esp_rom/CMakeFiles/__idf_esp_rom.dir/patches/esp_rom_cache_esp32s2_esp32s3.c.obj

[21/123] Building ASM object esp-idf/esp_rom/CMakeFiles/__idf_esp_rom.dir/patches/esp_rom_cache_writeback_esp32s3.S.obj

[22/123] Building C object esp-idf/esp_common/CMakeFiles/__idf_esp_common.dir/src/esp_err_to_name.c.obj

[23/123] Building C object esp-idf/esp_hw_support/CMakeFiles/__idf_esp_hw_support.dir/cpu.c.obj

[24/123] Building C object esp-idf/esp_hw_support/CMakeFiles/__idf_esp_hw_support.dir/port/esp32s3/esp_cpu_intr.c.obj

[25/123] Linking C static library esp-idf\log\liblog.a

[26/123] Building C object esp-idf/esp_hw_support/CMakeFiles/__idf_esp_hw_support.dir/esp_memory_utils.c.obj

[27/123] Building C object esp-idf/esp_hw_support/CMakeFiles/__idf_esp_hw_support.dir/port/esp32s3/cpu_region_protect.c.obj

[28/123] Building C object esp-idf/esp_hw_support/CMakeFiles/__idf_esp_hw_support.dir/port/esp32s3/rtc_clk.c.obj

[29/123] Building C object esp-idf/esp_hw_support/CMakeFiles/__idf_esp_hw_support.dir/port/esp32s3/rtc_clk_init.c.obj

[30/123] Building C object esp-idf/esp_hw_support/CMakeFiles/__idf_esp_hw_support.dir/port/esp32s3/rtc_init.c.obj

[31/123] Building C object esp-idf/esp_hw_support/CMakeFiles/__idf_esp_hw_support.dir/port/esp32s3/rtc_sleep.c.obj

[32/123] Building C object esp-idf/esp_hw_support/CMakeFiles/__idf_esp_hw_support.dir/port/esp32s3/rtc_time.c.obj

[33/123] Building C object esp-idf/esp_hw_support/CMakeFiles/__idf_esp_hw_support.dir/port/esp32s3/chip_info.c.obj

[34/123] Building C object esp-idf/esp_system/CMakeFiles/__idf_esp_system.dir/esp_err.c.obj

[35/123] Building C object esp-idf/efuse/CMakeFiles/__idf_efuse.dir/esp32s3/esp_efuse_table.c.obj

[36/123] Building C object esp-idf/efuse/CMakeFiles/__idf_efuse.dir/esp32s3/esp_efuse_fields.c.obj

[37/123] Building C object esp-idf/efuse/CMakeFiles/__idf_efuse.dir/esp32s3/esp_efuse_rtc_calib.c.obj

[38/123] Building C object esp-idf/efuse/CMakeFiles/__idf_efuse.dir/esp32s3/esp_efuse_utility.c.obj

[39/123] Building C object esp-idf/efuse/CMakeFiles/__idf_efuse.dir/src/esp_efuse_api.c.obj

[40/123] Building C object esp-idf/efuse/CMakeFiles/__idf_efuse.dir/src/esp_efuse_fields.c.obj

[41/123] Building C object esp-idf/efuse/CMakeFiles/__idf_efuse.dir/src/esp_efuse_utility.c.obj

[42/123] Building C object esp-idf/efuse/CMakeFiles/__idf_efuse.dir/src/efuse_controller/keys/with_key_purposes/esp_efuse_api_key.c.obj

[43/123] Building C object esp-idf/bootloader_support/CMakeFiles/__idf_bootloader_support.dir/src/bootloader_common.c.obj

[44/123] Building C object esp-idf/bootloader_support/CMakeFiles/__idf_bootloader_support.dir/src/bootloader_common_loader.c.obj

[45/123] Building C object esp-idf/bootloader_support/CMakeFiles/__idf_bootloader_support.dir/src/bootloader_clock_init.c.obj

[46/123] Building C object esp-idf/bootloader_support/CMakeFiles/__idf_bootloader_support.dir/src/bootloader_mem.c.obj

[47/123] Building C object esp-idf/bootloader_support/CMakeFiles/__idf_bootloader_support.dir/src/bootloader_random.c.obj

[48/123] Building C object esp-idf/bootloader_support/CMakeFiles/__idf_bootloader_support.dir/src/bootloader_efuse.c.obj

[49/123] Building C object esp-idf/bootloader_support/CMakeFiles/__idf_bootloader_support.dir/src/flash_encrypt.c.obj

[50/123] Building C object esp-idf/bootloader_support/CMakeFiles/__idf_bootloader_support.dir/src/secure_boot.c.obj

[51/123] Building C object esp-idf/bootloader_support/CMakeFiles/__idf_bootloader_support.dir/src/bootloader_random_esp32s3.c.obj

[52/123] Building C object esp-idf/bootloader_support/CMakeFiles/__idf_bootloader_support.dir/bootloader_flash/src/bootloader_flash.c.obj

[53/123] Building C object esp-idf/bootloader_support/CMakeFiles/__idf_bootloader_support.dir/bootloader_flash/src/flash_qio_mode.c.obj

[54/123] Building C object esp-idf/bootloader_support/CMakeFiles/__idf_bootloader_support.dir/bootloader_flash/src/bootloader_flash_config_esp32s3.c.obj

[55/123] Building C object esp-idf/bootloader_support/CMakeFiles/__idf_bootloader_support.dir/src/bootloader_utility.c.obj

[56/123] Building C object esp-idf/bootloader_support/CMakeFiles/__idf_bootloader_support.dir/src/flash_partitions.c.obj

[57/123] Linking C static library esp-idf\esp_rom\libesp_rom.a

[58/123] Building C object esp-idf/bootloader_support/CMakeFiles/__idf_bootloader_support.dir/src/esp_image_format.c.obj

[59/123] Building C object esp-idf/bootloader_support/CMakeFiles/__idf_bootloader_support.dir/src/bootloader_sha.c.obj

[60/123] Building C object esp-idf/bootloader_support/CMakeFiles/__idf_bootloader_support.dir/src/bootloader_init.c.obj

[61/123] Building C object esp-idf/bootloader_support/CMakeFiles/__idf_bootloader_support.dir/src/bootloader_clock_loader.c.obj

[62/123] Building C object esp-idf/bootloader_support/CMakeFiles/__idf_bootloader_support.dir/src/bootloader_console.c.obj

[63/123] Building C object esp-idf/bootloader_support/CMakeFiles/__idf_bootloader_support.dir/src/bootloader_console_loader.c.obj

[64/123] Building C object esp-idf/bootloader_support/CMakeFiles/__idf_bootloader_support.dir/src/esp32s3/bootloader_soc.c.obj

[65/123] Building C object esp-idf/bootloader_support/CMakeFiles/__idf_bootloader_support.dir/src/esp32s3/bootloader_esp32s3.c.obj

[66/123] Building C object esp-idf/bootloader_support/CMakeFiles/__idf_bootloader_support.dir/src/bootloader_panic.c.obj

[67/123] Building C object esp-idf/esp_bootloader_format/CMakeFiles/__idf_esp_bootloader_format.dir/esp_bootloader_desc.c.obj

[68/123] Building C object esp-idf/spi_flash/CMakeFiles/__idf_spi_flash.dir/spi_flash_wrap.c.obj

[69/123] Building C object esp-idf/hal/CMakeFiles/__idf_hal.dir/hal_utils.c.obj

[70/123] Building C object esp-idf/hal/CMakeFiles/__idf_hal.dir/mpu_hal.c.obj

[71/123] Building C object esp-idf/hal/CMakeFiles/__idf_hal.dir/efuse_hal.c.obj

[72/123] Building C object esp-idf/hal/CMakeFiles/__idf_hal.dir/esp32s3/efuse_hal.c.obj

[73/123] Linking C static library esp-idf\esp_common\libesp_common.a

[74/123] Building C object esp-idf/hal/CMakeFiles/__idf_hal.dir/mmu_hal.c.obj

[75/123] Building C object esp-idf/hal/CMakeFiles/__idf_hal.dir/cache_hal.c.obj

[76/123] Building C object esp-idf/micro-ecc/CMakeFiles/__idf_micro-ecc.dir/uECC_verify_antifault.c.obj

[77/123] Building C object esp-idf/soc/CMakeFiles/__idf_soc.dir/lldesc.c.obj

[78/123] Building C object esp-idf/soc/CMakeFiles/__idf_soc.dir/dport_access_common.c.obj

[79/123] Building C object esp-idf/soc/CMakeFiles/__idf_soc.dir/esp32s3/interrupts.c.obj

[80/123] Building C object esp-idf/soc/CMakeFiles/__idf_soc.dir/esp32s3/gpio_periph.c.obj

[81/123] Building C object esp-idf/soc/CMakeFiles/__idf_soc.dir/esp32s3/uart_periph.c.obj

[82/123] Building C object esp-idf/soc/CMakeFiles/__idf_soc.dir/esp32s3/adc_periph.c.obj

[83/123] Building C object esp-idf/soc/CMakeFiles/__idf_soc.dir/esp32s3/dedic_gpio_periph.c.obj

[84/123] Building C object esp-idf/soc/CMakeFiles/__idf_soc.dir/esp32s3/gdma_periph.c.obj

[85/123] Building C object esp-idf/soc/CMakeFiles/__idf_soc.dir/esp32s3/spi_periph.c.obj

[86/123] Building C object esp-idf/soc/CMakeFiles/__idf_soc.dir/esp32s3/ledc_periph.c.obj

[87/123] Building C object esp-idf/soc/CMakeFiles/__idf_soc.dir/esp32s3/pcnt_periph.c.obj

[88/123] Building C object esp-idf/soc/CMakeFiles/__idf_soc.dir/esp32s3/rmt_periph.c.obj

[89/123] Building C object esp-idf/soc/CMakeFiles/__idf_soc.dir/esp32s3/sdm_periph.c.obj

[90/123] Building C object esp-idf/soc/CMakeFiles/__idf_soc.dir/esp32s3/i2s_periph.c.obj

[91/123] Building C object esp-idf/soc/CMakeFiles/__idf_soc.dir/esp32s3/i2c_periph.c.obj

[92/123] Building C object esp-idf/soc/CMakeFiles/__idf_soc.dir/esp32s3/temperature_sensor_periph.c.obj

[93/123] Building C object esp-idf/soc/CMakeFiles/__idf_soc.dir/esp32s3/timer_periph.c.obj

[94/123] Building C object esp-idf/soc/CMakeFiles/__idf_soc.dir/esp32s3/lcd_periph.c.obj

[95/123] Building C object esp-idf/soc/CMakeFiles/__idf_soc.dir/esp32s3/mcpwm_periph.c.obj

[96/123] Building C object esp-idf/soc/CMakeFiles/__idf_soc.dir/esp32s3/mpi_periph.c.obj

[97/123] Building C object esp-idf/soc/CMakeFiles/__idf_soc.dir/esp32s3/sdmmc_periph.c.obj

[98/123] Building C object esp-idf/soc/CMakeFiles/__idf_soc.dir/esp32s3/touch_sensor_periph.c.obj

[99/123] Building C object esp-idf/soc/CMakeFiles/__idf_soc.dir/esp32s3/twai_periph.c.obj

[100/123] Building C object esp-idf/soc/CMakeFiles/__idf_soc.dir/esp32s3/wdt_periph.c.obj

[101/123] Building C object esp-idf/soc/CMakeFiles/__idf_soc.dir/esp32s3/usb_dwc_periph.c.obj

[102/123] Linking C static library esp-idf\esp_hw_support\libesp_hw_support.a

[103/123] Generating project_elf_src_esp32s3.c

[104/123] Building C object esp-idf/soc/CMakeFiles/__idf_soc.dir/esp32s3/rtc_io_periph.c.obj

[105/123] Building C object esp-idf/soc/CMakeFiles/__idf_soc.dir/esp32s3/power_supply_periph.c.obj

[106/123] Building C object esp-idf/soc/CMakeFiles/__idf_soc.dir/esp32s3/cam_periph.c.obj

[107/123] Building C object esp-idf/xtensa/CMakeFiles/__idf_xtensa.dir/eri.c.obj

[108/123] Building C object esp-idf/xtensa/CMakeFiles/__idf_xtensa.dir/xt_trax.c.obj

[109/123] Building C object esp-idf/main/CMakeFiles/__idf_main.dir/bootloader_start.c.obj

[110/123] Building C object CMakeFiles/bootloader.elf.dir/project_elf_src_esp32s3.c.obj

[111/123] Linking C static library esp-idf\esp_system\libesp_system.a

[112/123] Linking C static library esp-idf\efuse\libefuse.a

[113/123] Linking C static library esp-idf\bootloader_support\libbootloader_support.a

[114/123] Linking C static library esp-idf\esp_bootloader_format\libesp_bootloader_format.a

[115/123] Linking C static library esp-idf\spi_flash\libspi_flash.a

[116/123] Linking C static library esp-idf\hal\libhal.a

[117/123] Linking C static library esp-idf\micro-ecc\libmicro-ecc.a

[118/123] Linking C static library esp-idf\soc\libsoc.a

[119/123] Linking C static library esp-idf\xtensa\libxtensa.a

[120/123] Linking C static library esp-idf\main\libmain.a

[121/123] Linking C executable bootloader.elf

[122/123] Generating binary image from built executable

esptool.py v4.12.0


Creating esp32s3 image...


Merged 2 ELF sections


Successfully created esp32s3 image.


Generated C:/Users/mihajlo.zivkovic/Documents/master rad/esp32s3/results/mjerenje_2026-09-21/build/bootloader/bootloader.bin

[123/123] C:\WINDOWS\system32\cmd.exe /C "cd /D "C:\Users\mihajlo.zivkovic\Documents\master rad\esp32s3\results\mjerenje_2026-09-21\build\bootloader\esp-idf\esptool_py" && C:\Users\mihajlo.zivkovic\.espressif\python_env\idf5.5_py3.13_env\Scripts\python.exe C:/Espressif/frameworks/esp-idf-v5.5.5/components/partition_table/check_sizes.py --offset 0x8000 bootloader 0x0 "C:/Users/mihajlo.zivkovic/Documents/master rad/esp32s3/results/mjerenje_2026-09-21/build/bootloader/bootloader.bin""


Bootloader binary size 0x5160 bytes. 0x2ea0 bytes (36%) free.



[30/37] No install step for 'bootloader'

[31/37] Completed 'bootloader'

[32/37] Generating esp-idf/esp_system/ld/sections.ld

[33/37] Building C object CMakeFiles/esp32s3_asd.elf.dir/project_elf_src_esp32s3.c.obj

[34/37] Linking CXX executable esp32s3_asd.elf

[35/37] Generating binary image from built executable

esptool.py v4.12.0


Creating esp32s3 image...


Merged 2 ELF sections


Successfully created esp32s3 image.


Generated C:/Users/mihajlo.zivkovic/Documents/master rad/esp32s3/results/mjerenje_2026-09-21/build/esp32s3_asd.bin

[36/37] C:\WINDOWS\system32\cmd.exe /C "cd /D "C:\Users\mihajlo.zivkovic\Documents\master rad\esp32s3\results\mjerenje_2026-09-21\build\esp-idf\esptool_py" && C:\Users\mihajlo.zivkovic\.espressif\python_env\idf5.5_py3.13_env\Scripts\python.exe C:/Espressif/frameworks/esp-idf-v5.5.5/components/partition_table/check_sizes.py --offset 0x8000 partition --type app "C:/Users/mihajlo.zivkovic/Documents/master rad/esp32s3/results/mjerenje_2026-09-21/build/partition_table/partition-table.bin" "C:/Users/mihajlo.zivkovic/Documents/master rad/esp32s3/results/mjerenje_2026-09-21/build/esp32s3_asd.bin""

esp32s3_asd.bin binary size 0x5d230 bytes. Smallest app partition is 0x400000 bytes. 0x3a2dd0 bytes (91%) free.




Project build complete. To flash, run:
 idf.py flash
or
 idf.py -p PORT flash
or
 python -m esptool --chip esp32s3 -b 460800 --before default_reset --after hard_reset write_flash --flash_mode dio --flash_size 32MB --flash_freq 80m 0x0 C:\Users\mihajlo.zivkovic\Documents\master rad\esp32s3\results\mjerenje_2026-09-21\build\bootloader\bootloader.bin 0x8000 C:\Users\mihajlo.zivkovic\Documents\master rad\esp32s3\results\mjerenje_2026-09-21\build\partition_table\partition-table.bin 0x10000 C:\Users\mihajlo.zivkovic\Documents\master rad\esp32s3\results\mjerenje_2026-09-21\build\esp32s3_asd.bin
or from the "C:\Users\mihajlo.zivkovic\Documents\master rad\esp32s3\results\mjerenje_2026-09-21\build" directory
 python -m esptool --chip esp32s3 -b 460800 --before default_reset --after hard_reset write_flash "@flash_args"
