2026-08-21T21:01:34.096+00:00	1.141	I (1118) esp_psram: SPI SRAM memory test OK
2026-08-21T21:01:34.107+00:00	1.141	I (1126) cpu_start: GPIO 44 and 43 are used as console UART I/O pins
2026-08-21T21:01:34.110+00:00	1.156	I (1126) cpu_start: Pro cpu start user code
2026-08-21T21:01:34.116+00:00	1.156	I (1126) cpu_start: cpu freq: 240000000 Hz
2026-08-21T21:01:34.122+00:00	1.156	I (1128) app_init: Application information:
2026-08-21T21:01:34.127+00:00	1.172	I (1132) app_init: Project name:     esp32s3_asd
2026-08-21T21:01:34.132+00:00	1.172	I (1137) app_init: App version:      on-device-verified-54-g2f4908e-
2026-08-21T21:01:34.138+00:00	1.172	I (1143) app_init: Compile time:     Aug 20 2026 17:42:50
2026-08-21T21:01:34.142+00:00	1.187	I (1148) app_init: ELF file SHA256:  bdb1214d6...
2026-08-21T21:01:34.176+00:00	1.219	I (1152) app_init: ESP-IDF:          v5.5.5-34-g21f3b71cbbf
2026-08-21T21:01:34.181+00:00	1.219	I (1158) efuse_init: Min chip rev:     v0.0
2026-08-21T21:01:34.187+00:00	1.219	I (1161) efuse_init: Max chip rev:     v0.99 
2026-08-21T21:01:34.192+00:00	1.234	I (1166) efuse_init: Chip rev:         v0.2
2026-08-21T21:01:34.200+00:00	1.234	I (1170) heap_init: Initializing. RAM available for dynamic allocation:
2026-08-21T21:01:34.207+00:00	1.250	I (1176) heap_init: At 3FCD1770 len 00017FA0 (95 KiB): RAM
2026-08-21T21:01:34.212+00:00	1.250	I (1181) heap_init: At 3FCE9710 len 00005724 (21 KiB): RAM
2026-08-21T21:01:34.219+00:00	1.266	I (1186) heap_init: At 3FCF0000 len 00008000 (32 KiB): DRAM
2026-08-21T21:01:34.225+00:00	1.266	I (1192) heap_init: At 600FE000 len 00001FE8 (7 KiB): RTCRAM
2026-08-21T21:01:34.232+00:00	1.266	I (1197) esp_psram: Adding pool of 16384K of PSRAM memory to heap allocator
2026-08-21T21:01:34.242+00:00	1.281	W (1204) spi_flash: Octal flash chip is using but dio mode is selected, will automatically switch to Octal mode
2026-08-21T21:01:34.246+00:00	1.281	I (1214) spi_flash: detected chip: mxic (opi)
2026-08-21T21:01:34.256+00:00	1.297	I (1217) spi_flash: flash io: opi_str
2026-08-21T21:01:34.262+00:00	1.297	I (1221) sleep_gpio: Configure to isolate all GPIO pins in sleep state
2026-08-21T21:01:34.272+00:00	1.312	I (1227) sleep_gpio: Enable automatic switching of GPIO sleep configuration
2026-08-21T21:01:34.278+00:00	1.312	I (1234) main_task: Started on CPU0
2026-08-21T21:01:34.290+00:00	1.328	I (1234) esp_psram: Reserving pool of 32K of internal memory for DMA/internal allocations
2026-08-21T21:01:34.294+00:00	1.328	I (1244) main_task: Calling app_main()
2026-08-21T21:01:34.299+00:00	1.344	I (1244) asd: PSRAM: 16777216 B
2026-08-21T21:01:34.306+00:00	1.344	I (1254) asd: free heap: 16914407 B
2026-08-21T21:01:34.309+00:00	1.344	I (1254) asd: I2C idle: SDA=1 SCL=1
2026-08-21T21:01:34.313+00:00	1.359	I (1264) asd: I2C poslije probe: SDA=1 SCL=1
2026-08-21T21:01:34.321+00:00	1.359	E (1264) asd: INA226 nije pronadjen na adresama 0x40-0x4F
2026-08-21T21:01:34.329+00:00	1.375	W (1264) i2s_common: dma frame num is out of dma buffer size, limited to 1023
2026-08-21T21:01:34.923+00:00	1.969	W (1944) psdlive: DEVELOPMENT policy: NVS profile load/save je zabranjen
2026-08-21T21:01:34.946+00:00	1.984	FLAGS protocol=asd-quality-v1.5.0 mode=IDLE state=NO_MACHINE waiting=1 learning=0 learned=0 anomaly=0 hold=0 fault=0 green=flash_2s red=off guided25_available=1 workflow_pending=DEFAULT research_telemetry=1 profile_persistence_allowed=0 dropped=0
2026-08-21T21:01:34.951+00:00	1.984	I (1954) psdlive: === SAMOSTALNI PSD DETEKTOR ===
2026-08-21T21:01:34.960+00:00	2.000	I (1964) psdlive: model: 96 traka, matrica 96x96 iz flesa, naucen na 990 normalnih snimaka ventilatora
2026-08-21T21:01:34.964+00:00	2.000	I (1974) psdlive: 1) pusti ventilator koji radi NORMALNO
2026-08-21T21:01:34.973+00:00	2.016	I (1974) psdlive: 2) pritisni taster ILI posalji PRESS sa konzole -> ucenje 10 x 10 s = 100 s, lampica treperi
2026-08-21T21:01:34.978+00:00	2.016	I (1984) psdlive: 3) lampica stalno svijetli = naucio; tek tada izazovi kvar
2026-08-21T21:01:34.984+00:00	2.031	I (1994) psdlive: pritisni taster (GPIO10) ili posalji PRESS da pocne ucenje
2026-08-21T21:01:39.946+00:00	6.984	FLAGS protocol=asd-quality-v1.5.0 mode=IDLE state=NO_MACHINE waiting=1 learning=0 learned=0 anomaly=0 hold=0 fault=0 green=flash_2s red=off guided25_available=1 workflow_pending=DEFAULT research_telemetry=1 profile_persistence_allowed=0 dropped=0
2026-08-21T21:01:44.966+00:00	12.000	FLAGS protocol=asd-quality-v1.5.0 mode=IDLE state=NO_MACHINE waiting=1 learning=0 learned=0 anomaly=0 hold=0 fault=0 green=flash_2s red=off guided25_available=1 workflow_pending=DEFAULT research_telemetry=1 profile_persistence_allowed=0 dropped=0
2026-08-21T21:01:49.968+00:00	17.000	FLAGS protocol=asd-quality-v1.5.0 mode=IDLE state=NO_MACHINE waiting=1 learning=0 learned=0 anomaly=0 hold=0 fault=0 green=flash_2s red=off guided25_available=1 workflow_pending=DEFAULT research_telemetry=1 profile_persistence_allowed=0 dropped=0
2026-08-21T21:01:54.976+00:00	22.016	FLAGS protocol=asd-quality-v1.5.0 mode=IDLE state=NO_MACHINE waiting=1 learning=0 learned=0 anomaly=0 hold=0 fault=0 green=flash_2s red=off guided25_available=1 workflow_pending=DEFAULT research_telemetry=1 profile_persistence_allowed=0 dropped=0
2026-08-21T21:01:59.991+00:00	27.031	FLAGS protocol=asd-quality-v1.5.0 mode=IDLE state=NO_MACHINE waiting=1 learning=0 learned=0 anomaly=0 hold=0 fault=0 green=flash_2s red=off guided25_available=1 workflow_pending=DEFAULT research_telemetry=1 profile_persistence_allowed=0 dropped=0
2026-08-21T21:02:05.006+00:00	32.047	FLAGS protocol=asd-quality-v1.5.0 mode=IDLE state=NO_MACHINE waiting=1 learning=0 learned=0 anomaly=0 hold=0 fault=0 green=flash_2s red=off guided25_available=1 workflow_pending=DEFAULT research_telemetry=1 profile_persistence_allowed=0 dropped=0
2026-08-21T21:02:10.008+00:00	37.047	FLAGS protocol=asd-quality-v1.5.0 mode=IDLE state=NO_MACHINE waiting=1 learning=0 learned=0 anomaly=0 hold=0 fault=0 green=flash_2s red=off guided25_available=1 workflow_pending=DEFAULT research_telemetry=1 profile_persistence_allowed=0 dropped=0
2026-08-21T21:02:15.021+00:00	42.062	FLAGS protocol=asd-quality-v1.5.0 mode=IDLE state=NO_MACHINE waiting=1 learning=0 learned=0 anomaly=0 hold=0 fault=0 green=flash_2s red=off guided25_available=1 workflow_pending=DEFAULT research_telemetry=1 profile_persistence_allowed=0 dropped=0
2026-08-21T21:02:20.036+00:00	47.078	FLAGS protocol=asd-quality-v1.5.0 mode=IDLE state=NO_MACHINE waiting=1 learning=0 learned=0 anomaly=0 hold=0 fault=0 green=flash_2s red=off guided25_available=1 workflow_pending=DEFAULT research_telemetry=1 profile_persistence_allowed=0 dropped=0
2026-08-21T21:02:25.035+00:00	52.078	FLAGS protocol=asd-quality-v1.5.0 mode=IDLE state=NO_MACHINE waiting=1 learning=0 learned=0 anomaly=0 hold=0 fault=0 green=flash_2s red=off guided25_available=1 workflow_pending=DEFAULT research_telemetry=1 profile_persistence_allowed=0 dropped=0
2026-08-21T21:02:30.047+00:00	57.094	FLAGS protocol=asd-quality-v1.5.0 mode=IDLE state=NO_MACHINE waiting=1 learning=0 learned=0 anomaly=0 hold=0 fault=0 green=flash_2s red=off guided25_available=1 workflow_pending=DEFAULT research_telemetry=1 profile_persistence_allowed=0 dropped=0
2026-08-21T21:02:35.057+00:00	62.094	FLAGS protocol=asd-quality-v1.5.0 mode=IDLE state=NO_MACHINE waiting=1 learning=0 learned=0 anomaly=0 hold=0 fault=0 green=flash_2s red=off guided25_available=1 workflow_pending=DEFAULT research_telemetry=1 profile_persistence_allowed=0 dropped=0
2026-08-21T21:02:40.065+00:00	67.109	FLAGS protocol=asd-quality-v1.5.0 mode=IDLE state=NO_MACHINE waiting=1 learning=0 learned=0 anomaly=0 hold=0 fault=0 green=flash_2s red=off guided25_available=1 workflow_pending=DEFAULT research_telemetry=1 profile_persistence_allowed=0 dropped=0
2026-08-21T21:02:45.083+00:00	72.125	FLAGS protocol=asd-quality-v1.5.0 mode=IDLE state=NO_MACHINE waiting=1 learning=0 learned=0 anomaly=0 hold=0 fault=0 green=flash_2s red=off guided25_available=1 workflow_pending=DEFAULT research_telemetry=1 profile_persistence_allowed=0 dropped=0
2026-08-21T21:02:50.088+00:00	77.125	FLAGS protocol=asd-quality-v1.5.0 mode=IDLE state=NO_MACHINE waiting=1 learning=0 learned=0 anomaly=0 hold=0 fault=0 green=flash_2s red=off guided25_available=1 workflow_pending=DEFAULT research_telemetry=1 profile_persistence_allowed=0 dropped=0
2026-08-21T21:02:55.100+00:00	82.141	FLAGS protocol=asd-quality-v1.5.0 mode=IDLE state=NO_MACHINE waiting=1 learning=0 learned=0 anomaly=0 hold=0 fault=0 green=flash_2s red=off guided25_available=1 workflow_pending=DEFAULT research_telemetry=1 profile_persistence_allowed=0 dropped=0
2026-08-21T21:03:00.108+00:00	87.141	FLAGS protocol=asd-quality-v1.5.0 mode=IDLE state=NO_MACHINE waiting=1 learning=0 learned=0 anomaly=0 hold=0 fault=0 green=flash_2s red=off guided25_available=1 workflow_pending=DEFAULT research_telemetry=1 profile_persistence_allowed=0 dropped=0
2026-08-21T21:03:05.122+00:00	92.156	FLAGS protocol=asd-quality-v1.5.0 mode=IDLE state=NO_MACHINE waiting=1 learning=0 learned=0 anomaly=0 hold=0 fault=0 green=flash_2s red=off guided25_available=1 workflow_pending=DEFAULT research_telemetry=1 profile_persistence_allowed=0 dropped=0
2026-08-21T21:03:05.148+00:00	92.187	VWORKFLOW mode=GUIDED25 result=accepted
2026-08-21T21:03:05.154+00:00	92.187	VBUTTON protocol=asd-quality-v1.5.0 source=console event=SHORT result=accepted
2026-08-21T21:03:05.160+00:00	92.203	BUTTON protocol=asd-quality-v1.5.0 event=SHORT mode=IDLE command=START_LEARNING discards=0
2026-08-21T21:03:05.170+00:00	92.203	SESSION protocol=asd-quality-v1.5.0 action=STARTED source=BUTTON reason=OPERATOR_REQUEST discards_calibration=0
2026-08-21T21:03:05.177+00:00	92.219	STATE protocol=asd-quality-v1.5.0 from=NO_MACHINE to=NO_MACHINE reason=BOOT_FAIL_CLOSED
2026-08-21T21:03:05.183+00:00	92.219	VWORKFLOW mode=GUIDED25 result=busy_session
2026-08-21T21:03:05.189+00:00	92.234	VBUTTON protocol=asd-quality-v1.5.0 source=console event=SHORT result=accepted
2026-08-21T21:03:05.211+00:00	92.250	FLAGS protocol=asd-quality-v1.5.0 mode=LEARNING state=NO_MACHINE waiting=0 learning=1 learned=0 anomaly=0 hold=0 fault=0 green=blink_5hz red=off guided25_available=1 workflow_pending=DEFAULT research_telemetry=1 profile_persistence_allowed=0 dropped=0
2026-08-21T21:03:05.219+00:00	92.266	BUTTON protocol=asd-quality-v1.5.0 event=SHORT mode=LEARNING command=NONE discards=0
2026-08-21T21:03:05.235+00:00	92.281	COMMISSION protocol=asd-quality-v1.5.0 policy=asd-commissioning-policy-v1.0.0-development developmental=1 action=STARTED phase=SETTLE index=0 total=8 result=NONE score_valid=0 score=0 level_dbfs=-999 tonalness_proxy=0 feature_drift=0
2026-08-21T21:03:07.233+00:00	94.266	COMMISSION protocol=asd-quality-v1.5.0 policy=asd-commissioning-policy-v1.0.0-development developmental=1 action=WINDOW phase=REJECTED index=1 total=8 result=QUALITY_REJECT score_valid=0 score=0 level_dbfs=-999 tonalness_proxy=0 feature_drift=0
2026-08-21T21:03:07.243+00:00	94.281	STATE protocol=asd-quality-v1.5.0 from=NO_MACHINE to=CALIBRATION_REJECTED reason=QUALITY_REJECT
