2026-08-16T10:51:29.111+00:00	1.125	I (1108) esp_psram: SPI SRAM memory test OK
2026-08-16T10:51:29.121+00:00	1.125	I (1117) cpu_start: GPIO 44 and 43 are used as console UART I/O pins
2026-08-16T10:51:29.123+00:00	1.141	I (1117) cpu_start: Pro cpu start user code
2026-08-16T10:51:29.126+00:00	1.141	I (1117) cpu_start: cpu freq: 240000000 Hz
2026-08-16T10:51:29.129+00:00	1.141	I (1119) app_init: Application information:
2026-08-16T10:51:29.132+00:00	1.141	I (1123) app_init: Project name:     esp32s3_asd
2026-08-16T10:51:29.137+00:00	1.141	I (1127) app_init: App version:      on-device-verified-48-g4c43b3f-
2026-08-16T10:51:29.142+00:00	1.156	I (1133) app_init: Compile time:     Aug 15 2026 20:40:52
2026-08-16T10:51:29.146+00:00	1.156	I (1139) app_init: ELF file SHA256:  0bde71af0...
2026-08-16T10:51:29.152+00:00	1.156	I (1143) app_init: ESP-IDF:          v5.5.5-34-g21f3b71cbbf
2026-08-16T10:51:29.156+00:00	1.172	I (1148) efuse_init: Min chip rev:     v0.0
2026-08-16T10:51:29.160+00:00	1.172	I (1152) efuse_init: Max chip rev:     v0.99 
2026-08-16T10:51:29.164+00:00	1.172	I (1156) efuse_init: Chip rev:         v0.2
2026-08-16T10:51:29.170+00:00	1.188	I (1160) heap_init: Initializing. RAM available for dynamic allocation:
2026-08-16T10:51:29.176+00:00	1.188	I (1167) heap_init: At 3FCCFEF0 len 00019820 (102 KiB): RAM
2026-08-16T10:51:29.180+00:00	1.188	I (1172) heap_init: At 3FCE9710 len 00005724 (21 KiB): RAM
2026-08-16T10:51:29.186+00:00	1.203	I (1177) heap_init: At 3FCF0000 len 00008000 (32 KiB): DRAM
2026-08-16T10:51:29.191+00:00	1.203	I (1182) heap_init: At 600FE000 len 00001FE8 (7 KiB): RTCRAM
2026-08-16T10:51:29.198+00:00	1.203	I (1188) esp_psram: Adding pool of 16384K of PSRAM memory to heap allocator
2026-08-16T10:51:29.208+00:00	1.219	W (1195) spi_flash: Octal flash chip is using but dio mode is selected, will automatically switch to Octal mode
2026-08-16T10:51:29.212+00:00	1.219	I (1204) spi_flash: detected chip: mxic (opi)
2026-08-16T10:51:29.215+00:00	1.219	I (1208) spi_flash: flash io: opi_str
2026-08-16T10:51:29.221+00:00	1.235	I (1212) sleep_gpio: Configure to isolate all GPIO pins in sleep state
2026-08-16T10:51:29.228+00:00	1.235	I (1218) sleep_gpio: Enable automatic switching of GPIO sleep configuration
2026-08-16T10:51:29.231+00:00	1.235	I (1225) main_task: Started on CPU0
2026-08-16T10:51:29.239+00:00	1.250	I (1225) esp_psram: Reserving pool of 32K of internal memory for DMA/internal allocations
2026-08-16T10:51:29.242+00:00	1.250	I (1235) main_task: Calling app_main()
2026-08-16T10:51:29.246+00:00	1.250	I (1235) asd: PSRAM: 16777216 B
2026-08-16T10:51:29.249+00:00	1.266	I (1245) asd: free heap: 16920679 B
2026-08-16T10:51:29.252+00:00	1.266	I (1245) asd: I2C idle: SDA=1 SCL=1
2026-08-16T10:51:29.256+00:00	1.266	I (1255) asd: I2C poslije probe: SDA=1 SCL=1
2026-08-16T10:51:29.262+00:00	1.266	E (1255) asd: INA226 nije pronadjen na adresama 0x40-0x4F
2026-08-16T10:51:29.268+00:00	1.281	W (1255) i2s_common: dma frame num is out of dma buffer size, limited to 1023
2026-08-16T10:51:29.937+00:00	1.953	FLAGS protocol=asd-quality-v1.3.0 mode=IDLE state=NO_MACHINE waiting=1 learning=0 learned=0 anomaly=0 fault=0 green=flash_2s red=off
2026-08-16T10:51:29.941+00:00	1.953	I (1935) psdlive: === SAMOSTALNI PSD DETEKTOR ===
2026-08-16T10:51:29.950+00:00	1.953	I (1935) psdlive: model: 96 traka, matrica 96x96 iz flesa, naucen na 990 normalnih snimaka ventilatora
2026-08-16T10:51:29.955+00:00	1.969	I (1945) psdlive: 1) pusti ventilator koji radi NORMALNO
2026-08-16T10:51:29.966+00:00	1.985	I (1955) psdlive: 2) pritisni taster ILI posalji PRESS sa konzole -> ucenje 10 x 10 s = 100 s, lampica treperi
2026-08-16T10:51:29.971+00:00	1.985	I (1965) psdlive: 3) lampica stalno svijetli = naucio; tek tada izazovi kvar
2026-08-16T10:51:29.979+00:00	1.985	I (1965) psdlive: pritisni taster (GPIO10) ili posalji PRESS da pocne ucenje
2026-08-16T10:51:34.955+00:00	6.969	FLAGS protocol=asd-quality-v1.3.0 mode=IDLE state=NO_MACHINE waiting=1 learning=0 learned=0 anomaly=0 fault=0 green=flash_2s red=off
2026-08-16T10:51:39.956+00:00	11.969	FLAGS protocol=asd-quality-v1.3.0 mode=IDLE state=NO_MACHINE waiting=1 learning=0 learned=0 anomaly=0 fault=0 green=flash_2s red=off
2026-08-16T10:51:44.955+00:00	16.969	FLAGS protocol=asd-quality-v1.3.0 mode=IDLE state=NO_MACHINE waiting=1 learning=0 learned=0 anomaly=0 fault=0 green=flash_2s red=off
2026-08-16T10:51:49.955+00:00	21.969	FLAGS protocol=asd-quality-v1.3.0 mode=IDLE state=NO_MACHINE waiting=1 learning=0 learned=0 anomaly=0 fault=0 green=flash_2s red=off
2026-08-16T10:51:54.955+00:00	26.969	FLAGS protocol=asd-quality-v1.3.0 mode=IDLE state=NO_MACHINE waiting=1 learning=0 learned=0 anomaly=0 fault=0 green=flash_2s red=off
2026-08-16T10:51:59.957+00:00	31.969	FLAGS protocol=asd-quality-v1.3.0 mode=IDLE state=NO_MACHINE waiting=1 learning=0 learned=0 anomaly=0 fault=0 green=flash_2s red=off
2026-08-16T10:52:04.955+00:00	36.969	FLAGS protocol=asd-quality-v1.3.0 mode=IDLE state=NO_MACHINE waiting=1 learning=0 learned=0 anomaly=0 fault=0 green=flash_2s red=off
2026-08-16T10:52:09.955+00:00	41.969	FLAGS protocol=asd-quality-v1.3.0 mode=IDLE state=NO_MACHINE waiting=1 learning=0 learned=0 anomaly=0 fault=0 green=flash_2s red=off
2026-08-16T10:52:14.955+00:00	46.969	FLAGS protocol=asd-quality-v1.3.0 mode=IDLE state=NO_MACHINE waiting=1 learning=0 learned=0 anomaly=0 fault=0 green=flash_2s red=off
2026-08-16T10:52:19.956+00:00	51.969	FLAGS protocol=asd-quality-v1.3.0 mode=IDLE state=NO_MACHINE waiting=1 learning=0 learned=0 anomaly=0 fault=0 green=flash_2s red=off
2026-08-16T10:52:24.955+00:00	56.969	FLAGS protocol=asd-quality-v1.3.0 mode=IDLE state=NO_MACHINE waiting=1 learning=0 learned=0 anomaly=0 fault=0 green=flash_2s red=off
2026-08-16T10:52:29.956+00:00	61.969	FLAGS protocol=asd-quality-v1.3.0 mode=IDLE state=NO_MACHINE waiting=1 learning=0 learned=0 anomaly=0 fault=0 green=flash_2s red=off
2026-08-16T10:52:34.955+00:00	66.969	FLAGS protocol=asd-quality-v1.3.0 mode=IDLE state=NO_MACHINE waiting=1 learning=0 learned=0 anomaly=0 fault=0 green=flash_2s red=off
2026-08-16T10:52:39.956+00:00	71.969	FLAGS protocol=asd-quality-v1.3.0 mode=IDLE state=NO_MACHINE waiting=1 learning=0 learned=0 anomaly=0 fault=0 green=flash_2s red=off
2026-08-16T10:52:44.955+00:00	76.969	FLAGS protocol=asd-quality-v1.3.0 mode=IDLE state=NO_MACHINE waiting=1 learning=0 learned=0 anomaly=0 fault=0 green=flash_2s red=off
2026-08-16T10:52:49.956+00:00	81.969	FLAGS protocol=asd-quality-v1.3.0 mode=IDLE state=NO_MACHINE waiting=1 learning=0 learned=0 anomaly=0 fault=0 green=flash_2s red=off
2026-08-16T10:52:54.955+00:00	86.969	FLAGS protocol=asd-quality-v1.3.0 mode=IDLE state=NO_MACHINE waiting=1 learning=0 learned=0 anomaly=0 fault=0 green=flash_2s red=off
2026-08-16T10:52:59.955+00:00	91.969	FLAGS protocol=asd-quality-v1.3.0 mode=IDLE state=NO_MACHINE waiting=1 learning=0 learned=0 anomaly=0 fault=0 green=flash_2s red=off
2026-08-16T10:53:04.955+00:00	96.969	FLAGS protocol=asd-quality-v1.3.0 mode=IDLE state=NO_MACHINE waiting=1 learning=0 learned=0 anomaly=0 fault=0 green=flash_2s red=off
2026-08-16T10:53:09.955+00:00	101.969	FLAGS protocol=asd-quality-v1.3.0 mode=IDLE state=NO_MACHINE waiting=1 learning=0 learned=0 anomaly=0 fault=0 green=flash_2s red=off
2026-08-16T10:53:14.955+00:00	106.969	FLAGS protocol=asd-quality-v1.3.0 mode=IDLE state=NO_MACHINE waiting=1 learning=0 learned=0 anomaly=0 fault=0 green=flash_2s red=off
2026-08-16T10:53:19.956+00:00	111.969	FLAGS protocol=asd-quality-v1.3.0 mode=IDLE state=NO_MACHINE waiting=1 learning=0 learned=0 anomaly=0 fault=0 green=flash_2s red=off
2026-08-16T10:53:24.955+00:00	116.969	FLAGS protocol=asd-quality-v1.3.0 mode=IDLE state=NO_MACHINE waiting=1 learning=0 learned=0 anomaly=0 fault=0 green=flash_2s red=off
2026-08-16T10:53:29.955+00:00	121.969	FLAGS protocol=asd-quality-v1.3.0 mode=IDLE state=NO_MACHINE waiting=1 learning=0 learned=0 anomaly=0 fault=0 green=flash_2s red=off
2026-08-16T10:53:34.955+00:00	126.969	FLAGS protocol=asd-quality-v1.3.0 mode=IDLE state=NO_MACHINE waiting=1 learning=0 learned=0 anomaly=0 fault=0 green=flash_2s red=off
2026-08-16T10:53:39.955+00:00	131.969	FLAGS protocol=asd-quality-v1.3.0 mode=IDLE state=NO_MACHINE waiting=1 learning=0 learned=0 anomaly=0 fault=0 green=flash_2s red=off
2026-08-16T10:53:44.956+00:00	136.969	FLAGS protocol=asd-quality-v1.3.0 mode=IDLE state=NO_MACHINE waiting=1 learning=0 learned=0 anomaly=0 fault=0 green=flash_2s red=off
2026-08-16T10:53:49.955+00:00	141.969	FLAGS protocol=asd-quality-v1.3.0 mode=IDLE state=NO_MACHINE waiting=1 learning=0 learned=0 anomaly=0 fault=0 green=flash_2s red=off
2026-08-16T10:53:54.956+00:00	146.969	FLAGS protocol=asd-quality-v1.3.0 mode=IDLE state=NO_MACHINE waiting=1 learning=0 learned=0 anomaly=0 fault=0 green=flash_2s red=off
2026-08-16T10:53:59.955+00:00	151.969	FLAGS protocol=asd-quality-v1.3.0 mode=IDLE state=NO_MACHINE waiting=1 learning=0 learned=0 anomaly=0 fault=0 green=flash_2s red=off
2026-08-16T10:54:04.955+00:00	156.969	FLAGS protocol=asd-quality-v1.3.0 mode=IDLE state=NO_MACHINE waiting=1 learning=0 learned=0 anomaly=0 fault=0 green=flash_2s red=off
2026-08-16T10:54:09.955+00:00	161.969	FLAGS protocol=asd-quality-v1.3.0 mode=IDLE state=NO_MACHINE waiting=1 learning=0 learned=0 anomaly=0 fault=0 green=flash_2s red=off
2026-08-16T10:54:14.955+00:00	166.969	FLAGS protocol=asd-quality-v1.3.0 mode=IDLE state=NO_MACHINE waiting=1 learning=0 learned=0 anomaly=0 fault=0 green=flash_2s red=off
2026-08-16T10:54:19.956+00:00	171.969	FLAGS protocol=asd-quality-v1.3.0 mode=IDLE state=NO_MACHINE waiting=1 learning=0 learned=0 anomaly=0 fault=0 green=flash_2s red=off
2026-08-16T10:54:24.955+00:00	176.969	FLAGS protocol=asd-quality-v1.3.0 mode=IDLE state=NO_MACHINE waiting=1 learning=0 learned=0 anomaly=0 fault=0 green=flash_2s red=off
2026-08-16T10:54:29.955+00:00	181.969	FLAGS protocol=asd-quality-v1.3.0 mode=IDLE state=NO_MACHINE waiting=1 learning=0 learned=0 anomaly=0 fault=0 green=flash_2s red=off
2026-08-16T10:54:34.955+00:00	186.969	FLAGS protocol=asd-quality-v1.3.0 mode=IDLE state=NO_MACHINE waiting=1 learning=0 learned=0 anomaly=0 fault=0 green=flash_2s red=off
2026-08-16T10:54:39.956+00:00	191.969	FLAGS protocol=asd-quality-v1.3.0 mode=IDLE state=NO_MACHINE waiting=1 learning=0 learned=0 anomaly=0 fault=0 green=flash_2s red=off
2026-08-16T10:54:44.956+00:00	196.969	FLAGS protocol=asd-quality-v1.3.0 mode=IDLE state=NO_MACHINE waiting=1 learning=0 learned=0 anomaly=0 fault=0 green=flash_2s red=off
2026-08-16T10:54:49.956+00:00	201.969	FLAGS protocol=asd-quality-v1.3.0 mode=IDLE state=NO_MACHINE waiting=1 learning=0 learned=0 anomaly=0 fault=0 green=flash_2s red=off
2026-08-16T10:54:54.955+00:00	206.969	FLAGS protocol=asd-quality-v1.3.0 mode=IDLE state=NO_MACHINE waiting=1 learning=0 learned=0 anomaly=0 fault=0 green=flash_2s red=off
2026-08-16T10:54:59.956+00:00	211.969	FLAGS protocol=asd-quality-v1.3.0 mode=IDLE state=NO_MACHINE waiting=1 learning=0 learned=0 anomaly=0 fault=0 green=flash_2s red=off
2026-08-16T10:55:04.956+00:00	216.969	FLAGS protocol=asd-quality-v1.3.0 mode=IDLE state=NO_MACHINE waiting=1 learning=0 learned=0 anomaly=0 fault=0 green=flash_2s red=off
2026-08-16T10:55:09.955+00:00	221.969	FLAGS protocol=asd-quality-v1.3.0 mode=IDLE state=NO_MACHINE waiting=1 learning=0 learned=0 anomaly=0 fault=0 green=flash_2s red=off
2026-08-16T10:55:14.955+00:00	226.969	FLAGS protocol=asd-quality-v1.3.0 mode=IDLE state=NO_MACHINE waiting=1 learning=0 learned=0 anomaly=0 fault=0 green=flash_2s red=off
2026-08-16T10:55:19.956+00:00	231.969	FLAGS protocol=asd-quality-v1.3.0 mode=IDLE state=NO_MACHINE waiting=1 learning=0 learned=0 anomaly=0 fault=0 green=flash_2s red=off
2026-08-16T10:55:24.134+00:00	236.141	VBUTTON protocol=asd-quality-v1.3.0 source=console event=NONE result=unknown_command
2026-08-16T10:55:24.956+00:00	236.969	FLAGS protocol=asd-quality-v1.3.0 mode=IDLE state=NO_MACHINE waiting=1 learning=0 learned=0 anomaly=0 fault=0 green=flash_2s red=off
2026-08-16T10:55:29.955+00:00	241.969	FLAGS protocol=asd-quality-v1.3.0 mode=IDLE state=NO_MACHINE waiting=1 learning=0 learned=0 anomaly=0 fault=0 green=flash_2s red=off
2026-08-16T10:55:34.955+00:00	246.969	FLAGS protocol=asd-quality-v1.3.0 mode=IDLE state=NO_MACHINE waiting=1 learning=0 learned=0 anomaly=0 fault=0 green=flash_2s red=off
2026-08-16T10:55:39.956+00:00	251.969	FLAGS protocol=asd-quality-v1.3.0 mode=IDLE state=NO_MACHINE waiting=1 learning=0 learned=0 anomaly=0 fault=0 green=flash_2s red=off
2026-08-16T10:55:44.475+00:00	256.485	VBUTTON protocol=asd-quality-v1.3.0 source=console event=SHORT result=accepted
2026-08-16T10:55:44.479+00:00	256.485	BUTTON protocol=asd-quality-v1.3.0 event=SHORT mode=IDLE command=START_LEARNING discards=0
2026-08-16T10:55:44.491+00:00	256.500	SESSION protocol=asd-quality-v1.3.0 action=STARTED source=BUTTON reason=OPERATOR_REQUEST discards_calibration=0
2026-08-16T10:55:44.496+00:00	256.500	STATE protocol=asd-quality-v1.3.0 from=NO_MACHINE to=NO_MACHINE reason=BOOT_FAIL_CLOSED
2026-08-16T10:55:44.508+00:00	256.516	FLAGS protocol=asd-quality-v1.3.0 mode=LEARNING state=NO_MACHINE waiting=0 learning=1 learned=0 anomaly=0 fault=0 green=blink_5hz red=off
2026-08-16T10:55:44.536+00:00	256.547	QUALITY protocol=asd-quality-v1.3.0 phase=WAIT index=1 total=60 result=DROPPED_SAMPLES metrics_valid=1 samples=4096 expected=4096 rms_dbfs=-68.181 dc=-0.621 peak=45 clipped=0 zeros=125 stuck=300 dropped_delta=1024 feature_valid=0 tonalness_valid=0 tonalness_proxy=0.000000 tonal_gate=not_computed
2026-08-16T10:55:44.541+00:00	256.547	WAIT 1/60 score=-68.18 spread=0.000 nivo=-68.2 dBFS nevalidno
2026-08-16T10:55:44.547+00:00	256.563	STATE protocol=asd-quality-v1.3.0 from=NO_MACHINE to=SENSOR_ERROR reason=DROPPED_SAMPLES
2026-08-16T10:55:44.561+00:00	256.578	FLAGS protocol=asd-quality-v1.3.0 mode=FAULT state=SENSOR_ERROR waiting=0 learning=0 learned=0 anomaly=0 fault=1 green=double_blink red=double_blink
2026-08-16T10:55:44.576+00:00	256.594	EVENT protocol=asd-quality-v1.3.0 type=FLOW_STOPPED state=SENSOR_ERROR phase=WAIT reason=DROPPED_SAMPLES event=SENSOR_FAULT capability=AVAILABLE level=SENSOR_HEALTH
