2026-08-16T17:04:19.003+00:00	1.157	I (1108) esp_psram: SPI SRAM memory test OK
2026-08-16T17:04:19.012+00:00	1.172	I (1117) cpu_start: GPIO 44 and 43 are used as console UART I/O pins
2026-08-16T17:04:19.016+00:00	1.172	I (1117) cpu_start: Pro cpu start user code
2026-08-16T17:04:19.020+00:00	1.172	I (1117) cpu_start: cpu freq: 240000000 Hz
2026-08-16T17:04:19.023+00:00	1.188	I (1119) app_init: Application information:
2026-08-16T17:04:19.027+00:00	1.188	I (1123) app_init: Project name:     esp32s3_asd
2026-08-16T17:04:19.029+00:00	1.188	I (1127) app_init: App version:      on-device-verified-49-g35cc34f-
2026-08-16T17:04:19.033+00:00	1.188	I (1133) app_init: Compile time:     Aug 16 2026 12:58:32
2026-08-16T17:04:19.037+00:00	1.204	I (1139) app_init: ELF file SHA256:  a879eb9b8...
2026-08-16T17:04:19.060+00:00	1.219	I (1143) app_init: ESP-IDF:          v5.5.5-34-g21f3b71cbbf
2026-08-16T17:04:19.063+00:00	1.219	I (1148) efuse_init: Min chip rev:     v0.0
2026-08-16T17:04:19.067+00:00	1.219	I (1152) efuse_init: Max chip rev:     v0.99 
2026-08-16T17:04:19.070+00:00	1.235	I (1156) efuse_init: Chip rev:         v0.2
2026-08-16T17:04:19.074+00:00	1.235	I (1160) heap_init: Initializing. RAM available for dynamic allocation:
2026-08-16T17:04:19.078+00:00	1.235	I (1167) heap_init: At 3FCCFEF0 len 00019820 (102 KiB): RAM
2026-08-16T17:04:19.081+00:00	1.235	I (1172) heap_init: At 3FCE9710 len 00005724 (21 KiB): RAM
2026-08-16T17:04:19.084+00:00	1.250	I (1177) heap_init: At 3FCF0000 len 00008000 (32 KiB): DRAM
2026-08-16T17:04:19.088+00:00	1.250	I (1182) heap_init: At 600FE000 len 00001FE8 (7 KiB): RTCRAM
2026-08-16T17:04:19.091+00:00	1.250	I (1188) esp_psram: Adding pool of 16384K of PSRAM memory to heap allocator
2026-08-16T17:04:19.100+00:00	1.266	W (1195) spi_flash: Octal flash chip is using but dio mode is selected, will automatically switch to Octal mode
2026-08-16T17:04:19.104+00:00	1.266	I (1204) spi_flash: detected chip: mxic (opi)
2026-08-16T17:04:19.107+00:00	1.266	I (1208) spi_flash: flash io: opi_str
2026-08-16T17:04:19.113+00:00	1.266	I (1212) sleep_gpio: Configure to isolate all GPIO pins in sleep state
2026-08-16T17:04:19.119+00:00	1.282	I (1218) sleep_gpio: Enable automatic switching of GPIO sleep configuration
2026-08-16T17:04:19.122+00:00	1.282	I (1225) main_task: Started on CPU0
2026-08-16T17:04:19.130+00:00	1.297	I (1225) esp_psram: Reserving pool of 32K of internal memory for DMA/internal allocations
2026-08-16T17:04:19.134+00:00	1.297	I (1235) main_task: Calling app_main()
2026-08-16T17:04:19.136+00:00	1.297	I (1235) asd: PSRAM: 16777216 B
2026-08-16T17:04:19.139+00:00	1.297	I (1245) asd: free heap: 16920679 B
2026-08-16T17:04:19.142+00:00	1.297	I (1245) asd: I2C idle: SDA=1 SCL=1
2026-08-16T17:04:19.146+00:00	1.313	I (1255) asd: I2C poslije probe: SDA=1 SCL=1
2026-08-16T17:04:19.152+00:00	1.313	E (1255) asd: INA226 nije pronadjen na adresama 0x40-0x4F
2026-08-16T17:04:19.159+00:00	1.313	W (1255) i2s_common: dma frame num is out of dma buffer size, limited to 1023
2026-08-16T17:04:19.828+00:00	1.985	FLAGS protocol=asd-quality-v1.3.0 mode=IDLE state=NO_MACHINE waiting=1 learning=0 learned=0 anomaly=0 fault=0 green=flash_2s red=off
2026-08-16T17:04:19.845+00:00	2.000	I (1935) psdlive: === SAMOSTALNI PSD DETEKTOR ===
2026-08-16T17:04:19.850+00:00	2.016	I (1935) psdlive: model: 96 traka, matrica 96x96 iz flesa, naucen na 990 normalnih snimaka ventilatora
2026-08-16T17:04:19.854+00:00	2.016	I (1945) psdlive: 1) pusti ventilator koji radi NORMALNO
2026-08-16T17:04:19.858+00:00	2.016	I (1955) psdlive: 2) pritisni taster ILI posalji PRESS sa konzole -> ucenje 10 x 10 s = 100 s, lampica treperi
2026-08-16T17:04:19.863+00:00	2.016	I (1965) psdlive: 3) lampica stalno svijetli = naucio; tek tada izazovi kvar
2026-08-16T17:04:19.870+00:00	2.032	I (1965) psdlive: pritisni taster (GPIO10) ili posalji PRESS da pocne ucenje
2026-08-16T17:04:24.846+00:00	7.000	FLAGS protocol=asd-quality-v1.3.0 mode=IDLE state=NO_MACHINE waiting=1 learning=0 learned=0 anomaly=0 fault=0 green=flash_2s red=off
2026-08-16T17:04:29.846+00:00	12.000	FLAGS protocol=asd-quality-v1.3.0 mode=IDLE state=NO_MACHINE waiting=1 learning=0 learned=0 anomaly=0 fault=0 green=flash_2s red=off
2026-08-16T17:04:34.847+00:00	17.000	FLAGS protocol=asd-quality-v1.3.0 mode=IDLE state=NO_MACHINE waiting=1 learning=0 learned=0 anomaly=0 fault=0 green=flash_2s red=off
2026-08-16T17:04:39.846+00:00	22.000	FLAGS protocol=asd-quality-v1.3.0 mode=IDLE state=NO_MACHINE waiting=1 learning=0 learned=0 anomaly=0 fault=0 green=flash_2s red=off
2026-08-16T17:04:44.847+00:00	27.000	FLAGS protocol=asd-quality-v1.3.0 mode=IDLE state=NO_MACHINE waiting=1 learning=0 learned=0 anomaly=0 fault=0 green=flash_2s red=off
2026-08-16T17:04:49.846+00:00	32.000	FLAGS protocol=asd-quality-v1.3.0 mode=IDLE state=NO_MACHINE waiting=1 learning=0 learned=0 anomaly=0 fault=0 green=flash_2s red=off
2026-08-16T17:04:51.765+00:00	33.922	VBUTTON protocol=asd-quality-v1.3.0 source=console event=SHORT result=accepted
2026-08-16T17:04:51.769+00:00	33.922	BUTTON protocol=asd-quality-v1.3.0 event=SHORT mode=IDLE command=START_LEARNING discards=0
2026-08-16T17:04:51.779+00:00	33.938	SESSION protocol=asd-quality-v1.3.0 action=STARTED source=BUTTON reason=OPERATOR_REQUEST discards_calibration=0
2026-08-16T17:04:51.786+00:00	33.938	STATE protocol=asd-quality-v1.3.0 from=NO_MACHINE to=NO_MACHINE reason=BOOT_FAIL_CLOSED
2026-08-16T17:04:51.799+00:00	33.954	FLAGS protocol=asd-quality-v1.3.0 mode=LEARNING state=NO_MACHINE waiting=0 learning=1 learned=0 anomaly=0 fault=0 green=blink_5hz red=off
2026-08-16T17:04:51.804+00:00	33.969	I (33905) psdlive: odbacen ustajali zvuk iz cekanja: 31104 uzoraka
2026-08-16T17:04:52.046+00:00	34.204	QUALITY protocol=asd-quality-v1.3.0 phase=WAIT index=1 total=60 result=OK metrics_valid=1 samples=4096 expected=4096 rms_dbfs=-44.715 dc=2.234 peak=550 clipped=0 zeros=7 stuck=8 dropped_delta=0 feature_valid=0 tonalness_valid=0 tonalness_proxy=0.000000 tonal_gate=not_computed
2026-08-16T17:04:52.050+00:00	34.204	WAIT 1/60 score=-44.71 spread=0.000 nivo=-44.7 dBFS cujem
2026-08-16T17:04:52.300+00:00	34.454	QUALITY protocol=asd-quality-v1.3.0 phase=WAIT index=2 total=60 result=OK metrics_valid=1 samples=4096 expected=4096 rms_dbfs=-44.511 dc=-2.540 peak=523 clipped=0 zeros=5 stuck=6 dropped_delta=0 feature_valid=0 tonalness_valid=0 tonalness_proxy=0.000000 tonal_gate=not_computed
2026-08-16T17:04:52.303+00:00	34.469	WAIT 2/60 score=-44.51 spread=0.000 nivo=-44.5 dBFS cujem
2026-08-16T17:04:52.556+00:00	34.719	QUALITY protocol=asd-quality-v1.3.0 phase=WAIT index=3 total=60 result=OK metrics_valid=1 samples=4096 expected=4096 rms_dbfs=-44.572 dc=0.036 peak=574 clipped=0 zeros=6 stuck=9 dropped_delta=0 feature_valid=0 tonalness_valid=0 tonalness_proxy=0.000000 tonal_gate=not_computed
2026-08-16T17:04:52.570+00:00	34.735	WAIT 3/60 score=-44.57 spread=0.000 nivo=-44.6 dBFS cujem
2026-08-16T17:04:52.813+00:00	34.969	QUALITY protocol=asd-quality-v1.3.0 phase=WAIT index=4 total=60 result=OK metrics_valid=1 samples=4096 expected=4096 rms_dbfs=-44.846 dc=-0.284 peak=541 clipped=0 zeros=6 stuck=17 dropped_delta=0 feature_valid=0 tonalness_valid=0 tonalness_proxy=0.000000 tonal_gate=not_computed
2026-08-16T17:04:52.816+00:00	34.969	WAIT 4/60 score=-44.85 spread=0.000 nivo=-44.8 dBFS cujem
2026-08-16T17:04:53.067+00:00	35.219	QUALITY protocol=asd-quality-v1.3.0 phase=WAIT index=5 total=60 result=OK metrics_valid=1 samples=4096 expected=4096 rms_dbfs=-44.733 dc=1.630 peak=524 clipped=0 zeros=5 stuck=14 dropped_delta=0 feature_valid=0 tonalness_valid=0 tonalness_proxy=0.000000 tonal_gate=not_computed
2026-08-16T17:04:53.070+00:00	35.235	WAIT 5/60 score=-44.73 spread=0.000 nivo=-44.7 dBFS cujem
2026-08-16T17:04:53.324+00:00	35.485	QUALITY protocol=asd-quality-v1.3.0 phase=WAIT index=6 total=60 result=OK metrics_valid=1 samples=4096 expected=4096 rms_dbfs=-44.656 dc=-3.136 peak=509 clipped=0 zeros=10 stuck=11 dropped_delta=0 feature_valid=0 tonalness_valid=0 tonalness_proxy=0.000000 tonal_gate=not_computed
2026-08-16T17:04:53.327+00:00	35.485	WAIT 6/60 score=-44.66 spread=0.000 nivo=-44.7 dBFS cujem
2026-08-16T17:04:53.580+00:00	35.735	QUALITY protocol=asd-quality-v1.3.0 phase=WAIT index=7 total=60 result=OK metrics_valid=1 samples=4096 expected=4096 rms_dbfs=-44.556 dc=1.543 peak=509 clipped=0 zeros=7 stuck=6 dropped_delta=0 feature_valid=0 tonalness_valid=0 tonalness_proxy=0.000000 tonal_gate=not_computed
2026-08-16T17:04:53.584+00:00	35.750	WAIT 7/60 score=-44.56 spread=0.000 nivo=-44.6 dBFS cujem
2026-08-16T17:04:53.835+00:00	36.000	QUALITY protocol=asd-quality-v1.3.0 phase=WAIT index=8 total=60 result=OK metrics_valid=1 samples=4096 expected=4096 rms_dbfs=-44.674 dc=-3.133 peak=519 clipped=0 zeros=1 stuck=9 dropped_delta=0 feature_valid=0 tonalness_valid=0 tonalness_proxy=0.000000 tonal_gate=not_computed
2026-08-16T17:04:53.839+00:00	36.000	WAIT 8/60 score=-44.67 spread=0.000 nivo=-44.7 dBFS cujem
2026-08-16T17:04:54.091+00:00	36.250	QUALITY protocol=asd-quality-v1.3.0 phase=WAIT index=9 total=60 result=OK metrics_valid=1 samples=4096 expected=4096 rms_dbfs=-44.805 dc=0.673 peak=497 clipped=0 zeros=8 stuck=12 dropped_delta=0 feature_valid=0 tonalness_valid=0 tonalness_proxy=0.000000 tonal_gate=not_computed
2026-08-16T17:04:54.095+00:00	36.250	WAIT 9/60 score=-44.80 spread=0.000 nivo=-44.8 dBFS cujem
2026-08-16T17:04:54.349+00:00	36.500	QUALITY protocol=asd-quality-v1.3.0 phase=WAIT index=10 total=60 result=OK metrics_valid=1 samples=4096 expected=4096 rms_dbfs=-44.742 dc=-0.719 peak=505 clipped=0 zeros=9 stuck=12 dropped_delta=0 feature_valid=0 tonalness_valid=0 tonalness_proxy=0.000000 tonal_gate=not_computed
2026-08-16T17:04:54.353+00:00	36.516	WAIT 10/60 score=-44.74 spread=0.000 nivo=-44.7 dBFS cujem
2026-08-16T17:04:54.602+00:00	36.766	QUALITY protocol=asd-quality-v1.3.0 phase=WAIT index=11 total=60 result=OK metrics_valid=1 samples=4096 expected=4096 rms_dbfs=-44.587 dc=-1.088 peak=565 clipped=0 zeros=4 stuck=12 dropped_delta=0 feature_valid=0 tonalness_valid=0 tonalness_proxy=0.000000 tonal_gate=not_computed
2026-08-16T17:04:54.606+00:00	36.766	WAIT 11/60 score=-44.59 spread=0.000 nivo=-44.6 dBFS cujem
2026-08-16T17:04:54.858+00:00	37.016	QUALITY protocol=asd-quality-v1.3.0 phase=WAIT index=12 total=60 result=OK metrics_valid=1 samples=4096 expected=4096 rms_dbfs=-44.690 dc=0.594 peak=520 clipped=0 zeros=10 stuck=7 dropped_delta=0 feature_valid=0 tonalness_valid=0 tonalness_proxy=0.000000 tonal_gate=not_computed
2026-08-16T17:04:54.862+00:00	37.016	WAIT 12/60 score=-44.69 spread=0.000 nivo=-44.7 dBFS cujem
2026-08-16T17:04:55.116+00:00	37.282	QUALITY protocol=asd-quality-v1.3.0 phase=WAIT index=13 total=60 result=OK metrics_valid=1 samples=4096 expected=4096 rms_dbfs=-44.628 dc=-1.000 peak=551 clipped=0 zeros=7 stuck=10 dropped_delta=0 feature_valid=0 tonalness_valid=0 tonalness_proxy=0.000000 tonal_gate=not_computed
2026-08-16T17:04:55.119+00:00	37.282	WAIT 13/60 score=-44.63 spread=0.000 nivo=-44.6 dBFS cujem
2026-08-16T17:04:55.369+00:00	37.532	QUALITY protocol=asd-quality-v1.3.0 phase=WAIT index=14 total=60 result=OK metrics_valid=1 samples=4096 expected=4096 rms_dbfs=-44.635 dc=-0.220 peak=494 clipped=0 zeros=5 stuck=10 dropped_delta=0 feature_valid=0 tonalness_valid=0 tonalness_proxy=0.000000 tonal_gate=not_computed
2026-08-16T17:04:55.373+00:00	37.532	WAIT 14/60 score=-44.64 spread=0.000 nivo=-44.6 dBFS cujem
2026-08-16T17:04:55.625+00:00	37.782	QUALITY protocol=asd-quality-v1.3.0 phase=WAIT index=15 total=60 result=OK metrics_valid=1 samples=4096 expected=4096 rms_dbfs=-44.775 dc=0.527 peak=484 clipped=0 zeros=4 stuck=16 dropped_delta=0 feature_valid=0 tonalness_valid=0 tonalness_proxy=0.000000 tonal_gate=not_computed
2026-08-16T17:04:55.629+00:00	37.782	WAIT 15/60 score=-44.78 spread=0.000 nivo=-44.8 dBFS cujem
2026-08-16T17:04:55.884+00:00	38.047	QUALITY protocol=asd-quality-v1.3.0 phase=WAIT index=16 total=60 result=OK metrics_valid=1 samples=4096 expected=4096 rms_dbfs=-45.006 dc=-1.791 peak=490 clipped=0 zeros=7 stuck=12 dropped_delta=0 feature_valid=0 tonalness_valid=0 tonalness_proxy=0.000000 tonal_gate=not_computed
2026-08-16T17:04:55.888+00:00	38.047	WAIT 16/60 score=-45.01 spread=0.000 nivo=-45.0 dBFS cujem
2026-08-16T17:04:56.137+00:00	38.297	QUALITY protocol=asd-quality-v1.3.0 phase=WAIT index=17 total=60 result=OK metrics_valid=1 samples=4096 expected=4096 rms_dbfs=-44.985 dc=-1.657 peak=498 clipped=0 zeros=5 stuck=13 dropped_delta=0 feature_valid=0 tonalness_valid=0 tonalness_proxy=0.000000 tonal_gate=not_computed
2026-08-16T17:04:56.141+00:00	38.297	WAIT 17/60 score=-44.99 spread=0.000 nivo=-45.0 dBFS cujem
2026-08-16T17:04:56.392+00:00	38.547	QUALITY protocol=asd-quality-v1.3.0 phase=WAIT index=18 total=60 result=OK metrics_valid=1 samples=4096 expected=4096 rms_dbfs=-44.910 dc=2.688 peak=480 clipped=0 zeros=8 stuck=13 dropped_delta=0 feature_valid=0 tonalness_valid=0 tonalness_proxy=0.000000 tonal_gate=not_computed
2026-08-16T17:04:56.397+00:00	38.563	WAIT 18/60 score=-44.91 spread=0.000 nivo=-44.9 dBFS cujem
2026-08-16T17:04:56.651+00:00	38.813	QUALITY protocol=asd-quality-v1.3.0 phase=WAIT index=19 total=60 result=OK metrics_valid=1 samples=4096 expected=4096 rms_dbfs=-44.985 dc=-0.686 peak=501 clipped=0 zeros=5 stuck=13 dropped_delta=0 feature_valid=0 tonalness_valid=0 tonalness_proxy=0.000000 tonal_gate=not_computed
2026-08-16T17:04:56.655+00:00	38.813	WAIT 19/60 score=-44.98 spread=0.000 nivo=-45.0 dBFS cujem
2026-08-16T17:04:56.797+00:00	38.954	FLAGS protocol=asd-quality-v1.3.0 mode=LEARNING state=NO_MACHINE waiting=0 learning=1 learned=0 anomaly=0 fault=0 green=blink_5hz red=off
2026-08-16T17:04:56.904+00:00	39.063	QUALITY protocol=asd-quality-v1.3.0 phase=WAIT index=20 total=60 result=OK metrics_valid=1 samples=4096 expected=4096 rms_dbfs=-44.997 dc=-0.189 peak=461 clipped=0 zeros=5 stuck=19 dropped_delta=0 feature_valid=0 tonalness_valid=0 tonalness_proxy=0.000000 tonal_gate=not_computed
2026-08-16T17:04:56.908+00:00	39.063	WAIT 20/60 score=-45.00 spread=0.000 nivo=-45.0 dBFS cujem
2026-08-16T17:04:57.160+00:00	39.313	QUALITY protocol=asd-quality-v1.3.0 phase=WAIT index=21 total=60 result=OK metrics_valid=1 samples=4096 expected=4096 rms_dbfs=-44.898 dc=-2.529 peak=505 clipped=0 zeros=7 stuck=14 dropped_delta=0 feature_valid=0 tonalness_valid=0 tonalness_proxy=0.000000 tonal_gate=not_computed
2026-08-16T17:04:57.165+00:00	39.329	WAIT 21/60 score=-44.90 spread=0.000 nivo=-44.9 dBFS cujem
2026-08-16T17:04:57.419+00:00	39.579	QUALITY protocol=asd-quality-v1.3.0 phase=WAIT index=22 total=60 result=OK metrics_valid=1 samples=4096 expected=4096 rms_dbfs=-44.881 dc=-0.447 peak=511 clipped=0 zeros=8 stuck=10 dropped_delta=0 feature_valid=0 tonalness_valid=0 tonalness_proxy=0.000000 tonal_gate=not_computed
2026-08-16T17:04:57.423+00:00	39.579	WAIT 22/60 score=-44.88 spread=0.000 nivo=-44.9 dBFS cujem
2026-08-16T17:04:57.671+00:00	39.829	QUALITY protocol=asd-quality-v1.3.0 phase=WAIT index=23 total=60 result=OK metrics_valid=1 samples=4096 expected=4096 rms_dbfs=-44.696 dc=0.046 peak=530 clipped=0 zeros=8 stuck=8 dropped_delta=0 feature_valid=0 tonalness_valid=0 tonalness_proxy=0.000000 tonal_gate=not_computed
2026-08-16T17:04:57.674+00:00	39.829	WAIT 23/60 score=-44.70 spread=0.000 nivo=-44.7 dBFS cujem
2026-08-16T17:04:57.927+00:00	40.079	QUALITY protocol=asd-quality-v1.3.0 phase=WAIT index=24 total=60 result=OK metrics_valid=1 samples=4096 expected=4096 rms_dbfs=-44.745 dc=-2.379 peak=516 clipped=0 zeros=2 stuck=12 dropped_delta=0 feature_valid=0 tonalness_valid=0 tonalness_proxy=0.000000 tonal_gate=not_computed
2026-08-16T17:04:57.931+00:00	40.094	WAIT 24/60 score=-44.74 spread=0.000 nivo=-44.7 dBFS cujem
2026-08-16T17:04:58.185+00:00	40.344	QUALITY protocol=asd-quality-v1.3.0 phase=WAIT index=25 total=60 result=OK metrics_valid=1 samples=4096 expected=4096 rms_dbfs=-44.791 dc=2.424 peak=492 clipped=0 zeros=7 stuck=12 dropped_delta=0 feature_valid=0 tonalness_valid=0 tonalness_proxy=0.000000 tonal_gate=not_computed
2026-08-16T17:04:58.188+00:00	40.344	WAIT 25/60 score=-44.79 spread=0.000 nivo=-44.8 dBFS cujem
2026-08-16T17:04:58.438+00:00	40.594	QUALITY protocol=asd-quality-v1.3.0 phase=WAIT index=26 total=60 result=OK metrics_valid=1 samples=4096 expected=4096 rms_dbfs=-44.924 dc=-2.097 peak=505 clipped=0 zeros=6 stuck=6 dropped_delta=0 feature_valid=0 tonalness_valid=0 tonalness_proxy=0.000000 tonal_gate=not_computed
2026-08-16T17:04:58.442+00:00	40.594	WAIT 26/60 score=-44.92 spread=0.000 nivo=-44.9 dBFS cujem
2026-08-16T17:04:58.694+00:00	40.860	QUALITY protocol=asd-quality-v1.3.0 phase=WAIT index=27 total=60 result=OK metrics_valid=1 samples=4096 expected=4096 rms_dbfs=-44.958 dc=1.197 peak=499 clipped=0 zeros=3 stuck=10 dropped_delta=0 feature_valid=0 tonalness_valid=0 tonalness_proxy=0.000000 tonal_gate=not_computed
2026-08-16T17:04:58.697+00:00	40.860	WAIT 27/60 score=-44.96 spread=0.000 nivo=-45.0 dBFS cujem
2026-08-16T17:04:58.952+00:00	41.110	QUALITY protocol=asd-quality-v1.3.0 phase=WAIT index=28 total=60 result=OK metrics_valid=1 samples=4096 expected=4096 rms_dbfs=-44.813 dc=-2.213 peak=555 clipped=0 zeros=9 stuck=13 dropped_delta=0 feature_valid=0 tonalness_valid=0 tonalness_proxy=0.000000 tonal_gate=not_computed
2026-08-16T17:04:58.955+00:00	41.110	WAIT 28/60 score=-44.81 spread=0.000 nivo=-44.8 dBFS cujem
2026-08-16T17:04:59.206+00:00	41.360	QUALITY protocol=asd-quality-v1.3.0 phase=WAIT index=29 total=60 result=OK metrics_valid=1 samples=4096 expected=4096 rms_dbfs=-44.860 dc=2.247 peak=511 clipped=0 zeros=3 stuck=10 dropped_delta=0 feature_valid=0 tonalness_valid=0 tonalness_proxy=0.000000 tonal_gate=not_computed
2026-08-16T17:04:59.210+00:00	41.375	WAIT 29/60 score=-44.86 spread=0.000 nivo=-44.9 dBFS cujem
2026-08-16T17:04:59.461+00:00	41.625	QUALITY protocol=asd-quality-v1.3.0 phase=WAIT index=30 total=60 result=OK metrics_valid=1 samples=4096 expected=4096 rms_dbfs=-44.883 dc=-3.750 peak=494 clipped=0 zeros=3 stuck=9 dropped_delta=0 feature_valid=0 tonalness_valid=0 tonalness_proxy=0.000000 tonal_gate=not_computed
2026-08-16T17:04:59.464+00:00	41.625	WAIT 30/60 score=-44.88 spread=0.000 nivo=-44.9 dBFS cujem
2026-08-16T17:04:59.718+00:00	41.875	QUALITY protocol=asd-quality-v1.3.0 phase=WAIT index=31 total=60 result=OK metrics_valid=1 samples=4096 expected=4096 rms_dbfs=-44.716 dc=1.519 peak=504 clipped=0 zeros=6 stuck=7 dropped_delta=0 feature_valid=0 tonalness_valid=0 tonalness_proxy=0.000000 tonal_gate=not_computed
2026-08-16T17:04:59.721+00:00	41.875	WAIT 31/60 score=-44.72 spread=0.000 nivo=-44.7 dBFS cujem
2026-08-16T17:04:59.973+00:00	42.125	QUALITY protocol=asd-quality-v1.3.0 phase=WAIT index=32 total=60 result=OK metrics_valid=1 samples=4096 expected=4096 rms_dbfs=-44.755 dc=-2.722 peak=508 clipped=0 zeros=12 stuck=11 dropped_delta=0 feature_valid=0 tonalness_valid=0 tonalness_proxy=0.000000 tonal_gate=not_computed
2026-08-16T17:04:59.977+00:00	42.141	WAIT 32/60 score=-44.76 spread=0.000 nivo=-44.8 dBFS cujem
2026-08-16T17:05:00.228+00:00	42.391	QUALITY protocol=asd-quality-v1.3.0 phase=WAIT index=33 total=60 result=OK metrics_valid=1 samples=4096 expected=4096 rms_dbfs=-44.618 dc=2.327 peak=524 clipped=0 zeros=2 stuck=12 dropped_delta=0 feature_valid=0 tonalness_valid=0 tonalness_proxy=0.000000 tonal_gate=not_computed
2026-08-16T17:05:00.231+00:00	42.391	WAIT 33/60 score=-44.62 spread=0.000 nivo=-44.6 dBFS cujem
2026-08-16T17:05:00.487+00:00	42.641	QUALITY protocol=asd-quality-v1.3.0 phase=WAIT index=34 total=60 result=OK metrics_valid=1 samples=4096 expected=4096 rms_dbfs=-44.774 dc=-1.997 peak=504 clipped=0 zeros=8 stuck=10 dropped_delta=0 feature_valid=0 tonalness_valid=0 tonalness_proxy=0.000000 tonal_gate=not_computed
2026-08-16T17:05:00.491+00:00	42.657	WAIT 34/60 score=-44.77 spread=0.000 nivo=-44.8 dBFS cujem
2026-08-16T17:05:00.741+00:00	42.907	QUALITY protocol=asd-quality-v1.3.0 phase=WAIT index=35 total=60 result=OK metrics_valid=1 samples=4096 expected=4096 rms_dbfs=-44.681 dc=1.274 peak=559 clipped=0 zeros=7 stuck=13 dropped_delta=0 feature_valid=0 tonalness_valid=0 tonalness_proxy=0.000000 tonal_gate=not_computed
2026-08-16T17:05:00.748+00:00	42.907	WAIT 35/60 score=-44.68 spread=0.000 nivo=-44.7 dBFS cujem
2026-08-16T17:05:00.996+00:00	43.157	QUALITY protocol=asd-quality-v1.3.0 phase=WAIT index=36 total=60 result=OK metrics_valid=1 samples=4096 expected=4096 rms_dbfs=-44.454 dc=-2.928 peak=540 clipped=0 zeros=5 stuck=11 dropped_delta=0 feature_valid=0 tonalness_valid=0 tonalness_proxy=0.000000 tonal_gate=not_computed
2026-08-16T17:05:01.001+00:00	43.157	WAIT 36/60 score=-44.45 spread=0.000 nivo=-44.5 dBFS cujem
2026-08-16T17:05:01.255+00:00	43.407	QUALITY protocol=asd-quality-v1.3.0 phase=WAIT index=37 total=60 result=OK metrics_valid=1 samples=4096 expected=4096 rms_dbfs=-44.588 dc=1.205 peak=512 clipped=0 zeros=5 stuck=10 dropped_delta=0 feature_valid=0 tonalness_valid=0 tonalness_proxy=0.000000 tonal_gate=not_computed
2026-08-16T17:05:01.258+00:00	43.422	WAIT 37/60 score=-44.59 spread=0.000 nivo=-44.6 dBFS cujem
2026-08-16T17:05:01.507+00:00	43.672	QUALITY protocol=asd-quality-v1.3.0 phase=WAIT index=38 total=60 result=OK metrics_valid=1 samples=4096 expected=4096 rms_dbfs=-44.854 dc=-2.111 peak=526 clipped=0 zeros=8 stuck=11 dropped_delta=0 feature_valid=0 tonalness_valid=0 tonalness_proxy=0.000000 tonal_gate=not_computed
2026-08-16T17:05:01.511+00:00	43.672	WAIT 38/60 score=-44.85 spread=0.000 nivo=-44.9 dBFS cujem
2026-08-16T17:05:01.764+00:00	43.922	QUALITY protocol=asd-quality-v1.3.0 phase=WAIT index=39 total=60 result=OK metrics_valid=1 samples=4096 expected=4096 rms_dbfs=-44.814 dc=3.368 peak=520 clipped=0 zeros=6 stuck=14 dropped_delta=0 feature_valid=0 tonalness_valid=0 tonalness_proxy=0.000000 tonal_gate=not_computed
2026-08-16T17:05:01.768+00:00	43.922	WAIT 39/60 score=-44.81 spread=0.000 nivo=-44.8 dBFS cujem
2026-08-16T17:05:01.796+00:00	43.954	FLAGS protocol=asd-quality-v1.3.0 mode=LEARNING state=NO_MACHINE waiting=0 learning=1 learned=0 anomaly=0 fault=0 green=blink_5hz red=off
2026-08-16T17:05:02.021+00:00	44.172	QUALITY protocol=asd-quality-v1.3.0 phase=WAIT index=40 total=60 result=OK metrics_valid=1 samples=4096 expected=4096 rms_dbfs=-44.637 dc=-3.732 peak=536 clipped=0 zeros=5 stuck=6 dropped_delta=0 feature_valid=0 tonalness_valid=0 tonalness_proxy=0.000000 tonal_gate=not_computed
2026-08-16T17:05:02.024+00:00	44.188	WAIT 40/60 score=-44.64 spread=0.000 nivo=-44.6 dBFS cujem
2026-08-16T17:05:02.275+00:00	44.438	QUALITY protocol=asd-quality-v1.3.0 phase=WAIT index=41 total=60 result=OK metrics_valid=1 samples=4096 expected=4096 rms_dbfs=-44.746 dc=1.416 peak=525 clipped=0 zeros=3 stuck=11 dropped_delta=0 feature_valid=0 tonalness_valid=0 tonalness_proxy=0.000000 tonal_gate=not_computed
2026-08-16T17:05:02.278+00:00	44.438	WAIT 41/60 score=-44.75 spread=0.000 nivo=-44.7 dBFS cujem
2026-08-16T17:05:02.533+00:00	44.688	QUALITY protocol=asd-quality-v1.3.0 phase=WAIT index=42 total=60 result=OK metrics_valid=1 samples=4096 expected=4096 rms_dbfs=-44.698 dc=-3.770 peak=554 clipped=0 zeros=6 stuck=10 dropped_delta=0 feature_valid=0 tonalness_valid=0 tonalness_proxy=0.000000 tonal_gate=not_computed
2026-08-16T17:05:02.537+00:00	44.704	WAIT 42/60 score=-44.70 spread=0.000 nivo=-44.7 dBFS cujem
2026-08-16T17:05:02.789+00:00	44.954	QUALITY protocol=asd-quality-v1.3.0 phase=WAIT index=43 total=60 result=OK metrics_valid=1 samples=4096 expected=4096 rms_dbfs=-44.905 dc=2.900 peak=505 clipped=0 zeros=6 stuck=9 dropped_delta=0 feature_valid=0 tonalness_valid=0 tonalness_proxy=0.000000 tonal_gate=not_computed
2026-08-16T17:05:02.792+00:00	44.954	WAIT 43/60 score=-44.90 spread=0.000 nivo=-44.9 dBFS cujem
2026-08-16T17:05:03.042+00:00	45.204	QUALITY protocol=asd-quality-v1.3.0 phase=WAIT index=44 total=60 result=OK metrics_valid=1 samples=4096 expected=4096 rms_dbfs=-45.005 dc=-3.007 peak=512 clipped=0 zeros=4 stuck=5 dropped_delta=0 feature_valid=0 tonalness_valid=0 tonalness_proxy=0.000000 tonal_gate=not_computed
2026-08-16T17:05:03.045+00:00	45.204	WAIT 44/60 score=-45.00 spread=0.000 nivo=-45.0 dBFS cujem
2026-08-16T17:05:03.298+00:00	45.454	QUALITY protocol=asd-quality-v1.3.0 phase=WAIT index=45 total=60 result=OK metrics_valid=1 samples=4096 expected=4096 rms_dbfs=-44.897 dc=2.738 peak=515 clipped=0 zeros=8 stuck=16 dropped_delta=0 feature_valid=0 tonalness_valid=0 tonalness_proxy=0.000000 tonal_gate=not_computed
2026-08-16T17:05:03.302+00:00	45.454	WAIT 45/60 score=-44.90 spread=0.000 nivo=-44.9 dBFS cujem
2026-08-16T17:05:03.556+00:00	45.719	QUALITY protocol=asd-quality-v1.3.0 phase=WAIT index=46 total=60 result=OK metrics_valid=1 samples=4096 expected=4096 rms_dbfs=-44.965 dc=-4.736 peak=503 clipped=0 zeros=9 stuck=15 dropped_delta=0 feature_valid=0 tonalness_valid=0 tonalness_proxy=0.000000 tonal_gate=not_computed
2026-08-16T17:05:03.559+00:00	45.719	WAIT 46/60 score=-44.97 spread=0.000 nivo=-45.0 dBFS cujem
2026-08-16T17:05:03.810+00:00	45.969	QUALITY protocol=asd-quality-v1.3.0 phase=WAIT index=47 total=60 result=OK metrics_valid=1 samples=4096 expected=4096 rms_dbfs=-44.883 dc=3.951 peak=516 clipped=0 zeros=4 stuck=12 dropped_delta=0 feature_valid=0 tonalness_valid=0 tonalness_proxy=0.000000 tonal_gate=not_computed
2026-08-16T17:05:03.813+00:00	45.969	WAIT 47/60 score=-44.88 spread=0.000 nivo=-44.9 dBFS cujem
2026-08-16T17:05:04.065+00:00	46.219	QUALITY protocol=asd-quality-v1.3.0 phase=WAIT index=48 total=60 result=OK metrics_valid=1 samples=4096 expected=4096 rms_dbfs=-44.868 dc=-2.359 peak=505 clipped=0 zeros=6 stuck=12 dropped_delta=0 feature_valid=0 tonalness_valid=0 tonalness_proxy=0.000000 tonal_gate=not_computed
2026-08-16T17:05:04.068+00:00	46.235	WAIT 48/60 score=-44.87 spread=0.000 nivo=-44.9 dBFS cujem
2026-08-16T17:05:04.322+00:00	46.485	QUALITY protocol=asd-quality-v1.3.0 phase=WAIT index=49 total=60 result=OK metrics_valid=1 samples=4096 expected=4096 rms_dbfs=-44.832 dc=-1.088 peak=559 clipped=0 zeros=7 stuck=13 dropped_delta=0 feature_valid=0 tonalness_valid=0 tonalness_proxy=0.000000 tonal_gate=not_computed
2026-08-16T17:05:04.325+00:00	46.485	WAIT 49/60 score=-44.83 spread=0.000 nivo=-44.8 dBFS cujem
2026-08-16T17:05:04.576+00:00	46.735	QUALITY protocol=asd-quality-v1.3.0 phase=WAIT index=50 total=60 result=OK metrics_valid=1 samples=4096 expected=4096 rms_dbfs=-44.605 dc=0.639 peak=560 clipped=0 zeros=4 stuck=14 dropped_delta=0 feature_valid=0 tonalness_valid=0 tonalness_proxy=0.000000 tonal_gate=not_computed
2026-08-16T17:05:04.580+00:00	46.735	WAIT 50/60 score=-44.61 spread=0.000 nivo=-44.6 dBFS cujem
2026-08-16T17:05:04.832+00:00	46.985	QUALITY protocol=asd-quality-v1.3.0 phase=WAIT index=51 total=60 result=OK metrics_valid=1 samples=4096 expected=4096 rms_dbfs=-44.790 dc=-1.990 peak=520 clipped=0 zeros=3 stuck=16 dropped_delta=0 feature_valid=0 tonalness_valid=0 tonalness_proxy=0.000000 tonal_gate=not_computed
2026-08-16T17:05:04.836+00:00	47.000	WAIT 51/60 score=-44.79 spread=0.000 nivo=-44.8 dBFS cujem
2026-08-16T17:05:05.090+00:00	47.250	QUALITY protocol=asd-quality-v1.3.0 phase=WAIT index=52 total=60 result=OK metrics_valid=1 samples=4096 expected=4096 rms_dbfs=-44.926 dc=2.815 peak=533 clipped=0 zeros=4 stuck=22 dropped_delta=0 feature_valid=0 tonalness_valid=0 tonalness_proxy=0.000000 tonal_gate=not_computed
2026-08-16T17:05:05.094+00:00	47.250	WAIT 52/60 score=-44.93 spread=0.000 nivo=-44.9 dBFS cujem
2026-08-16T17:05:05.344+00:00	47.500	QUALITY protocol=asd-quality-v1.3.0 phase=WAIT index=53 total=60 result=OK metrics_valid=1 samples=4096 expected=4096 rms_dbfs=-44.913 dc=-3.495 peak=539 clipped=0 zeros=5 stuck=20 dropped_delta=0 feature_valid=0 tonalness_valid=0 tonalness_proxy=0.000000 tonal_gate=not_computed
2026-08-16T17:05:05.348+00:00	47.500	WAIT 53/60 score=-44.91 spread=0.000 nivo=-44.9 dBFS cujem
2026-08-16T17:05:05.599+00:00	47.766	QUALITY protocol=asd-quality-v1.3.0 phase=WAIT index=54 total=60 result=OK metrics_valid=1 samples=4096 expected=4096 rms_dbfs=-44.862 dc=2.673 peak=520 clipped=0 zeros=6 stuck=13 dropped_delta=0 feature_valid=0 tonalness_valid=0 tonalness_proxy=0.000000 tonal_gate=not_computed
2026-08-16T17:05:05.603+00:00	47.766	WAIT 54/60 score=-44.86 spread=0.000 nivo=-44.9 dBFS cujem
2026-08-16T17:05:05.858+00:00	48.016	QUALITY protocol=asd-quality-v1.3.0 phase=WAIT index=55 total=60 result=OK metrics_valid=1 samples=4096 expected=4096 rms_dbfs=-44.898 dc=-5.711 peak=551 clipped=0 zeros=4 stuck=14 dropped_delta=0 feature_valid=0 tonalness_valid=0 tonalness_proxy=0.000000 tonal_gate=not_computed
2026-08-16T17:05:05.862+00:00	48.016	WAIT 55/60 score=-44.90 spread=0.000 nivo=-44.9 dBFS cujem
2026-08-16T17:05:06.111+00:00	48.266	QUALITY protocol=asd-quality-v1.3.0 phase=WAIT index=56 total=60 result=OK metrics_valid=1 samples=4096 expected=4096 rms_dbfs=-44.848 dc=5.342 peak=582 clipped=0 zeros=4 stuck=9 dropped_delta=0 feature_valid=0 tonalness_valid=0 tonalness_proxy=0.000000 tonal_gate=not_computed
2026-08-16T17:05:06.115+00:00	48.266	WAIT 56/60 score=-44.85 spread=0.000 nivo=-44.8 dBFS cujem
2026-08-16T17:05:06.367+00:00	48.532	QUALITY protocol=asd-quality-v1.3.0 phase=WAIT index=57 total=60 result=OK metrics_valid=1 samples=4096 expected=4096 rms_dbfs=-44.789 dc=-3.673 peak=568 clipped=0 zeros=4 stuck=17 dropped_delta=0 feature_valid=0 tonalness_valid=0 tonalness_proxy=0.000000 tonal_gate=not_computed
2026-08-16T17:05:06.371+00:00	48.532	WAIT 57/60 score=-44.79 spread=0.000 nivo=-44.8 dBFS cujem
2026-08-16T17:05:06.624+00:00	48.782	QUALITY protocol=asd-quality-v1.3.0 phase=WAIT index=58 total=60 result=OK metrics_valid=1 samples=4096 expected=4096 rms_dbfs=-44.772 dc=1.568 peak=543 clipped=0 zeros=4 stuck=18 dropped_delta=0 feature_valid=0 tonalness_valid=0 tonalness_proxy=0.000000 tonal_gate=not_computed
2026-08-16T17:05:06.628+00:00	48.782	WAIT 58/60 score=-44.77 spread=0.000 nivo=-44.8 dBFS cujem
2026-08-16T17:05:06.797+00:00	48.954	FLAGS protocol=asd-quality-v1.3.0 mode=LEARNING state=NO_MACHINE waiting=0 learning=1 learned=0 anomaly=0 fault=0 green=blink_5hz red=off
2026-08-16T17:05:06.879+00:00	49.032	QUALITY protocol=asd-quality-v1.3.0 phase=WAIT index=59 total=60 result=OK metrics_valid=1 samples=4096 expected=4096 rms_dbfs=-44.847 dc=-1.021 peak=505 clipped=0 zeros=4 stuck=5 dropped_delta=0 feature_valid=0 tonalness_valid=0 tonalness_proxy=0.000000 tonal_gate=not_computed
2026-08-16T17:05:06.882+00:00	49.047	WAIT 59/60 score=-44.85 spread=0.000 nivo=-44.8 dBFS cujem
2026-08-16T17:05:07.133+00:00	49.297	QUALITY protocol=asd-quality-v1.3.0 phase=WAIT index=60 total=60 result=OK metrics_valid=1 samples=4096 expected=4096 rms_dbfs=-44.812 dc=-1.434 peak=544 clipped=0 zeros=6 stuck=9 dropped_delta=0 feature_valid=0 tonalness_valid=0 tonalness_proxy=0.000000 tonal_gate=not_computed
2026-08-16T17:05:07.137+00:00	49.297	WAIT 60/60 score=-44.81 spread=0.000 nivo=-44.8 dBFS cujem
2026-08-16T17:05:07.143+00:00	49.297	I (49245) psdlive: --- KALIBRACIJA: 10 klipova po 10 s ---
2026-08-16T17:05:11.796+00:00	53.954	FLAGS protocol=asd-quality-v1.3.0 mode=LEARNING state=NO_MACHINE waiting=0 learning=1 learned=0 anomaly=0 fault=0 green=blink_5hz red=off
2026-08-16T17:05:16.797+00:00	58.954	FLAGS protocol=asd-quality-v1.3.0 mode=LEARNING state=NO_MACHINE waiting=0 learning=1 learned=0 anomaly=0 fault=0 green=blink_5hz red=off
2026-08-16T17:05:17.129+00:00	59.282	QUALITY protocol=asd-quality-v1.3.0 phase=CAL index=1 total=10 result=OK metrics_valid=1 samples=159744 expected=159744 rms_dbfs=-44.872 dc=-0.447 peak=598 clipped=0 zeros=218 stuck=498 dropped_delta=0 feature_valid=1 tonalness_valid=1 tonalness_proxy=4.610405 tonal_gate=pending_normal_only
2026-08-16T17:05:17.133+00:00	59.297	CAL  1/10 score=0.00000 nivo=-44.9 dBFS racun=705 ms
2026-08-16T17:05:21.797+00:00	63.954	FLAGS protocol=asd-quality-v1.3.0 mode=LEARNING state=NO_MACHINE waiting=0 learning=1 learned=0 anomaly=0 fault=0 green=blink_5hz red=off
2026-08-16T17:05:26.797+00:00	68.954	FLAGS protocol=asd-quality-v1.3.0 mode=LEARNING state=NO_MACHINE waiting=0 learning=1 learned=0 anomaly=0 fault=0 green=blink_5hz red=off
2026-08-16T17:05:27.167+00:00	69.329	QUALITY protocol=asd-quality-v1.3.0 phase=CAL index=2 total=10 result=OK metrics_valid=1 samples=159744 expected=159744 rms_dbfs=-44.940 dc=-0.349 peak=599 clipped=0 zeros=226 stuck=477 dropped_delta=0 feature_valid=1 tonalness_valid=1 tonalness_proxy=4.595474 tonal_gate=pending_normal_only
2026-08-16T17:05:27.170+00:00	69.329	CAL  2/10 score=0.00000 nivo=-44.9 dBFS racun=705 ms
2026-08-16T17:05:31.797+00:00	73.954	FLAGS protocol=asd-quality-v1.3.0 mode=LEARNING state=NO_MACHINE waiting=0 learning=1 learned=0 anomaly=0 fault=0 green=blink_5hz red=off
2026-08-16T17:05:36.797+00:00	78.954	FLAGS protocol=asd-quality-v1.3.0 mode=LEARNING state=NO_MACHINE waiting=0 learning=1 learned=0 anomaly=0 fault=0 green=blink_5hz red=off
2026-08-16T17:05:37.141+00:00	79.297	QUALITY protocol=asd-quality-v1.3.0 phase=CAL index=3 total=10 result=OK metrics_valid=1 samples=159744 expected=159744 rms_dbfs=-45.018 dc=-0.421 peak=601 clipped=0 zeros=275 stuck=438 dropped_delta=0 feature_valid=1 tonalness_valid=1 tonalness_proxy=4.559131 tonal_gate=pending_normal_only
2026-08-16T17:05:37.144+00:00	79.297	CAL  3/10 score=0.00000 nivo=-45.0 dBFS racun=705 ms
2026-08-16T17:05:41.796+00:00	83.954	FLAGS protocol=asd-quality-v1.3.0 mode=LEARNING state=NO_MACHINE waiting=0 learning=1 learned=0 anomaly=0 fault=0 green=blink_5hz red=off
2026-08-16T17:05:46.796+00:00	88.954	FLAGS protocol=asd-quality-v1.3.0 mode=LEARNING state=NO_MACHINE waiting=0 learning=1 learned=0 anomaly=0 fault=0 green=blink_5hz red=off
2026-08-16T17:05:47.118+00:00	89.282	QUALITY protocol=asd-quality-v1.3.0 phase=CAL index=4 total=10 result=OK metrics_valid=1 samples=159744 expected=159744 rms_dbfs=-44.970 dc=-0.432 peak=653 clipped=0 zeros=232 stuck=402 dropped_delta=0 feature_valid=1 tonalness_valid=1 tonalness_proxy=4.586853 tonal_gate=pending_normal_only
2026-08-16T17:05:47.121+00:00	89.282	CAL  4/10 score=0.00000 nivo=-45.0 dBFS racun=705 ms
2026-08-16T17:05:51.797+00:00	93.954	FLAGS protocol=asd-quality-v1.3.0 mode=LEARNING state=NO_MACHINE waiting=0 learning=1 learned=0 anomaly=0 fault=0 green=blink_5hz red=off
2026-08-16T17:05:56.798+00:00	98.954	FLAGS protocol=asd-quality-v1.3.0 mode=LEARNING state=NO_MACHINE waiting=0 learning=1 learned=0 anomaly=0 fault=0 green=blink_5hz red=off
2026-08-16T17:05:57.090+00:00	99.250	QUALITY protocol=asd-quality-v1.3.0 phase=CAL index=5 total=10 result=OK metrics_valid=1 samples=159744 expected=159744 rms_dbfs=-45.025 dc=-0.423 peak=620 clipped=0 zeros=243 stuck=409 dropped_delta=0 feature_valid=1 tonalness_valid=1 tonalness_proxy=4.571259 tonal_gate=pending_normal_only
2026-08-16T17:05:57.093+00:00	99.250	CAL  5/10 score=0.00000 nivo=-45.0 dBFS racun=705 ms
2026-08-16T17:06:01.797+00:00	103.954	FLAGS protocol=asd-quality-v1.3.0 mode=LEARNING state=NO_MACHINE waiting=0 learning=1 learned=0 anomaly=0 fault=0 green=blink_5hz red=off
2026-08-16T17:06:06.796+00:00	108.954	FLAGS protocol=asd-quality-v1.3.0 mode=LEARNING state=NO_MACHINE waiting=0 learning=1 learned=0 anomaly=0 fault=0 green=blink_5hz red=off
2026-08-16T17:06:07.064+00:00	109.219	QUALITY protocol=asd-quality-v1.3.0 phase=CAL index=6 total=10 result=OK metrics_valid=1 samples=159744 expected=159744 rms_dbfs=-45.005 dc=-0.482 peak=616 clipped=0 zeros=259 stuck=452 dropped_delta=0 feature_valid=1 tonalness_valid=1 tonalness_proxy=4.580851 tonal_gate=pending_normal_only
2026-08-16T17:06:07.068+00:00	109.235	CAL  6/10 score=0.00000 nivo=-45.0 dBFS racun=705 ms
2026-08-16T17:06:11.797+00:00	113.954	FLAGS protocol=asd-quality-v1.3.0 mode=LEARNING state=NO_MACHINE waiting=0 learning=1 learned=0 anomaly=0 fault=0 green=blink_5hz red=off
2026-08-16T17:06:16.798+00:00	118.954	FLAGS protocol=asd-quality-v1.3.0 mode=LEARNING state=NO_MACHINE waiting=0 learning=1 learned=0 anomaly=0 fault=0 green=blink_5hz red=off
2026-08-16T17:06:17.039+00:00	119.204	QUALITY protocol=asd-quality-v1.3.0 phase=CAL index=7 total=10 result=OK metrics_valid=1 samples=159744 expected=159744 rms_dbfs=-44.842 dc=-0.458 peak=646 clipped=0 zeros=316 stuck=435 dropped_delta=0 feature_valid=1 tonalness_valid=1 tonalness_proxy=4.573526 tonal_gate=pending_normal_only
2026-08-16T17:06:17.066+00:00	119.219	CAL  7/10 score=0.00000 nivo=-44.8 dBFS racun=705 ms
2026-08-16T17:06:21.796+00:00	123.954	FLAGS protocol=asd-quality-v1.3.0 mode=LEARNING state=NO_MACHINE waiting=0 learning=1 learned=0 anomaly=0 fault=0 green=blink_5hz red=off
2026-08-16T17:06:26.796+00:00	128.954	FLAGS protocol=asd-quality-v1.3.0 mode=LEARNING state=NO_MACHINE waiting=0 learning=1 learned=0 anomaly=0 fault=0 green=blink_5hz red=off
2026-08-16T17:06:27.013+00:00	129.172	QUALITY protocol=asd-quality-v1.3.0 phase=CAL index=8 total=10 result=OK metrics_valid=1 samples=159744 expected=159744 rms_dbfs=-44.546 dc=-0.430 peak=693 clipped=0 zeros=266 stuck=353 dropped_delta=0 feature_valid=1 tonalness_valid=1 tonalness_proxy=4.584435 tonal_gate=pending_normal_only
2026-08-16T17:06:27.016+00:00	129.172	CAL  8/10 score=0.00000 nivo=-44.5 dBFS racun=705 ms
2026-08-16T17:06:31.796+00:00	133.954	FLAGS protocol=asd-quality-v1.3.0 mode=LEARNING state=NO_MACHINE waiting=0 learning=1 learned=0 anomaly=0 fault=0 green=blink_5hz red=off
2026-08-16T17:06:36.798+00:00	138.954	FLAGS protocol=asd-quality-v1.3.0 mode=LEARNING state=NO_MACHINE waiting=0 learning=1 learned=0 anomaly=0 fault=0 green=blink_5hz red=off
2026-08-16T17:06:37.051+00:00	139.204	QUALITY protocol=asd-quality-v1.3.0 phase=CAL index=9 total=10 result=OK metrics_valid=1 samples=159744 expected=159744 rms_dbfs=-44.822 dc=-0.398 peak=617 clipped=0 zeros=283 stuck=374 dropped_delta=0 feature_valid=1 tonalness_valid=1 tonalness_proxy=4.594862 tonal_gate=pending_normal_only
2026-08-16T17:06:37.055+00:00	139.219	CAL  9/10 score=0.00000 nivo=-44.8 dBFS racun=705 ms
2026-08-16T17:06:41.796+00:00	143.954	FLAGS protocol=asd-quality-v1.3.0 mode=LEARNING state=NO_MACHINE waiting=0 learning=1 learned=0 anomaly=0 fault=0 green=blink_5hz red=off
2026-08-16T17:06:46.797+00:00	148.954	FLAGS protocol=asd-quality-v1.3.0 mode=LEARNING state=NO_MACHINE waiting=0 learning=1 learned=0 anomaly=0 fault=0 green=blink_5hz red=off
2026-08-16T17:06:47.025+00:00	149.188	QUALITY protocol=asd-quality-v1.3.0 phase=CAL index=10 total=10 result=OK metrics_valid=1 samples=159744 expected=159744 rms_dbfs=-44.712 dc=-0.421 peak=665 clipped=0 zeros=311 stuck=372 dropped_delta=0 feature_valid=1 tonalness_valid=1 tonalness_proxy=4.582808 tonal_gate=pending_normal_only
2026-08-16T17:06:47.030+00:00	149.188	CAL 10/10 score=0.00000 nivo=-44.7 dBFS racun=705 ms
2026-08-16T17:06:47.064+00:00	149.219	QUALITY protocol=asd-quality-v1.3.0 phase=CAL_SUMMARY result=OBSERVED loo_mean=248.129486 loo_sd=165.235718 loo_cv=0.665925 loo_range=567.981995 loo_gate=pending_normal_only
2026-08-16T17:06:47.067+00:00	149.219	I (149155) psdlive: --- kalibracija gotova (centar zamrznut) ---
2026-08-16T17:06:47.072+00:00	149.235	I (149155) psdlive: LOO score: mean=248.13 sd=165.24 min=77.75 max=645.74
2026-08-16T17:06:47.077+00:00	149.235	I (149165) psdlive: referentni nivo masine: -44.88 dBFS (gate prisustva -55.88 dBFS)
2026-08-16T17:06:47.081+00:00	149.235	LOOALL 645.735 291.587 177.748 164.135 77.753 91.096 175.557 226.579 366.677 264.428
2026-08-16T17:06:47.087+00:00	149.250	I (149175) psdlive: PRAG = 743.84 (p90 dao 394.58, sredina+3sd dao 743.84), alarm poslije 3 uzastopna prozora, gasi se ispod 520.69
2026-08-16T17:06:47.096+00:00	149.250	ADAPTTHR n=10 mean=248.129486 sd=165.235718 k=0 theta=0 p=0.9000 thr=743.83667 lo=0.000000 factory=0.000000
2026-08-16T17:06:47.102+00:00	149.266	I (149205) psdlive: racun po klipu: 705 ms (rezerva 14.2x), dropped=474112
2026-08-16T17:06:47.113+00:00	149.266	PRESENCE protocol=asd-quality-v1.3.0 level_mean_dbfs=-44.8751259 margin_db=11 gate_dbfs=-55.8751259 min_consecutive=3
2026-08-16T17:06:47.126+00:00	149.282	TEMPORAL protocol=asd-quality-v1.3.0 policy=asd-temporal-policy-v1.0.0 min_consecutive=3 ewma_alpha=0 enter_scale=1 exit_scale=0.699999988 fast_scale=0
2026-08-16T17:06:47.134+00:00	149.297	STATE protocol=asd-quality-v1.3.0 from=NO_MACHINE to=CALIBRATED_NORMAL reason=CALIBRATION_ACCEPTED
2026-08-16T17:06:47.149+00:00	149.313	EVENT protocol=asd-quality-v1.3.0 type=CALIBRATION_ACCEPTED state=CALIBRATED_NORMAL phase=CAL reason=QUALITY_OK event=NONE capability=AVAILABLE level=DEVIATION
2026-08-16T17:06:47.160+00:00	149.313	FLAGS protocol=asd-quality-v1.3.0 mode=READY state=CALIBRATED_NORMAL waiting=0 learning=0 learned=1 anomaly=0 fault=0 green=on red=off
2026-08-16T17:06:47.166+00:00	149.329	I (149265) psdlive: LAMPICA STALNO SVIJETLI = ucenje gotovo, nadzirem
2026-08-16T17:06:47.179+00:00	149.344	I (149275) psdlive: --- DETEKCIJA RADI. Sada izazovi kvar. ---
2026-08-16T17:06:47.182+00:00	149.344	I (149275) psdlive: zelena LED (GPIO2) svijetli = normalno; crvena (GPIO11) = ALARM
2026-08-16T17:06:52.138+00:00	154.297	FLAGS protocol=asd-quality-v1.3.0 mode=READY state=CALIBRATED_NORMAL waiting=0 learning=0 learned=1 anomaly=0 fault=0 green=on red=off
2026-08-16T17:06:57.001+00:00	159.157	QUALITY protocol=asd-quality-v1.3.0 phase=DET index=1 total=0 result=OK metrics_valid=1 samples=159744 expected=159744 rms_dbfs=-44.572 dc=-0.450 peak=683 clipped=0 zeros=299 stuck=358 dropped_delta=0 feature_valid=1 tonalness_valid=1 tonalness_proxy=4.558857 tonal_gate=pending_normal_only
2026-08-16T17:06:57.008+00:00	159.172	DET 1 score=248.269562 lo=0 hi=743.83667 led=1 anom=0 total_anom=0 normal (uzastopnih=0 nivo=-44.6 dBFS racun=705 ms)
2026-08-16T17:06:57.136+00:00	159.297	FLAGS protocol=asd-quality-v1.3.0 mode=READY state=CALIBRATED_NORMAL waiting=0 learning=0 learned=1 anomaly=0 fault=0 green=on red=off
2026-08-16T17:07:02.137+00:00	164.297	FLAGS protocol=asd-quality-v1.3.0 mode=READY state=CALIBRATED_NORMAL waiting=0 learning=0 learned=1 anomaly=0 fault=0 green=on red=off
2026-08-16T17:07:06.974+00:00	169.141	QUALITY protocol=asd-quality-v1.3.0 phase=DET index=2 total=0 result=OK metrics_valid=1 samples=159744 expected=159744 rms_dbfs=-45.058 dc=-0.436 peak=605 clipped=0 zeros=279 stuck=439 dropped_delta=0 feature_valid=1 tonalness_valid=1 tonalness_proxy=4.505569 tonal_gate=pending_normal_only
2026-08-16T17:07:06.983+00:00	169.141	DET 2 score=2472.75024 lo=0 hi=743.83667 led=1 anom=0 total_anom=0 iznad praga (uzastopnih=1 nivo=-45.1 dBFS racun=705 ms)
2026-08-16T17:07:07.138+00:00	169.297	FLAGS protocol=asd-quality-v1.3.0 mode=READY state=CALIBRATED_NORMAL waiting=0 learning=0 learned=1 anomaly=0 fault=0 green=on red=off
2026-08-16T17:07:12.136+00:00	174.297	FLAGS protocol=asd-quality-v1.3.0 mode=READY state=CALIBRATED_NORMAL waiting=0 learning=0 learned=1 anomaly=0 fault=0 green=on red=off
2026-08-16T17:07:16.949+00:00	179.110	QUALITY protocol=asd-quality-v1.3.0 phase=DET index=3 total=0 result=OK metrics_valid=1 samples=159744 expected=159744 rms_dbfs=-45.193 dc=-0.437 peak=700 clipped=0 zeros=277 stuck=467 dropped_delta=0 feature_valid=1 tonalness_valid=1 tonalness_proxy=4.466114 tonal_gate=pending_normal_only
2026-08-16T17:07:16.957+00:00	179.110	DET 3 score=2017.72058 lo=0 hi=743.83667 led=1 anom=0 total_anom=0 iznad praga (uzastopnih=2 nivo=-45.2 dBFS racun=705 ms)
2026-08-16T17:07:17.136+00:00	179.297	FLAGS protocol=asd-quality-v1.3.0 mode=READY state=CALIBRATED_NORMAL waiting=0 learning=0 learned=1 anomaly=0 fault=0 green=on red=off
2026-08-16T17:07:17.706+00:00	179.860	VBUTTON protocol=asd-quality-v1.3.0 source=console event=NONE result=unknown_command
2026-08-16T17:07:22.137+00:00	184.297	FLAGS protocol=asd-quality-v1.3.0 mode=READY state=CALIBRATED_NORMAL waiting=0 learning=0 learned=1 anomaly=0 fault=0 green=on red=off
2026-08-16T17:07:26.925+00:00	189.079	QUALITY protocol=asd-quality-v1.3.0 phase=DET index=4 total=0 result=OK metrics_valid=1 samples=159744 expected=159744 rms_dbfs=-45.156 dc=-0.436 peak=583 clipped=0 zeros=284 stuck=404 dropped_delta=0 feature_valid=1 tonalness_valid=1 tonalness_proxy=4.548863 tonal_gate=pending_normal_only
2026-08-16T17:07:26.931+00:00	189.094	DET 4 score=192.36853 lo=0 hi=743.83667 led=1 anom=0 total_anom=0 normal (uzastopnih=0 nivo=-45.2 dBFS racun=705 ms)
2026-08-16T17:07:27.137+00:00	189.297	FLAGS protocol=asd-quality-v1.3.0 mode=READY state=CALIBRATED_NORMAL waiting=0 learning=0 learned=1 anomaly=0 fault=0 green=on red=off
2026-08-16T17:07:32.137+00:00	194.297	FLAGS protocol=asd-quality-v1.3.0 mode=READY state=CALIBRATED_NORMAL waiting=0 learning=0 learned=1 anomaly=0 fault=0 green=on red=off
2026-08-16T17:07:36.961+00:00	199.125	QUALITY protocol=asd-quality-v1.3.0 phase=DET index=5 total=0 result=OK metrics_valid=1 samples=159744 expected=159744 rms_dbfs=-45.159 dc=-0.514 peak=632 clipped=0 zeros=247 stuck=472 dropped_delta=0 feature_valid=1 tonalness_valid=1 tonalness_proxy=4.461828 tonal_gate=pending_normal_only
2026-08-16T17:07:36.970+00:00	199.125	DET 5 score=2052.84888 lo=0 hi=743.83667 led=1 anom=0 total_anom=0 iznad praga (uzastopnih=1 nivo=-45.2 dBFS racun=705 ms)
2026-08-16T17:07:37.137+00:00	199.297	FLAGS protocol=asd-quality-v1.3.0 mode=READY state=CALIBRATED_NORMAL waiting=0 learning=0 learned=1 anomaly=0 fault=0 green=on red=off
2026-08-16T17:07:42.136+00:00	204.297	FLAGS protocol=asd-quality-v1.3.0 mode=READY state=CALIBRATED_NORMAL waiting=0 learning=0 learned=1 anomaly=0 fault=0 green=on red=off
2026-08-16T17:07:46.935+00:00	209.094	QUALITY protocol=asd-quality-v1.3.0 phase=DET index=6 total=0 result=OK metrics_valid=1 samples=159744 expected=159744 rms_dbfs=-45.103 dc=-0.522 peak=553 clipped=0 zeros=259 stuck=500 dropped_delta=0 feature_valid=1 tonalness_valid=1 tonalness_proxy=4.595594 tonal_gate=pending_normal_only
2026-08-16T17:07:46.944+00:00	209.110	DET 6 score=280.223755 lo=0 hi=743.83667 led=1 anom=0 total_anom=0 normal (uzastopnih=0 nivo=-45.1 dBFS racun=705 ms)
2026-08-16T17:07:47.137+00:00	209.297	FLAGS protocol=asd-quality-v1.3.0 mode=READY state=CALIBRATED_NORMAL waiting=0 learning=0 learned=1 anomaly=0 fault=0 green=on red=off
2026-08-16T17:07:52.137+00:00	214.297	FLAGS protocol=asd-quality-v1.3.0 mode=READY state=CALIBRATED_NORMAL waiting=0 learning=0 learned=1 anomaly=0 fault=0 green=on red=off
2026-08-16T17:07:56.910+00:00	219.063	QUALITY protocol=asd-quality-v1.3.0 phase=DET index=7 total=0 result=OK metrics_valid=1 samples=159744 expected=159744 rms_dbfs=-45.079 dc=-0.339 peak=588 clipped=0 zeros=298 stuck=494 dropped_delta=0 feature_valid=1 tonalness_valid=1 tonalness_proxy=4.574761 tonal_gate=pending_normal_only
2026-08-16T17:07:56.918+00:00	219.079	DET 7 score=137.723907 lo=0 hi=743.83667 led=1 anom=0 total_anom=0 normal (uzastopnih=0 nivo=-45.1 dBFS racun=705 ms)
2026-08-16T17:07:57.137+00:00	219.297	FLAGS protocol=asd-quality-v1.3.0 mode=READY state=CALIBRATED_NORMAL waiting=0 learning=0 learned=1 anomaly=0 fault=0 green=on red=off
2026-08-16T17:08:00.385+00:00	222.547	VBUTTON protocol=asd-quality-v1.3.0 source=console event=NONE result=unknown_command
2026-08-16T17:08:02.137+00:00	224.297	FLAGS protocol=asd-quality-v1.3.0 mode=READY state=CALIBRATED_NORMAL waiting=0 learning=0 learned=1 anomaly=0 fault=0 green=on red=off
2026-08-16T17:08:06.884+00:00	229.047	QUALITY protocol=asd-quality-v1.3.0 phase=DET index=8 total=0 result=OK metrics_valid=1 samples=159744 expected=159744 rms_dbfs=-45.173 dc=-0.501 peak=551 clipped=0 zeros=255 stuck=437 dropped_delta=0 feature_valid=1 tonalness_valid=1 tonalness_proxy=4.564385 tonal_gate=pending_normal_only
2026-08-16T17:08:06.892+00:00	229.047	DET 8 score=483.404327 lo=0 hi=743.83667 led=1 anom=0 total_anom=0 normal (uzastopnih=0 nivo=-45.2 dBFS racun=705 ms)
2026-08-16T17:08:07.138+00:00	229.297	FLAGS protocol=asd-quality-v1.3.0 mode=READY state=CALIBRATED_NORMAL waiting=0 learning=0 learned=1 anomaly=0 fault=0 green=on red=off
2026-08-16T17:08:12.137+00:00	234.297	FLAGS protocol=asd-quality-v1.3.0 mode=READY state=CALIBRATED_NORMAL waiting=0 learning=0 learned=1 anomaly=0 fault=0 green=on red=off
2026-08-16T17:08:16.859+00:00	239.016	QUALITY protocol=asd-quality-v1.3.0 phase=DET index=9 total=0 result=OK metrics_valid=1 samples=159744 expected=159744 rms_dbfs=-45.226 dc=-0.528 peak=567 clipped=0 zeros=261 stuck=442 dropped_delta=0 feature_valid=1 tonalness_valid=1 tonalness_proxy=4.507425 tonal_gate=pending_normal_only
2026-08-16T17:08:16.866+00:00	239.032	DET 9 score=498.101257 lo=0 hi=743.83667 led=1 anom=0 total_anom=0 normal (uzastopnih=0 nivo=-45.2 dBFS racun=705 ms)
2026-08-16T17:08:17.136+00:00	239.297	FLAGS protocol=asd-quality-v1.3.0 mode=READY state=CALIBRATED_NORMAL waiting=0 learning=0 learned=1 anomaly=0 fault=0 green=on red=off
2026-08-16T17:08:22.137+00:00	244.297	FLAGS protocol=asd-quality-v1.3.0 mode=READY state=CALIBRATED_NORMAL waiting=0 learning=0 learned=1 anomaly=0 fault=0 green=on red=off
2026-08-16T17:08:26.832+00:00	248.985	QUALITY protocol=asd-quality-v1.3.0 phase=DET index=10 total=0 result=OK metrics_valid=1 samples=159744 expected=159744 rms_dbfs=-45.180 dc=-0.498 peak=547 clipped=0 zeros=287 stuck=524 dropped_delta=0 feature_valid=1 tonalness_valid=1 tonalness_proxy=4.572397 tonal_gate=pending_normal_only
2026-08-16T17:08:26.841+00:00	249.000	DET 10 score=125.274345 lo=0 hi=743.83667 led=1 anom=0 total_anom=0 normal (uzastopnih=0 nivo=-45.2 dBFS racun=705 ms)
2026-08-16T17:08:27.138+00:00	249.297	FLAGS protocol=asd-quality-v1.3.0 mode=READY state=CALIBRATED_NORMAL waiting=0 learning=0 learned=1 anomaly=0 fault=0 green=on red=off
2026-08-16T17:08:32.136+00:00	254.297	FLAGS protocol=asd-quality-v1.3.0 mode=READY state=CALIBRATED_NORMAL waiting=0 learning=0 learned=1 anomaly=0 fault=0 green=on red=off
2026-08-16T17:08:36.806+00:00	258.969	QUALITY protocol=asd-quality-v1.3.0 phase=DET index=11 total=0 result=OK metrics_valid=1 samples=159744 expected=159744 rms_dbfs=-45.176 dc=-0.449 peak=546 clipped=0 zeros=217 stuck=496 dropped_delta=0 feature_valid=1 tonalness_valid=1 tonalness_proxy=4.548172 tonal_gate=pending_normal_only
2026-08-16T17:08:36.815+00:00	258.969	DET 11 score=312.526459 lo=0 hi=743.83667 led=1 anom=0 total_anom=0 normal (uzastopnih=0 nivo=-45.2 dBFS racun=705 ms)
2026-08-16T17:08:37.138+00:00	259.297	FLAGS protocol=asd-quality-v1.3.0 mode=READY state=CALIBRATED_NORMAL waiting=0 learning=0 learned=1 anomaly=0 fault=0 green=on red=off
2026-08-16T17:08:42.136+00:00	264.297	FLAGS protocol=asd-quality-v1.3.0 mode=READY state=CALIBRATED_NORMAL waiting=0 learning=0 learned=1 anomaly=0 fault=0 green=on red=off
2026-08-16T17:08:46.844+00:00	269.000	QUALITY protocol=asd-quality-v1.3.0 phase=DET index=12 total=0 result=OK metrics_valid=1 samples=159744 expected=159744 rms_dbfs=-45.038 dc=-0.519 peak=571 clipped=0 zeros=255 stuck=396 dropped_delta=0 feature_valid=1 tonalness_valid=1 tonalness_proxy=4.584589 tonal_gate=pending_normal_only
2026-08-16T17:08:46.854+00:00	269.016	DET 12 score=565.703308 lo=0 hi=743.83667 led=1 anom=0 total_anom=0 normal (uzastopnih=0 nivo=-45.0 dBFS racun=705 ms)
2026-08-16T17:08:47.138+00:00	269.297	FLAGS protocol=asd-quality-v1.3.0 mode=READY state=CALIBRATED_NORMAL waiting=0 learning=0 learned=1 anomaly=0 fault=0 green=on red=off
2026-08-16T17:08:52.136+00:00	274.297	FLAGS protocol=asd-quality-v1.3.0 mode=READY state=CALIBRATED_NORMAL waiting=0 learning=0 learned=1 anomaly=0 fault=0 green=on red=off
2026-08-16T17:08:56.819+00:00	278.985	QUALITY protocol=asd-quality-v1.3.0 phase=DET index=13 total=0 result=OK metrics_valid=1 samples=159744 expected=159744 rms_dbfs=-45.082 dc=-0.484 peak=620 clipped=0 zeros=225 stuck=384 dropped_delta=0 feature_valid=1 tonalness_valid=1 tonalness_proxy=4.570903 tonal_gate=pending_normal_only
2026-08-16T17:08:56.829+00:00	278.985	DET 13 score=454.055695 lo=0 hi=743.83667 led=1 anom=0 total_anom=0 normal (uzastopnih=0 nivo=-45.1 dBFS racun=705 ms)
2026-08-16T17:08:57.136+00:00	279.297	FLAGS protocol=asd-quality-v1.3.0 mode=READY state=CALIBRATED_NORMAL waiting=0 learning=0 learned=1 anomaly=0 fault=0 green=on red=off
2026-08-16T17:08:59.425+00:00	281.579	VBUTTON protocol=asd-quality-v1.3.0 source=console event=NONE result=unknown_command
2026-08-16T17:09:02.137+00:00	284.297	FLAGS protocol=asd-quality-v1.3.0 mode=READY state=CALIBRATED_NORMAL waiting=0 learning=0 learned=1 anomaly=0 fault=0 green=on red=off
2026-08-16T17:09:06.793+00:00	288.954	QUALITY protocol=asd-quality-v1.3.0 phase=DET index=14 total=0 result=OK metrics_valid=1 samples=159744 expected=159744 rms_dbfs=-45.110 dc=-0.458 peak=593 clipped=0 zeros=258 stuck=410 dropped_delta=0 feature_valid=1 tonalness_valid=1 tonalness_proxy=4.561709 tonal_gate=pending_normal_only
2026-08-16T17:09:06.802+00:00	288.969	DET 14 score=510.530365 lo=0 hi=743.83667 led=1 anom=0 total_anom=0 normal (uzastopnih=0 nivo=-45.1 dBFS racun=705 ms)
2026-08-16T17:09:07.138+00:00	289.297	FLAGS protocol=asd-quality-v1.3.0 mode=READY state=CALIBRATED_NORMAL waiting=0 learning=0 learned=1 anomaly=0 fault=0 green=on red=off
2026-08-16T17:09:09.845+00:00	292.000	VBUTTON protocol=asd-quality-v1.3.0 source=console event=LONG result=accepted
2026-08-16T17:09:09.856+00:00	292.016	BUTTON protocol=asd-quality-v1.3.0 event=LONG mode=READY command=START_LEARNING discards=1
2026-08-16T17:09:12.137+00:00	294.297	FLAGS protocol=asd-quality-v1.3.0 mode=READY state=CALIBRATED_NORMAL waiting=0 learning=0 learned=1 anomaly=0 fault=0 green=on red=off
2026-08-16T17:09:16.767+00:00	298.922	QUALITY protocol=asd-quality-v1.3.0 phase=DET index=15 total=0 result=OK metrics_valid=1 samples=159744 expected=159744 rms_dbfs=-44.994 dc=-0.548 peak=621 clipped=0 zeros=259 stuck=401 dropped_delta=0 feature_valid=1 tonalness_valid=1 tonalness_proxy=4.611438 tonal_gate=pending_normal_only
2026-08-16T17:09:16.777+00:00	298.938	DET 15 score=962.684937 lo=0 hi=743.83667 led=1 anom=0 total_anom=0 iznad praga (uzastopnih=1 nivo=-45.0 dBFS racun=706 ms)
2026-08-16T17:09:16.786+00:00	298.938	SESSION protocol=asd-quality-v1.3.0 action=ABORTED source=BUTTON reason=OPERATOR_RELEARN discards_calibration=1
2026-08-16T17:09:16.791+00:00	298.954	W (298895) psdlive: operater prekinuo nadzor i trazi novo ucenje
2026-08-16T17:09:16.802+00:00	298.969	SESSION protocol=asd-quality-v1.3.0 action=ENDED source=FIRMWARE reason=CALIBRATED_NORMAL discards_calibration=0
